Archive member included to satisfy reference by file (symbol)

c:/st/stm32cubeide_1.8.0/stm32cubeide/plugins/com.st.stm32cube.ide.mcu.externaltools.gnu-tools-for-stm32.9-2020-q2-update.win32_2.0.0.202105311346/tools/bin/../lib/gcc/arm-none-eabi/9.3.1/../../../../arm-none-eabi/lib/thumb/v6-m/nofp\libc_nano.a(lib_a-ctype_.o)
                              ./Core/Src/cli.o (_ctype_)
c:/st/stm32cubeide_1.8.0/stm32cubeide/plugins/com.st.stm32cube.ide.mcu.externaltools.gnu-tools-for-stm32.9-2020-q2-update.win32_2.0.0.202105311346/tools/bin/../lib/gcc/arm-none-eabi/9.3.1/../../../../arm-none-eabi/lib/thumb/v6-m/nofp\libc_nano.a(lib_a-errno.o)
                              ./Core/Src/syscalls.o (__errno)
c:/st/stm32cubeide_1.8.0/stm32cubeide/plugins/com.st.stm32cube.ide.mcu.externaltools.gnu-tools-for-stm32.9-2020-q2-update.win32_2.0.0.202105311346/tools/bin/../lib/gcc/arm-none-eabi/9.3.1/../../../../arm-none-eabi/lib/thumb/v6-m/nofp\libc_nano.a(lib_a-exit.o)
                              c:/st/stm32cubeide_1.8.0/stm32cubeide/plugins/com.st.stm32cube.ide.mcu.externaltools.gnu-tools-for-stm32.9-2020-q2-update.win32_2.0.0.202105311346/tools/bin/../lib/gcc/arm-none-eabi/9.3.1/../../../../arm-none-eabi/lib/thumb/v6-m/nofp/crt0.o (exit)
c:/st/stm32cubeide_1.8.0/stm32cubeide/plugins/com.st.stm32cube.ide.mcu.externaltools.gnu-tools-for-stm32.9-2020-q2-update.win32_2.0.0.202105311346/tools/bin/../lib/gcc/arm-none-eabi/9.3.1/../../../../arm-none-eabi/lib/thumb/v6-m/nofp\libc_nano.a(lib_a-impure.o)
                              c:/st/stm32cubeide_1.8.0/stm32cubeide/plugins/com.st.stm32cube.ide.mcu.externaltools.gnu-tools-for-stm32.9-2020-q2-update.win32_2.0.0.202105311346/tools/bin/../lib/gcc/arm-none-eabi/9.3.1/../../../../arm-none-eabi/lib/thumb/v6-m/nofp\libc_nano.a(lib_a-exit.o) (_global_impure_ptr)
c:/st/stm32cubeide_1.8.0/stm32cubeide/plugins/com.st.stm32cube.ide.mcu.externaltools.gnu-tools-for-stm32.9-2020-q2-update.win32_2.0.0.202105311346/tools/bin/../lib/gcc/arm-none-eabi/9.3.1/../../../../arm-none-eabi/lib/thumb/v6-m/nofp\libc_nano.a(lib_a-init.o)
                              c:/st/stm32cubeide_1.8.0/stm32cubeide/plugins/com.st.stm32cube.ide.mcu.externaltools.gnu-tools-for-stm32.9-2020-q2-update.win32_2.0.0.202105311346/tools/bin/../lib/gcc/arm-none-eabi/9.3.1/../../../../arm-none-eabi/lib/thumb/v6-m/nofp/crt0.o (__libc_init_array)
c:/st/stm32cubeide_1.8.0/stm32cubeide/plugins/com.st.stm32cube.ide.mcu.externaltools.gnu-tools-for-stm32.9-2020-q2-update.win32_2.0.0.202105311346/tools/bin/../lib/gcc/arm-none-eabi/9.3.1/../../../../arm-none-eabi/lib/thumb/v6-m/nofp\libc_nano.a(lib_a-memcpy-stub.o)
                              ./Core/Src/I2C.o (memcpy)
c:/st/stm32cubeide_1.8.0/stm32cubeide/plugins/com.st.stm32cube.ide.mcu.externaltools.gnu-tools-for-stm32.9-2020-q2-update.win32_2.0.0.202105311346/tools/bin/../lib/gcc/arm-none-eabi/9.3.1/../../../../arm-none-eabi/lib/thumb/v6-m/nofp\libc_nano.a(lib_a-memset.o)
                              c:/st/stm32cubeide_1.8.0/stm32cubeide/plugins/com.st.stm32cube.ide.mcu.externaltools.gnu-tools-for-stm32.9-2020-q2-update.win32_2.0.0.202105311346/tools/bin/../lib/gcc/arm-none-eabi/9.3.1/../../../../arm-none-eabi/lib/thumb/v6-m/nofp/crt0.o (memset)
c:/st/stm32cubeide_1.8.0/stm32cubeide/plugins/com.st.stm32cube.ide.mcu.externaltools.gnu-tools-for-stm32.9-2020-q2-update.win32_2.0.0.202105311346/tools/bin/../lib/gcc/arm-none-eabi/9.3.1/../../../../arm-none-eabi/lib/thumb/v6-m/nofp\libc_nano.a(lib_a-sprintf.o)
                              ./Core/Src/I2C.o (sprintf)
c:/st/stm32cubeide_1.8.0/stm32cubeide/plugins/com.st.stm32cube.ide.mcu.externaltools.gnu-tools-for-stm32.9-2020-q2-update.win32_2.0.0.202105311346/tools/bin/../lib/gcc/arm-none-eabi/9.3.1/../../../../arm-none-eabi/lib/thumb/v6-m/nofp\libc_nano.a(lib_a-sscanf.o)
                              ./Core/Src/cli.o (sscanf)
c:/st/stm32cubeide_1.8.0/stm32cubeide/plugins/com.st.stm32cube.ide.mcu.externaltools.gnu-tools-for-stm32.9-2020-q2-update.win32_2.0.0.202105311346/tools/bin/../lib/gcc/arm-none-eabi/9.3.1/../../../../arm-none-eabi/lib/thumb/v6-m/nofp\libc_nano.a(lib_a-stdio.o)
                              c:/st/stm32cubeide_1.8.0/stm32cubeide/plugins/com.st.stm32cube.ide.mcu.externaltools.gnu-tools-for-stm32.9-2020-q2-update.win32_2.0.0.202105311346/tools/bin/../lib/gcc/arm-none-eabi/9.3.1/../../../../arm-none-eabi/lib/thumb/v6-m/nofp\libc_nano.a(lib_a-sscanf.o) (__seofread)
c:/st/stm32cubeide_1.8.0/stm32cubeide/plugins/com.st.stm32cube.ide.mcu.externaltools.gnu-tools-for-stm32.9-2020-q2-update.win32_2.0.0.202105311346/tools/bin/../lib/gcc/arm-none-eabi/9.3.1/../../../../arm-none-eabi/lib/thumb/v6-m/nofp\libc_nano.a(lib_a-strlen.o)
                              ./Core/Src/arducam.o (strlen)
[...]
Memory Configuration

Name             Origin             Length             Attributes
RAM              0x0000000020000000 0x0000000000005000 xrw
FLASH            0x0000000008000000 0x0000000000010000 xr
*default*        0x0000000000000000 0xffffffffffffffff

Linker script and memory map

LOAD c:/st/stm32cubeide_1.8.0/stm32cubeide/plugins/com.st.stm32cube.ide.mcu.externaltools.gnu-tools-for-stm32.9-2020-q2-update.win32_2.0.0.202105311346/tools/bin/../lib/gcc/arm-none-eabi/9.3.1/thumb/v6-m/nofp/crti.o
LOAD c:/st/stm32cubeide_1.8.0/stm32cubeide/plugins/com.st.stm32cube.ide.mcu.externaltools.gnu-tools-for-stm32.9-2020-q2-update.win32_2.0.0.202105311346/tools/bin/../lib/gcc/arm-none-eabi/9.3.1/thumb/v6-m/nofp/crtbegin.o
LOAD c:/st/stm32cubeide_1.8.0/stm32cubeide/plugins/com.st.stm32cube.ide.mcu.externaltools.gnu-tools-for-stm32.9-2020-q2-update.win32_2.0.0.202105311346/tools/bin/../lib/gcc/arm-none-eabi/9.3.1/../../../../arm-none-eabi/lib/thumb/v6-m/nofp/crt0.o
LOAD ./Core/Src/I2C.o
LOAD ./Core/Src/arducam.o
LOAD ./Core/Src/cli.o
LOAD ./Core/Src/main.o
LOAD ./Core/Src/nand_m79a.o
LOAD ./Core/Src/nand_m79a_lld.o
LOAD ./Core/Src/nand_spi.o
LOAD ./Core/Src/printf.o
LOAD ./Core/Src/spi_bitbang.o
LOAD ./Core/Src/stm32l0xx_hal_msp.o
LOAD ./Core/Src/stm32l0xx_it.o
LOAD ./Core/Src/syscalls.o
LOAD ./Core/Src/sysmem.o
LOAD ./Core/Src/system_stm32l0xx.o
LOAD ./Core/Startup/startup_stm32l071c8tx.o
LOAD ./Drivers/STM32L0xx_HAL_Driver/Src/stm32l0xx_hal.o
LOAD ./Drivers/STM32L0xx_HAL_Driver/Src/stm32l0xx_hal_cortex.o
LOAD ./Drivers/STM32L0xx_HAL_Driver/Src/stm32l0xx_hal_dma.o
LOAD ./Drivers/STM32L0xx_HAL_Driver/Src/stm32l0xx_hal_exti.o
LOAD ./Drivers/STM32L0xx_HAL_Driver/Src/stm32l0xx_hal_flash.o
LOAD ./Drivers/STM32L0xx_HAL_Driver/Src/stm32l0xx_hal_flash_ex.o
LOAD ./Drivers/STM32L0xx_HAL_Driver/Src/stm32l0xx_hal_flash_ramfunc.o
LOAD ./Drivers/STM32L0xx_HAL_Driver/Src/stm32l0xx_hal_gpio.o
LOAD ./Drivers/STM32L0xx_HAL_Driver/Src/stm32l0xx_hal_i2c.o
LOAD ./Drivers/STM32L0xx_HAL_Driver/Src/stm32l0xx_hal_i2c_ex.o
LOAD ./Drivers/STM32L0xx_HAL_Driver/Src/stm32l0xx_hal_pwr.o
LOAD ./Drivers/STM32L0xx_HAL_Driver/Src/stm32l0xx_hal_pwr_ex.o
LOAD ./Drivers/STM32L0xx_HAL_Driver/Src/stm32l0xx_hal_rcc.o
LOAD ./Drivers/STM32L0xx_HAL_Driver/Src/stm32l0xx_hal_rcc_ex.o
LOAD ./Drivers/STM32L0xx_HAL_Driver/Src/stm32l0xx_hal_spi.o
LOAD ./Drivers/STM32L0xx_HAL_Driver/Src/stm32l0xx_hal_tim.o
LOAD ./Drivers/STM32L0xx_HAL_Driver/Src/stm32l0xx_hal_tim_ex.o
LOAD ./Drivers/STM32L0xx_HAL_Driver/Src/stm32l0xx_hal_uart.o
LOAD ./Drivers/STM32L0xx_HAL_Driver/Src/stm32l0xx_hal_uart_ex.o
START GROUP
LOAD c:/st/stm32cubeide_1.8.0/stm32cubeide/plugins/com.st.stm32cube.ide.mcu.externaltools.gnu-tools-for-stm32.9-2020-q2-update.win32_2.0.0.202105311346/tools/bin/../lib/gcc/arm-none-eabi/9.3.1/../../../../arm-none-eabi/lib/thumb/v6-m/nofp\libc_nano.a
LOAD c:/st/stm32cubeide_1.8.0/stm32cubeide/plugins/com.st.stm32cube.ide.mcu.externaltools.gnu-tools-for-stm32.9-2020-q2-update.win32_2.0.0.202105311346/tools/bin/../lib/gcc/arm-none-eabi/9.3.1/../../../../arm-none-eabi/lib/thumb/v6-m/nofp\libm.a
END GROUP
START GROUP
LOAD c:/st/stm32cubeide_1.8.0/stm32cubeide/plugins/com.st.stm32cube.ide.mcu.externaltools.gnu-tools-for-stm32.9-2020-q2-update.win32_2.0.0.202105311346/tools/bin/../lib/gcc/arm-none-eabi/9.3.1/thumb/v6-m/nofp\libgcc.a
LOAD c:/st/stm32cubeide_1.8.0/stm32cubeide/plugins/com.st.stm32cube.ide.mcu.externaltools.gnu-tools-for-stm32.9-2020-q2-update.win32_2.0.0.202105311346/tools/bin/../lib/gcc/arm-none-eabi/9.3.1/../../../../arm-none-eabi/lib/thumb/v6-m/nofp\libc_nano.a
END GROUP
START GROUP
LOAD c:/st/stm32cubeide_1.8.0/stm32cubeide/plugins/com.st.stm32cube.ide.mcu.externaltools.gnu-tools-for-stm32.9-2020-q2-update.win32_2.0.0.202105311346/tools/bin/../lib/gcc/arm-none-eabi/9.3.1/thumb/v6-m/nofp\libgcc.a
LOAD c:/st/stm32cubeide_1.8.0/stm32cubeide/plugins/com.st.stm32cube.ide.mcu.externaltools.gnu-tools-for-stm32.9-2020-q2-update.win32_2.0.0.202105311346/tools/bin/../lib/gcc/arm-none-eabi/9.3.1/../../../../arm-none-eabi/lib/thumb/v6-m/nofp\libc_nano.a
LOAD c:/st/stm32cubeide_1.8.0/stm32cubeide/plugins/com.st.stm32cube.ide.mcu.externaltools.gnu-tools-for-stm32.9-2020-q2-update.win32_2.0.0.202105311346/tools/bin/../lib/gcc/arm-none-eabi/9.3.1/../../../../arm-none-eabi/lib/thumb/v6-m/nofp\libnosys.a
END GROUP
START GROUP
LOAD c:/st/stm32cubeide_1.8.0/stm32cubeide/plugins/com.st.stm32cube.ide.mcu.externaltools.gnu-tools-for-stm32.9-2020-q2-update.win32_2.0.0.202105311346/tools/bin/../lib/gcc/arm-none-eabi/9.3.1/thumb/v6-m/nofp\libgcc.a
LOAD c:/st/stm32cubeide_1.8.0/stm32cubeide/plugins/com.st.stm32cube.ide.mcu.externaltools.gnu-tools-for-stm32.9-2020-q2-update.win32_2.0.0.202105311346/tools/bin/../lib/gcc/arm-none-eabi/9.3.1/../../../../arm-none-eabi/lib/thumb/v6-m/nofp\libc_nano.a
LOAD c:/st/stm32cubeide_1.8.0/stm32cubeide/plugins/com.st.stm32cube.ide.mcu.externaltools.gnu-tools-for-stm32.9-2020-q2-update.win32_2.0.0.202105311346/tools/bin/../lib/gcc/arm-none-eabi/9.3.1/../../../../arm-none-eabi/lib/thumb/v6-m/nofp\libnosys.a
END GROUP
LOAD c:/st/stm32cubeide_1.8.0/stm32cubeide/plugins/com.st.stm32cube.ide.mcu.externaltools.gnu-tools-for-stm32.9-2020-q2-update.win32_2.0.0.202105311346/tools/bin/../lib/gcc/arm-none-eabi/9.3.1/thumb/v6-m/nofp/crtend.o
LOAD c:/st/stm32cubeide_1.8.0/stm32cubeide/plugins/com.st.stm32cube.ide.mcu.externaltools.gnu-tools-for-stm32.9-2020-q2-update.win32_2.0.0.202105311346/tools/bin/../lib/gcc/arm-none-eabi/9.3.1/thumb/v6-m/nofp/crtn.o
                0x0000000020005000                _estack = (ORIGIN (RAM) + LENGTH (RAM))
                0x0000000000000200                _Min_Heap_Size = 0x200
                0x0000000000000400                _Min_Stack_Size = 0x400

.isr_vector     0x0000000008000000       0xc0
                0x0000000008000000                . = ALIGN (0x4)
 *(.isr_vector)
 .isr_vector    0x0000000008000000       0xc0 ./Core/Startup/startup_stm32l071c8tx.o
                0x0000000008000000                g_pfnVectors
                0x00000000080000c0                . = ALIGN (0x4)

.text           0x00000000080000c0     0x7a84
                0x00000000080000c0                . = ALIGN (0x4)
 *(.text)
 .text          0x00000000080000c0       0x48 c:/st/stm32cubeide_1.8.0/stm32cubeide/plugins/com.st.stm32cube.ide.mcu.externaltools.gnu-tools-for-stm32.9-2020-q2-update.win32_2.0.0.202105311346/tools/bin/../lib/gcc/arm-none-eabi/9.3.1/thumb/v6-m/nofp/crtbegin.o
 .text          0x0000000008000108        0xe c:/st/stm32cubeide_1.8.0/stm32cubeide/plugins/com.st.stm32cube.ide.mcu.externaltools.gnu-tools-for-stm32.9-2020-q2-update.win32_2.0.0.202105311346/tools/bin/../lib/gcc/arm-none-eabi/9.3.1/../../../../arm-none-eabi/lib/thumb/v6-m/nofp\libc_nano.a(lib_a-strlen.o)
                0x0000000008000108                strlen
 *fill*         0x0000000008000116        0x2 
 .text          0x0000000008000118       0x14 c:/st/stm32cubeide_1.8.0/stm32cubeide/plugins/com.st.stm32cube.ide.mcu.externaltools.gnu-tools-for-stm32.9-2020-q2-update.win32_2.0.0.202105311346/tools/bin/../lib/gcc/arm-none-eabi/9.3.1/thumb/v6-m/nofp\libgcc.a(_thumb1_case_shi.o)
                0x0000000008000118                __gnu_thumb1_case_shi
 .text          0x000000000800012c      0x114 c:/st/stm32cubeide_1.8.0/stm32cubeide/plugins/com.st.stm32cube.ide.mcu.externaltools.gnu-tools-for-stm32.9-2020-q2-update.win32_2.0.0.202105311346/tools/bin/../lib/gcc/arm-none-eabi/9.3.1/thumb/v6-m/nofp\libgcc.a(_udivsi3.o)
                0x000000000800012c                __aeabi_uidiv
                0x000000000800012c                __udivsi3
                0x0000000008000238                __aeabi_uidivmod
 .text          0x0000000008000240        0x4 c:/st/stm32cubeide_1.8.0/stm32cubeide/plugins/com.st.stm32cube.ide.mcu.externaltools.gnu-tools-for-stm32.9-2020-q2-update.win32_2.0.0.202105311346/tools/bin/../lib/gcc/arm-none-eabi/9.3.1/thumb/v6-m/nofp\libgcc.a(_dvmd_tls.o)
                0x0000000008000240                __aeabi_idiv0
                0x0000000008000240                __aeabi_ldiv0
 .text          0x0000000008000244       0x40 c:/st/stm32cubeide_1.8.0/stm32cubeide/plugins/com.st.stm32cube.ide.mcu.externaltools.gnu-tools-for-stm32.9-2020-q2-update.win32_2.0.0.202105311346/tools/bin/../lib/gcc/arm-none-eabi/9.3.1/thumb/v6-m/nofp\libgcc.a(_aeabi_uldivmod.o)
                0x0000000008000244                __aeabi_uldivmod
 .text          0x0000000008000284       0x50 c:/st/stm32cubeide_1.8.0/stm32cubeide/plugins/com.st.stm32cube.ide.mcu.externaltools.gnu-tools-for-stm32.9-2020-q2-update.win32_2.0.0.202105311346/tools/bin/../lib/gcc/arm-none-eabi/9.3.1/thumb/v6-m/nofp\libgcc.a(_muldi3.o)
                0x0000000008000284                __muldi3
                0x0000000008000284                __aeabi_lmul
 .text          0x00000000080002d4      0x198 c:/st/stm32cubeide_1.8.0/stm32cubeide/plugins/com.st.stm32cube.ide.mcu.externaltools.gnu-tools-for-stm32.9-2020-q2-update.win32_2.0.0.202105311346/tools/bin/../lib/gcc/arm-none-eabi/9.3.1/thumb/v6-m/nofp\libgcc.a(_udivmoddi4.o)
                0x00000000080002d4                __udivmoddi4
 .text          0x000000000800046c       0x3c c:/st/stm32cubeide_1.8.0/stm32cubeide/plugins/com.st.stm32cube.ide.mcu.externaltools.gnu-tools-for-stm32.9-2020-q2-update.win32_2.0.0.202105311346/tools/bin/../lib/gcc/arm-none-eabi/9.3.1/thumb/v6-m/nofp\libgcc.a(_clzsi2.o)
                0x000000000800046c                __clzsi2
 .text          0x00000000080004a8       0x18 c:/st/stm32cubeide_1.8.0/stm32cubeide/plugins/com.st.stm32cube.ide.mcu.externaltools.gnu-tools-for-stm32.9-2020-q2-update.win32_2.0.0.202105311346/tools/bin/../lib/gcc/arm-none-eabi/9.3.1/thumb/v6-m/nofp\libgcc.a(_clzdi2.o)
                0x00000000080004a8                __clzdi2
 *(.text*)
 .text.wrSensorReg16_8
                0x00000000080004c0       0xc0 ./Core/Src/I2C.o
                0x00000000080004c0                wrSensorReg16_8
 .text.wrSensorRegs16_8
                0x0000000008000580       0x4c ./Core/Src/I2C.o
                0x0000000008000580                wrSensorRegs16_8
 .text.rdSensorReg16_8
                0x00000000080005cc       0xa4 ./Core/Src/I2C.o
                0x00000000080005cc                rdSensorReg16_8
 .text.DBG_PUT  0x0000000008000670       0x2c ./Core/Src/arducam.o
 .text.arducam_delay_ms
                0x000000000800069c       0x18 ./Core/Src/arducam.o
                0x000000000800069c                arducam_delay_ms
 .text.Arduino_init
                0x00000000080006b4      0x19c ./Core/Src/arducam.o
                0x00000000080006b4                Arduino_init
 .text.arducam_raw_init
                0x0000000008000850       0x90 ./Core/Src/arducam.o
                0x0000000008000850                arducam_raw_init
 .text.arducam_get_resolution
                0x00000000080008e0       0xb8 ./Core/Src/arducam.o
                0x00000000080008e0                arducam_get_resolution
 .text.arducam_set_resolution
                0x0000000008000998      0x1b8 ./Core/Src/arducam.o
                0x0000000008000998                arducam_set_resolution
 .text.arducam_wait_for_ready
                0x0000000008000b50       0x88 ./Core/Src/arducam.o
                0x0000000008000b50                arducam_wait_for_ready
 .text.read_reg
                0x0000000008000bd8       0x36 ./Core/Src/arducam.o
                0x0000000008000bd8                read_reg
 .text.write_reg
                0x0000000008000c0e       0x38 ./Core/Src/arducam.o
                0x0000000008000c0e                write_reg
 .text.read_fifo
                0x0000000008000c46       0x2c ./Core/Src/arducam.o
                0x0000000008000c46                read_fifo
 .text.flush_fifo
                0x0000000008000c72       0x22 ./Core/Src/arducam.o
                0x0000000008000c72                flush_fifo
 .text.start_capture
                0x0000000008000c94       0x22 ./Core/Src/arducam.o
                0x0000000008000c94                start_capture
 .text.clear_fifo_flag
                0x0000000008000cb6       0x22 ./Core/Src/arducam.o
                0x0000000008000cb6                clear_fifo_flag
 .text.read_fifo_length
                0x0000000008000cd8       0x64 ./Core/Src/arducam.o
                0x0000000008000cd8                read_fifo_length
 .text.get_bit  0x0000000008000d3c       0x52 ./Core/Src/arducam.o
                0x0000000008000d3c                get_bit
 .text.hex_2_ascii
                0x0000000008000d8e       0x2e ./Core/Src/arducam.o
                0x0000000008000d8e                hex_2_ascii
 .text.dump_uart_bmp
                0x0000000008000dbc      0x2ec ./Core/Src/arducam.o
 .text.dump_uart_jpg
                0x00000000080010a8      0x118 ./Core/Src/arducam.o
 .text.dump_uart_raw
                0x00000000080011c0       0x88 ./Core/Src/arducam.o
 .text.SingleCapTransfer
                0x0000000008001248      0x128 ./Core/Src/arducam.o
                0x0000000008001248                SingleCapTransfer
 .text.DBG_PUT  0x0000000008001370       0x2c ./Core/Src/cli.o
 .text.next_token
                0x000000000800139c       0x60 ./Core/Src/cli.o
 .text.help     0x00000000080013fc       0x90 ./Core/Src/cli.o
 .text.handle_format_cmd
                0x000000000800148c      0x12c ./Core/Src/cli.o
 .text.handle_reg_cmd
                0x00000000080015b8      0x18c ./Core/Src/cli.o
 .text.handle_width_cmd
                0x0000000008001744      0x250 ./Core/Src/cli.o
 .text.handle_capture_cmd
                0x0000000008001994       0x88 ./Core/Src/cli.o
 .text.reset_sensors
                0x0000000008001a1c      0x240 ./Core/Src/cli.o
                0x0000000008001a1c                reset_sensors
 .text.scan_i2c
                0x0000000008001c5c       0x8c ./Core/Src/cli.o
                0x0000000008001c5c                scan_i2c
 .text.sensor_togglepower
                0x0000000008001ce8       0x50 ./Core/Src/cli.o
 .text.init_nand_flash
                0x0000000008001d38       0x68 ./Core/Src/cli.o
                0x0000000008001d38                init_nand_flash
 .text.handle_command
                0x0000000008001da0       0xd4 ./Core/Src/cli.o
                0x0000000008001da0                handle_command
 .text.DBG_PUT  0x0000000008001e74       0x2c ./Core/Src/main.o
 .text.main     0x0000000008001ea0      0x118 ./Core/Src/main.o
                0x0000000008001ea0                main
 .text.SystemClock_Config
                0x0000000008001fb8       0xe8 ./Core/Src/main.o
                0x0000000008001fb8                SystemClock_Config
 .text.MX_I2C2_Init
                0x00000000080020a0       0x80 ./Core/Src/main.o
 .text.MX_SPI2_Init
                0x0000000008002120       0x70 ./Core/Src/main.o
 .text.MX_USART1_UART_Init
                0x0000000008002190       0x60 ./Core/Src/main.o
 .text.MX_GPIO_Init
                0x00000000080021f0      0x1f4 ./Core/Src/main.o
 .text.Error_Handler
                0x00000000080023e4        0xa ./Core/Src/main.o
                0x00000000080023e4                Error_Handler
 .text.NAND_Init
                0x00000000080023ee       0x42 ./Core/Src/nand_m79a.o
                0x00000000080023ee                NAND_Init
 .text.NAND_Reset
                0x0000000008002430       0x4a ./Core/Src/nand_m79a_lld.o
                0x0000000008002430                NAND_Reset
 .text.NAND_Wait_Until_Ready
                0x000000000800247a       0x80 ./Core/Src/nand_m79a_lld.o
                0x000000000800247a                NAND_Wait_Until_Ready
 .text.NAND_Send_Dummy_Byte
                0x00000000080024fa       0x40 ./Core/Src/nand_m79a_lld.o
                0x00000000080024fa                NAND_Send_Dummy_Byte
 .text.NAND_Read_ID
                0x000000000800253a       0x54 ./Core/Src/nand_m79a_lld.o
                0x000000000800253a                NAND_Read_ID
 .text.NAND_Check_Busy
                0x000000000800258e       0x2a ./Core/Src/nand_m79a_lld.o
                0x000000000800258e                NAND_Check_Busy
 .text.NAND_Get_Features
                0x00000000080025b8       0x66 ./Core/Src/nand_m79a_lld.o
                0x00000000080025b8                NAND_Get_Features
 .text.NAND_Wait
                0x000000000800261e       0x1e ./Core/Src/nand_spi.o
                0x000000000800261e                NAND_Wait
 .text.NAND_SPI_Send
                0x000000000800263c       0x1c ./Core/Src/nand_spi.o
                0x000000000800263c                NAND_SPI_Send
 .text.NAND_SPI_SendReceive
                0x0000000008002658       0x50 ./Core/Src/nand_spi.o
                0x0000000008002658                NAND_SPI_SendReceive
 .text.NAND_SPI_Receive
                0x00000000080026a8       0x3c ./Core/Src/nand_spi.o
                0x00000000080026a8                NAND_SPI_Receive
 .text.NAND_SPI_Transmit
                0x00000000080026e4       0x6c ./Core/Src/nand_spi.o
                0x00000000080026e4                NAND_SPI_Transmit
 .text._NAND_CS_LOW
                0x0000000008002750       0x1c ./Core/Src/nand_spi.o
                0x0000000008002750                _NAND_CS_LOW
 .text._NAND_CS_HIGH
                0x000000000800276c       0x1c ./Core/Src/nand_spi.o
                0x000000000800276c                _NAND_CS_HIGH
 .text._NAND_CLK_LOW
                0x0000000008002788       0x1c ./Core/Src/nand_spi.o
                0x0000000008002788                _NAND_CLK_LOW
 .text._NAND_CLK_HIGH
                0x00000000080027a4       0x1c ./Core/Src/nand_spi.o
                0x00000000080027a4                _NAND_CLK_HIGH
 .text.read_spi_reg
                0x00000000080027c0       0xfe ./Core/Src/spi_bitbang.o
                0x00000000080027c0                read_spi_reg
 .text.write_spi_reg
                0x00000000080028be       0xea ./Core/Src/spi_bitbang.o
                0x00000000080028be                write_spi_reg
 .text.bit_read
                0x00000000080029a8       0x32 ./Core/Src/spi_bitbang.o
                0x00000000080029a8                bit_read
 .text._CS1_LOW
                0x00000000080029da       0x18 ./Core/Src/spi_bitbang.o
                0x00000000080029da                _CS1_LOW
 .text._CS1_HIGH
                0x00000000080029f2       0x18 ./Core/Src/spi_bitbang.o
                0x00000000080029f2                _CS1_HIGH
 .text._CS2_LOW
                0x0000000008002a0a       0x18 ./Core/Src/spi_bitbang.o
                0x0000000008002a0a                _CS2_LOW
 .text._CS2_HIGH
                0x0000000008002a22       0x18 ./Core/Src/spi_bitbang.o
                0x0000000008002a22                _CS2_HIGH
 .text._CLK_LOW
                0x0000000008002a3a       0x18 ./Core/Src/spi_bitbang.o
                0x0000000008002a3a                _CLK_LOW
 .text._CLK_HIGH
                0x0000000008002a52       0x18 ./Core/Src/spi_bitbang.o
                0x0000000008002a52                _CLK_HIGH
 *fill*         0x0000000008002a6a        0x2 
 .text.HAL_MspInit
                0x0000000008002a6c       0x28 ./Core/Src/stm32l0xx_hal_msp.o
                0x0000000008002a6c                HAL_MspInit
 .text.HAL_I2C_MspInit
                0x0000000008002a94       0xb8 ./Core/Src/stm32l0xx_hal_msp.o
                0x0000000008002a94                HAL_I2C_MspInit
 .text.HAL_SPI_MspInit
                0x0000000008002b4c       0xb8 ./Core/Src/stm32l0xx_hal_msp.o
                0x0000000008002b4c                HAL_SPI_MspInit
 .text.HAL_UART_MspInit
                0x0000000008002c04       0x88 ./Core/Src/stm32l0xx_hal_msp.o
                0x0000000008002c04                HAL_UART_MspInit
 .text.NMI_Handler
                0x0000000008002c8c        0xa ./Core/Src/stm32l0xx_it.o
                0x0000000008002c8c                NMI_Handler
 .text.HardFault_Handler
                0x0000000008002c96        0x6 ./Core/Src/stm32l0xx_it.o
                0x0000000008002c96                HardFault_Handler
 .text.SVC_Handler
                0x0000000008002c9c        0xa ./Core/Src/stm32l0xx_it.o
                0x0000000008002c9c                SVC_Handler
 .text.PendSV_Handler
                0x0000000008002ca6        0xa ./Core/Src/stm32l0xx_it.o
                0x0000000008002ca6                PendSV_Handler
 .text.SysTick_Handler
                0x0000000008002cb0        0xe ./Core/Src/stm32l0xx_it.o
                0x0000000008002cb0                SysTick_Handler
 *fill*         0x0000000008002cbe        0x2 
 .text._sbrk    0x0000000008002cc0       0x6c ./Core/Src/sysmem.o
                0x0000000008002cc0                _sbrk
 .text.SystemInit
                0x0000000008002d2c        0xa ./Core/Src/system_stm32l0xx.o
                0x0000000008002d2c                SystemInit
 *fill*         0x0000000008002d36        0x2 
 .text.Reset_Handler
                0x0000000008002d38       0x50 ./Core/Startup/startup_stm32l071c8tx.o
                0x0000000008002d38                Reset_Handler
 .text.Default_Handler
                0x0000000008002d88        0x2 ./Core/Startup/startup_stm32l071c8tx.o
                0x0000000008002d88                ADC1_COMP_IRQHandler
                0x0000000008002d88                TIM6_IRQHandler
                0x0000000008002d88                PVD_IRQHandler
                0x0000000008002d88                I2C1_IRQHandler
                0x0000000008002d88                SPI1_IRQHandler
                0x0000000008002d88                EXTI2_3_IRQHandler
                0x0000000008002d88                I2C2_IRQHandler
                0x0000000008002d88                RTC_IRQHandler
                0x0000000008002d88                DMA1_Channel4_5_6_7_IRQHandler
                0x0000000008002d88                TIM3_IRQHandler
                0x0000000008002d88                EXTI4_15_IRQHandler
                0x0000000008002d88                RCC_IRQHandler
                0x0000000008002d88                DMA1_Channel1_IRQHandler
                0x0000000008002d88                USART4_5_IRQHandler
                0x0000000008002d88                Default_Handler
                0x0000000008002d88                TIM22_IRQHandler
                0x0000000008002d88                TIM7_IRQHandler
                0x0000000008002d88                EXTI0_1_IRQHandler
                0x0000000008002d88                I2C3_IRQHandler
                0x0000000008002d88                SPI2_IRQHandler
                0x0000000008002d88                TIM21_IRQHandler
                0x0000000008002d88                WWDG_IRQHandler
                0x0000000008002d88                LPUART1_IRQHandler
                0x0000000008002d88                TIM2_IRQHandler
                0x0000000008002d88                DMA1_Channel2_3_IRQHandler
                0x0000000008002d88                USART2_IRQHandler
                0x0000000008002d88                FLASH_IRQHandler
                0x0000000008002d88                USART1_IRQHandler
                0x0000000008002d88                LPTIM1_IRQHandler
 *fill*         0x0000000008002d8a        0x2 
 .text.HAL_Init
                0x0000000008002d8c       0x40 ./Drivers/STM32L0xx_HAL_Driver/Src/stm32l0xx_hal.o
                0x0000000008002d8c                HAL_Init
 .text.HAL_InitTick
                0x0000000008002dcc       0x68 ./Drivers/STM32L0xx_HAL_Driver/Src/stm32l0xx_hal.o
                0x0000000008002dcc                HAL_InitTick
 .text.HAL_IncTick
                0x0000000008002e34       0x24 ./Drivers/STM32L0xx_HAL_Driver/Src/stm32l0xx_hal.o
                0x0000000008002e34                HAL_IncTick
 .text.HAL_GetTick
                0x0000000008002e58       0x14 ./Drivers/STM32L0xx_HAL_Driver/Src/stm32l0xx_hal.o
                0x0000000008002e58                HAL_GetTick
 .text.HAL_Delay
                0x0000000008002e6c       0x48 ./Drivers/STM32L0xx_HAL_Driver/Src/stm32l0xx_hal.o
                0x0000000008002e6c                HAL_Delay
 .text.__NVIC_SetPriority
                0x0000000008002eb4       0xdc ./Drivers/STM32L0xx_HAL_Driver/Src/stm32l0xx_hal_cortex.o
 .text.SysTick_Config
                0x0000000008002f90       0x48 ./Drivers/STM32L0xx_HAL_Driver/Src/stm32l0xx_hal_cortex.o
 .text.HAL_NVIC_SetPriority
                0x0000000008002fd8       0x2a ./Drivers/STM32L0xx_HAL_Driver/Src/stm32l0xx_hal_cortex.o
                0x0000000008002fd8                HAL_NVIC_SetPriority
 .text.HAL_SYSTICK_Config
                0x0000000008003002       0x1a ./Drivers/STM32L0xx_HAL_Driver/Src/stm32l0xx_hal_cortex.o
                0x0000000008003002                HAL_SYSTICK_Config
 .text.HAL_GPIO_Init
                0x000000000800301c      0x2fc ./Drivers/STM32L0xx_HAL_Driver/Src/stm32l0xx_hal_gpio.o
                0x000000000800301c                HAL_GPIO_Init
 .text.HAL_GPIO_ReadPin
                0x0000000008003318       0x3a ./Drivers/STM32L0xx_HAL_Driver/Src/stm32l0xx_hal_gpio.o
                0x0000000008003318                HAL_GPIO_ReadPin
 .text.HAL_GPIO_WritePin
                0x0000000008003352       0x3a ./Drivers/STM32L0xx_HAL_Driver/Src/stm32l0xx_hal_gpio.o
                0x0000000008003352                HAL_GPIO_WritePin
 .text.HAL_I2C_Init
                0x000000000800338c      0x12c ./Drivers/STM32L0xx_HAL_Driver/Src/stm32l0xx_hal_i2c.o
                0x000000000800338c                HAL_I2C_Init
 .text.HAL_I2C_Mem_Write
                0x00000000080034b8      0x25c ./Drivers/STM32L0xx_HAL_Driver/Src/stm32l0xx_hal_i2c.o
                0x00000000080034b8                HAL_I2C_Mem_Write
 .text.HAL_I2C_Mem_Read
                0x0000000008003714      0x268 ./Drivers/STM32L0xx_HAL_Driver/Src/stm32l0xx_hal_i2c.o
                0x0000000008003714                HAL_I2C_Mem_Read
 .text.HAL_I2C_IsDeviceReady
                0x000000000800397c      0x234 ./Drivers/STM32L0xx_HAL_Driver/Src/stm32l0xx_hal_i2c.o
                0x000000000800397c                HAL_I2C_IsDeviceReady
 .text.I2C_RequestMemoryWrite
                0x0000000008003bb0       0xc8 ./Drivers/STM32L0xx_HAL_Driver/Src/stm32l0xx_hal_i2c.o
 .text.I2C_RequestMemoryRead
                0x0000000008003c78       0xc4 ./Drivers/STM32L0xx_HAL_Driver/Src/stm32l0xx_hal_i2c.o
 .text.I2C_Flush_TXDR
                0x0000000008003d3c       0x44 ./Drivers/STM32L0xx_HAL_Driver/Src/stm32l0xx_hal_i2c.o
 .text.I2C_WaitOnFlagUntilTimeout
                0x0000000008003d80       0x7e ./Drivers/STM32L0xx_HAL_Driver/Src/stm32l0xx_hal_i2c.o
 .text.I2C_WaitOnTXISFlagUntilTimeout
                0x0000000008003dfe       0x7e ./Drivers/STM32L0xx_HAL_Driver/Src/stm32l0xx_hal_i2c.o
 .text.I2C_WaitOnSTOPFlagUntilTimeout
                0x0000000008003e7c       0x78 ./Drivers/STM32L0xx_HAL_Driver/Src/stm32l0xx_hal_i2c.o
 .text.I2C_IsAcknowledgeFailed
                0x0000000008003ef4       0xf4 ./Drivers/STM32L0xx_HAL_Driver/Src/stm32l0xx_hal_i2c.o
 .text.I2C_TransferConfig
                0x0000000008003fe8       0x6c ./Drivers/STM32L0xx_HAL_Driver/Src/stm32l0xx_hal_i2c.o
 .text.HAL_I2CEx_ConfigAnalogFilter
                0x0000000008004054       0x98 ./Drivers/STM32L0xx_HAL_Driver/Src/stm32l0xx_hal_i2c_ex.o
                0x0000000008004054                HAL_I2CEx_ConfigAnalogFilter
 .text.HAL_I2CEx_ConfigDigitalFilter
                0x00000000080040ec       0x98 ./Drivers/STM32L0xx_HAL_Driver/Src/stm32l0xx_hal_i2c_ex.o
                0x00000000080040ec                HAL_I2CEx_ConfigDigitalFilter
 .text.HAL_RCC_OscConfig
                0x0000000008004184      0x6f8 ./Drivers/STM32L0xx_HAL_Driver/Src/stm32l0xx_hal_rcc.o
                0x0000000008004184                HAL_RCC_OscConfig
 .text.HAL_RCC_ClockConfig
                0x000000000800487c      0x290 ./Drivers/STM32L0xx_HAL_Driver/Src/stm32l0xx_hal_rcc.o
                0x000000000800487c                HAL_RCC_ClockConfig
 .text.HAL_RCC_EnableCSS
                0x0000000008004b0c       0x1c ./Drivers/STM32L0xx_HAL_Driver/Src/stm32l0xx_hal_rcc.o
                0x0000000008004b0c                HAL_RCC_EnableCSS
 .text.HAL_RCC_GetSysClockFreq
                0x0000000008004b28      0x148 ./Drivers/STM32L0xx_HAL_Driver/Src/stm32l0xx_hal_rcc.o
                0x0000000008004b28                HAL_RCC_GetSysClockFreq
 .text.HAL_RCC_GetHCLKFreq
                0x0000000008004c70       0x14 ./Drivers/STM32L0xx_HAL_Driver/Src/stm32l0xx_hal_rcc.o
                0x0000000008004c70                HAL_RCC_GetHCLKFreq
 .text.HAL_RCC_GetPCLK1Freq
                0x0000000008004c84       0x2c ./Drivers/STM32L0xx_HAL_Driver/Src/stm32l0xx_hal_rcc.o
                0x0000000008004c84                HAL_RCC_GetPCLK1Freq
 .text.HAL_RCC_GetPCLK2Freq
                0x0000000008004cb0       0x2c ./Drivers/STM32L0xx_HAL_Driver/Src/stm32l0xx_hal_rcc.o
                0x0000000008004cb0                HAL_RCC_GetPCLK2Freq
 .text.HAL_RCC_NMI_IRQHandler
                0x0000000008004cdc       0x2c ./Drivers/STM32L0xx_HAL_Driver/Src/stm32l0xx_hal_rcc.o
                0x0000000008004cdc                HAL_RCC_NMI_IRQHandler
 .text.HAL_RCC_CSSCallback
                0x0000000008004d08        0xa ./Drivers/STM32L0xx_HAL_Driver/Src/stm32l0xx_hal_rcc.o
                0x0000000008004d08                HAL_RCC_CSSCallback
 *fill*         0x0000000008004d12        0x2 
 .text.HAL_RCCEx_PeriphCLKConfig
                0x0000000008004d14      0x28c ./Drivers/STM32L0xx_HAL_Driver/Src/stm32l0xx_hal_rcc_ex.o
                0x0000000008004d14                HAL_RCCEx_PeriphCLKConfig
 .text.HAL_SPI_Init
                0x0000000008004fa0      0x128 ./Drivers/STM32L0xx_HAL_Driver/Src/stm32l0xx_hal_spi.o
                0x0000000008004fa0                HAL_SPI_Init
 .text.HAL_SPI_Transmit
                0x00000000080050c8      0x2ac ./Drivers/STM32L0xx_HAL_Driver/Src/stm32l0xx_hal_spi.o
                0x00000000080050c8                HAL_SPI_Transmit
 .text.HAL_SPI_Receive
                0x0000000008005374      0x24c ./Drivers/STM32L0xx_HAL_Driver/Src/stm32l0xx_hal_spi.o
                0x0000000008005374                HAL_SPI_Receive
 .text.HAL_SPI_TransmitReceive
                0x00000000080055c0      0x376 ./Drivers/STM32L0xx_HAL_Driver/Src/stm32l0xx_hal_spi.o
                0x00000000080055c0                HAL_SPI_TransmitReceive
 *fill*         0x0000000008005936        0x2 
 .text.SPI_WaitFlagStateUntilTimeout
                0x0000000008005938      0x11c ./Drivers/STM32L0xx_HAL_Driver/Src/stm32l0xx_hal_spi.o
 .text.SPI_EndRxTransaction
                0x0000000008005a54       0xd4 ./Drivers/STM32L0xx_HAL_Driver/Src/stm32l0xx_hal_spi.o
 .text.SPI_EndRxTxTransaction
                0x0000000008005b28       0x8c ./Drivers/STM32L0xx_HAL_Driver/Src/stm32l0xx_hal_spi.o
 .text.HAL_UART_Init
                0x0000000008005bb4       0xa8 ./Drivers/STM32L0xx_HAL_Driver/Src/stm32l0xx_hal_uart.o
                0x0000000008005bb4                HAL_UART_Init
 .text.HAL_UART_Transmit
                0x0000000008005c5c      0x150 ./Drivers/STM32L0xx_HAL_Driver/Src/stm32l0xx_hal_uart.o
                0x0000000008005c5c                HAL_UART_Transmit
 .text.HAL_UART_Receive
                0x0000000008005dac      0x1dc ./Drivers/STM32L0xx_HAL_Driver/Src/stm32l0xx_hal_uart.o
                0x0000000008005dac                HAL_UART_Receive
 .text.UART_SetConfig
                0x0000000008005f88      0x57c ./Drivers/STM32L0xx_HAL_Driver/Src/stm32l0xx_hal_uart.o
                0x0000000008005f88                UART_SetConfig
 .text.UART_AdvFeatureConfig
                0x0000000008006504      0x168 ./Drivers/STM32L0xx_HAL_Driver/Src/stm32l0xx_hal_uart.o
                0x0000000008006504                UART_AdvFeatureConfig
 .text.UART_CheckIdleState
                0x000000000800666c       0x90 ./Drivers/STM32L0xx_HAL_Driver/Src/stm32l0xx_hal_uart.o
                0x000000000800666c                UART_CheckIdleState
 .text.UART_WaitOnFlagUntilTimeout
                0x00000000080066fc      0x188 ./Drivers/STM32L0xx_HAL_Driver/Src/stm32l0xx_hal_uart.o
                0x00000000080066fc                UART_WaitOnFlagUntilTimeout
 .text.__errno  0x0000000008006884        0xc c:/st/stm32cubeide_1.8.0/stm32cubeide/plugins/com.st.stm32cube.ide.mcu.externaltools.gnu-tools-for-stm32.9-2020-q2-update.win32_2.0.0.202105311346/tools/bin/../lib/gcc/arm-none-eabi/9.3.1/../../../../arm-none-eabi/lib/thumb/v6-m/nofp\libc_nano.a(lib_a-errno.o)
                0x0000000008006884                __errno
 .text.__libc_init_array
                0x0000000008006890       0x48 c:/st/stm32cubeide_1.8.0/stm32cubeide/plugins/com.st.stm32cube.ide.mcu.externaltools.gnu-tools-for-stm32.9-2020-q2-update.win32_2.0.0.202105311346/tools/bin/../lib/gcc/arm-none-eabi/9.3.1/../../../../arm-none-eabi/lib/thumb/v6-m/nofp\libc_nano.a(lib_a-init.o)
                0x0000000008006890                __libc_init_array
 .text.memcpy   0x00000000080068d8       0x12 c:/st/stm32cubeide_1.8.0/stm32cubeide/plugins/com.st.stm32cube.ide.mcu.externaltools.gnu-tools-for-stm32.9-2020-q2-update.win32_2.0.0.202105311346/tools/bin/../lib/gcc/arm-none-eabi/9.3.1/../../../../arm-none-eabi/lib/thumb/v6-m/nofp\libc_nano.a(lib_a-memcpy-stub.o)
                0x00000000080068d8                memcpy
 .text.memset   0x00000000080068ea       0x10 c:/st/stm32cubeide_1.8.0/stm32cubeide/plugins/com.st.stm32cube.ide.mcu.externaltools.gnu-tools-for-stm32.9-2020-q2-update.win32_2.0.0.202105311346/tools/bin/../lib/gcc/arm-none-eabi/9.3.1/../../../../arm-none-eabi/lib/thumb/v6-m/nofp\libc_nano.a(lib_a-memset.o)
                0x00000000080068ea                memset
 *fill*         0x00000000080068fa        0x2 
 .text.sprintf  0x00000000080068fc       0x40 c:/st/stm32cubeide_1.8.0/stm32cubeide/plugins/com.st.stm32cube.ide.mcu.externaltools.gnu-tools-for-stm32.9-2020-q2-update.win32_2.0.0.202105311346/tools/bin/../lib/gcc/arm-none-eabi/9.3.1/../../../../arm-none-eabi/lib/thumb/v6-m/nofp\libc_nano.a(lib_a-sprintf.o)
                0x00000000080068fc                siprintf
                0x00000000080068fc                sprintf
 .text.sscanf   0x000000000800693c       0x50 c:/st/stm32cubeide_1.8.0/stm32cubeide/plugins/com.st.stm32cube.ide.mcu.externaltools.gnu-tools-for-stm32.9-2020-q2-update.win32_2.0.0.202105311346/tools/bin/../lib/gcc/arm-none-eabi/9.3.1/../../../../arm-none-eabi/lib/thumb/v6-m/nofp\libc_nano.a(lib_a-sscanf.o)
                0x000000000800693c                siscanf
                0x000000000800693c                sscanf
 .text.__seofread
                0x000000000800698c        0x4 c:/st/stm32cubeide_1.8.0/stm32cubeide/plugins/com.st.stm32cube.ide.mcu.externaltools.gnu-tools-for-stm32.9-2020-q2-update.win32_2.0.0.202105311346/tools/bin/../lib/gcc/arm-none-eabi/9.3.1/../../../../arm-none-eabi/lib/thumb/v6-m/nofp\libc_nano.a(lib_a-stdio.o)
                0x000000000800698c                __seofread
 .text.__ssputs_r
                0x0000000008006990       0xc4 c:/st/stm32cubeide_1.8.0/stm32cubeide/plugins/com.st.stm32cube.ide.mcu.externaltools.gnu-tools-for-stm32.9-2020-q2-update.win32_2.0.0.202105311346/tools/bin/../lib/gcc/arm-none-eabi/9.3.1/../../../../arm-none-eabi/lib/thumb/v6-m/nofp\libc_nano.a(lib_a-nano-svfprintf.o)
                0x0000000008006990                __ssputs_r
 .text._svfprintf_r
                0x0000000008006a54      0x200 c:/st/stm32cubeide_1.8.0/stm32cubeide/plugins/com.st.stm32cube.ide.mcu.externaltools.gnu-tools-for-stm32.9-2020-q2-update.win32_2.0.0.202105311346/tools/bin/../lib/gcc/arm-none-eabi/9.3.1/../../../../arm-none-eabi/lib/thumb/v6-m/nofp\libc_nano.a(lib_a-nano-svfprintf.o)
                0x0000000008006a54                _svfiprintf_r
                0x0000000008006a54                _svfprintf_r
 .text._sungetc_r
                0x0000000008006c54       0x78 c:/st/stm32cubeide_1.8.0/stm32cubeide/plugins/com.st.stm32cube.ide.mcu.externaltools.gnu-tools-for-stm32.9-2020-q2-update.win32_2.0.0.202105311346/tools/bin/../lib/gcc/arm-none-eabi/9.3.1/../../../../arm-none-eabi/lib/thumb/v6-m/nofp\libc_nano.a(lib_a-nano-svfscanf.o)
                0x0000000008006c54                _sungetc_r
 .text.__ssrefill_r
                0x0000000008006ccc       0x3e c:/st/stm32cubeide_1.8.0/stm32cubeide/plugins/com.st.stm32cube.ide.mcu.externaltools.gnu-tools-for-stm32.9-2020-q2-update.win32_2.0.0.202105311346/tools/bin/../lib/gcc/arm-none-eabi/9.3.1/../../../../arm-none-eabi/lib/thumb/v6-m/nofp\libc_nano.a(lib_a-nano-svfscanf.o)
                0x0000000008006ccc                __ssrefill_r
 *fill*         0x0000000008006d0a        0x2 
 .text.__ssvfscanf_r
                0x0000000008006d0c      0x2f0 c:/st/stm32cubeide_1.8.0/stm32cubeide/plugins/com.st.stm32cube.ide.mcu.externaltools.gnu-tools-for-stm32.9-2020-q2-update.win32_2.0.0.202105311346/tools/bin/../lib/gcc/arm-none-eabi/9.3.1/../../../../arm-none-eabi/lib/thumb/v6-m/nofp\libc_nano.a(lib_a-nano-svfscanf.o)
                0x0000000008006d0c                __ssvfiscanf_r
                0x0000000008006d0c                __ssvfscanf_r
 .text._printf_common
                0x0000000008006ffc       0xde c:/st/stm32cubeide_1.8.0/stm32cubeide/plugins/com.st.stm32cube.ide.mcu.externaltools.gnu-tools-for-stm32.9-2020-q2-update.win32_2.0.0.202105311346/tools/bin/../lib/gcc/arm-none-eabi/9.3.1/../../../../arm-none-eabi/lib/thumb/v6-m/nofp\libc_nano.a(lib_a-nano-vfprintf_i.o)
                0x0000000008006ffc                _printf_common
 *fill*         0x00000000080070da        0x2 
 .text._printf_i
                0x00000000080070dc      0x224 c:/st/stm32cubeide_1.8.0/stm32cubeide/plugins/com.st.stm32cube.ide.mcu.externaltools.gnu-tools-for-stm32.9-2020-q2-update.win32_2.0.0.202105311346/tools/bin/../lib/gcc/arm-none-eabi/9.3.1/../../../../arm-none-eabi/lib/thumb/v6-m/nofp\libc_nano.a(lib_a-nano-vfprintf_i.o)
                0x00000000080070dc                _printf_i
 .text._scanf_chars
                0x0000000008007300       0xbc c:/st/stm32cubeide_1.8.0/stm32cubeide/plugins/com.st.stm32cube.ide.mcu.externaltools.gnu-tools-for-stm32.9-2020-q2-update.win32_2.0.0.202105311346/tools/bin/../lib/gcc/arm-none-eabi/9.3.1/../../../../arm-none-eabi/lib/thumb/v6-m/nofp\libc_nano.a(lib_a-nano-vfscanf_i.o)
                0x0000000008007300                _scanf_chars
 .text._scanf_i
                0x00000000080073bc      0x208 c:/st/stm32cubeide_1.8.0/stm32cubeide/plugins/com.st.stm32cube.ide.mcu.externaltools.gnu-tools-for-stm32.9-2020-q2-update.win32_2.0.0.202105311346/tools/bin/../lib/gcc/arm-none-eabi/9.3.1/../../../../arm-none-eabi/lib/thumb/v6-m/nofp\libc_nano.a(lib_a-nano-vfscanf_i.o)
                0x00000000080073bc                _scanf_i
 .text.__sccl   0x00000000080075c4       0x78 c:/st/stm32cubeide_1.8.0/stm32cubeide/plugins/com.st.stm32cube.ide.mcu.externaltools.gnu-tools-for-stm32.9-2020-q2-update.win32_2.0.0.202105311346/tools/bin/../lib/gcc/arm-none-eabi/9.3.1/../../../../arm-none-eabi/lib/thumb/v6-m/nofp\libc_nano.a(lib_a-sccl.o)
                0x00000000080075c4                __sccl
 .text._strtol_l.isra.0
                0x000000000800763c      0x11c c:/st/stm32cubeide_1.8.0/stm32cubeide/plugins/com.st.stm32cube.ide.mcu.externaltools.gnu-tools-for-stm32.9-2020-q2-update.win32_2.0.0.202105311346/tools/bin/../lib/gcc/arm-none-eabi/9.3.1/../../../../arm-none-eabi/lib/thumb/v6-m/nofp\libc_nano.a(lib_a-strtol.o)
 .text._strtol_r
                0x0000000008007758        0x8 c:/st/stm32cubeide_1.8.0/stm32cubeide/plugins/com.st.stm32cube.ide.mcu.externaltools.gnu-tools-for-stm32.9-2020-q2-update.win32_2.0.0.202105311346/tools/bin/../lib/gcc/arm-none-eabi/9.3.1/../../../../arm-none-eabi/lib/thumb/v6-m/nofp\libc_nano.a(lib_a-strtol.o)
                0x0000000008007758                _strtol_r
 .text._strtoul_l.isra.0
                0x0000000008007760      0x118 c:/st/stm32cubeide_1.8.0/stm32cubeide/plugins/com.st.stm32cube.ide.mcu.externaltools.gnu-tools-for-stm32.9-2020-q2-update.win32_2.0.0.202105311346/tools/bin/../lib/gcc/arm-none-eabi/9.3.1/../../../../arm-none-eabi/lib/thumb/v6-m/nofp\libc_nano.a(lib_a-strtoul.o)
 .text._strtoul_r
                0x0000000008007878        0x8 c:/st/stm32cubeide_1.8.0/stm32cubeide/plugins/com.st.stm32cube.ide.mcu.externaltools.gnu-tools-for-stm32.9-2020-q2-update.win32_2.0.0.202105311346/tools/bin/../lib/gcc/arm-none-eabi/9.3.1/../../../../arm-none-eabi/lib/thumb/v6-m/nofp\libc_nano.a(lib_a-strtoul.o)
                0x0000000008007878                _strtoul_r
 .text.__submore
                0x0000000008007880       0x7c c:/st/stm32cubeide_1.8.0/stm32cubeide/plugins/com.st.stm32cube.ide.mcu.externaltools.gnu-tools-for-stm32.9-2020-q2-update.win32_2.0.0.202105311346/tools/bin/../lib/gcc/arm-none-eabi/9.3.1/../../../../arm-none-eabi/lib/thumb/v6-m/nofp\libc_nano.a(lib_a-ungetc.o)
                0x0000000008007880                __submore
 .text.__retarget_lock_acquire_recursive
                0x00000000080078fc        0x2 c:/st/stm32cubeide_1.8.0/stm32cubeide/plugins/com.st.stm32cube.ide.mcu.externaltools.gnu-tools-for-stm32.9-2020-q2-update.win32_2.0.0.202105311346/tools/bin/../lib/gcc/arm-none-eabi/9.3.1/../../../../arm-none-eabi/lib/thumb/v6-m/nofp\libc_nano.a(lib_a-lock.o)
                0x00000000080078fc                __retarget_lock_acquire_recursive
 .text.__retarget_lock_release_recursive
                0x00000000080078fe        0x2 c:/st/stm32cubeide_1.8.0/stm32cubeide/plugins/com.st.stm32cube.ide.mcu.externaltools.gnu-tools-for-stm32.9-2020-q2-update.win32_2.0.0.202105311346/tools/bin/../lib/gcc/arm-none-eabi/9.3.1/../../../../arm-none-eabi/lib/thumb/v6-m/nofp\libc_nano.a(lib_a-lock.o)
                0x00000000080078fe                __retarget_lock_release_recursive
 .text.memchr   0x0000000008007900       0x16 c:/st/stm32cubeide_1.8.0/stm32cubeide/plugins/com.st.stm32cube.ide.mcu.externaltools.gnu-tools-for-stm32.9-2020-q2-update.win32_2.0.0.202105311346/tools/bin/../lib/gcc/arm-none-eabi/9.3.1/../../../../arm-none-eabi/lib/thumb/v6-m/nofp\libc_nano.a(lib_a-memchr-stub.o)
                0x0000000008007900                memchr
 .text.memmove  0x0000000008007916       0x26 c:/st/stm32cubeide_1.8.0/stm32cubeide/plugins/com.st.stm32cube.ide.mcu.externaltools.gnu-tools-for-stm32.9-2020-q2-update.win32_2.0.0.202105311346/tools/bin/../lib/gcc/arm-none-eabi/9.3.1/../../../../arm-none-eabi/lib/thumb/v6-m/nofp\libc_nano.a(lib_a-memmove.o)
                0x0000000008007916                memmove
 .text._free_r  0x000000000800793c       0x94 c:/st/stm32cubeide_1.8.0/stm32cubeide/plugins/com.st.stm32cube.ide.mcu.externaltools.gnu-tools-for-stm32.9-2020-q2-update.win32_2.0.0.202105311346/tools/bin/../lib/gcc/arm-none-eabi/9.3.1/../../../../arm-none-eabi/lib/thumb/v6-m/nofp\libc_nano.a(lib_a-nano-freer.o)
                0x000000000800793c                _free_r
 .text._malloc_r
                0x00000000080079d0       0xbc c:/st/stm32cubeide_1.8.0/stm32cubeide/plugins/com.st.stm32cube.ide.mcu.externaltools.gnu-tools-for-stm32.9-2020-q2-update.win32_2.0.0.202105311346/tools/bin/../lib/gcc/arm-none-eabi/9.3.1/../../../../arm-none-eabi/lib/thumb/v6-m/nofp\libc_nano.a(lib_a-nano-mallocr.o)
                0x00000000080079d0                _malloc_r
 .text._realloc_r
                0x0000000008007a8c       0x4c c:/st/stm32cubeide_1.8.0/stm32cubeide/plugins/com.st.stm32cube.ide.mcu.externaltools.gnu-tools-for-stm32.9-2020-q2-update.win32_2.0.0.202105311346/tools/bin/../lib/gcc/arm-none-eabi/9.3.1/../../../../arm-none-eabi/lib/thumb/v6-m/nofp\libc_nano.a(lib_a-nano-reallocr.o)
                0x0000000008007a8c                _realloc_r
 .text._sbrk_r  0x0000000008007ad8       0x24 c:/st/stm32cubeide_1.8.0/stm32cubeide/plugins/com.st.stm32cube.ide.mcu.externaltools.gnu-tools-for-stm32.9-2020-q2-update.win32_2.0.0.202105311346/tools/bin/../lib/gcc/arm-none-eabi/9.3.1/../../../../arm-none-eabi/lib/thumb/v6-m/nofp\libc_nano.a(lib_a-sbrkr.o)
                0x0000000008007ad8                _sbrk_r
 .text.__malloc_lock
                0x0000000008007afc       0x10 c:/st/stm32cubeide_1.8.0/stm32cubeide/plugins/com.st.stm32cube.ide.mcu.externaltools.gnu-tools-for-stm32.9-2020-q2-update.win32_2.0.0.202105311346/tools/bin/../lib/gcc/arm-none-eabi/9.3.1/../../../../arm-none-eabi/lib/thumb/v6-m/nofp\libc_nano.a(lib_a-mlock.o)
                0x0000000008007afc                __malloc_lock
 .text.__malloc_unlock
                0x0000000008007b0c       0x10 c:/st/stm32cubeide_1.8.0/stm32cubeide/plugins/com.st.stm32cube.ide.mcu.externaltools.gnu-tools-for-stm32.9-2020-q2-update.win32_2.0.0.202105311346/tools/bin/../lib/gcc/arm-none-eabi/9.3.1/../../../../arm-none-eabi/lib/thumb/v6-m/nofp\libc_nano.a(lib_a-mlock.o)
                0x0000000008007b0c                __malloc_unlock
 .text._malloc_usable_size_r
                0x0000000008007b1c       0x10 c:/st/stm32cubeide_1.8.0/stm32cubeide/plugins/com.st.stm32cube.ide.mcu.externaltools.gnu-tools-for-stm32.9-2020-q2-update.win32_2.0.0.202105311346/tools/bin/../lib/gcc/arm-none-eabi/9.3.1/../../../../arm-none-eabi/lib/thumb/v6-m/nofp\libc_nano.a(lib_a-nano-msizer.o)
                0x0000000008007b1c                _malloc_usable_size_r
 *(.glue_7)
 .glue_7        0x0000000008007b2c        0x0 linker stubs
 *(.glue_7t)
 .glue_7t       0x0000000008007b2c        0x0 linker stubs
 *(.eh_frame)
 .eh_frame      0x0000000008007b2c        0x0 c:/st/stm32cubeide_1.8.0/stm32cubeide/plugins/com.st.stm32cube.ide.mcu.externaltools.gnu-tools-for-stm32.9-2020-q2-update.win32_2.0.0.202105311346/tools/bin/../lib/gcc/arm-none-eabi/9.3.1/thumb/v6-m/nofp/crtbegin.o
 *(.init)
 .init          0x0000000008007b2c        0x4 c:/st/stm32cubeide_1.8.0/stm32cubeide/plugins/com.st.stm32cube.ide.mcu.externaltools.gnu-tools-for-stm32.9-2020-q2-update.win32_2.0.0.202105311346/tools/bin/../lib/gcc/arm-none-eabi/9.3.1/thumb/v6-m/nofp/crti.o
                0x0000000008007b2c                _init
 .init          0x0000000008007b30        0x8 c:/st/stm32cubeide_1.8.0/stm32cubeide/plugins/com.st.stm32cube.ide.mcu.externaltools.gnu-tools-for-stm32.9-2020-q2-update.win32_2.0.0.202105311346/tools/bin/../lib/gcc/arm-none-eabi/9.3.1/thumb/v6-m/nofp/crtn.o
 *(.fini)
 .fini          0x0000000008007b38        0x4 c:/st/stm32cubeide_1.8.0/stm32cubeide/plugins/com.st.stm32cube.ide.mcu.externaltools.gnu-tools-for-stm32.9-2020-q2-update.win32_2.0.0.202105311346/tools/bin/../lib/gcc/arm-none-eabi/9.3.1/thumb/v6-m/nofp/crti.o
                0x0000000008007b38                _fini
 .fini          0x0000000008007b3c        0x8 c:/st/stm32cubeide_1.8.0/stm32cubeide/plugins/com.st.stm32cube.ide.mcu.externaltools.gnu-tools-for-stm32.9-2020-q2-update.win32_2.0.0.202105311346/tools/bin/../lib/gcc/arm-none-eabi/9.3.1/thumb/v6-m/nofp/crtn.o
                0x0000000008007b44                . = ALIGN (0x4)
                0x0000000008007b44                _etext = .

.vfp11_veneer   0x0000000008007b44        0x0
 .vfp11_veneer  0x0000000008007b44        0x0 linker stubs

.v4_bx          0x0000000008007b44        0x0
 .v4_bx         0x0000000008007b44        0x0 linker stubs

.iplt           0x0000000008007b44        0x0
 .iplt          0x0000000008007b44        0x0 c:/st/stm32cubeide_1.8.0/stm32cubeide/plugins/com.st.stm32cube.ide.mcu.externaltools.gnu-tools-for-stm32.9-2020-q2-update.win32_2.0.0.202105311346/tools/bin/../lib/gcc/arm-none-eabi/9.3.1/thumb/v6-m/nofp/crtbegin.o

.rodata         0x0000000008007b44     0x1814
                0x0000000008007b44                . = ALIGN (0x4)
 *(.rodata)
 .rodata        0x0000000008007b44       0x49 ./Core/Src/I2C.o
 *fill*         0x0000000008007b8d        0x3 
 .rodata        0x0000000008007b90      0x106 ./Core/Src/arducam.o
 *fill*         0x0000000008007c96        0x2 
 .rodata        0x0000000008007c98      0x66b ./Core/Src/cli.o
 *fill*         0x0000000008008303        0x1 
 .rodata        0x0000000008008304       0x4f ./Core/Src/main.o
 *fill*         0x0000000008008353        0x1 
 .rodata        0x0000000008008354        0xc c:/st/stm32cubeide_1.8.0/stm32cubeide/plugins/com.st.stm32cube.ide.mcu.externaltools.gnu-tools-for-stm32.9-2020-q2-update.win32_2.0.0.202105311346/tools/bin/../lib/gcc/arm-none-eabi/9.3.1/../../../../arm-none-eabi/lib/thumb/v6-m/nofp\libc_nano.a(lib_a-nano-vfscanf_i.o)
 *(.rodata*)
 .rodata.OV5642_RAW_Init_start
                0x0000000008008360       0xb8 ./Core/Src/arducam.o
                0x0000000008008360                OV5642_RAW_Init_start
 .rodata.OV5642_RAW_Init_finish
                0x0000000008008418       0xf8 ./Core/Src/arducam.o
                0x0000000008008418                OV5642_RAW_Init_finish
 .rodata.ov5642_320x240
                0x0000000008008510       0x6c ./Core/Src/arducam.o
                0x0000000008008510                ov5642_320x240
 .rodata.ov5642_640x480
                0x000000000800857c       0x6c ./Core/Src/arducam.o
                0x000000000800857c                ov5642_640x480
 .rodata.ov5642_1280x960
                0x00000000080085e8       0x68 ./Core/Src/arducam.o
                0x00000000080085e8                ov5642_1280x960
 .rodata.ov5642_1024x768
                0x0000000008008650       0x68 ./Core/Src/arducam.o
                0x0000000008008650                ov5642_1024x768
 .rodata.OV5642_QVGA_Preview
                0x00000000080086b8      0x920 ./Core/Src/arducam.o
                0x00000000080086b8                OV5642_QVGA_Preview
 .rodata.OV5642_JPEG_Capture_QSXGA
                0x0000000008008fd8      0x110 ./Core/Src/arducam.o
                0x0000000008008fd8                OV5642_JPEG_Capture_QSXGA
 .rodata.handle_command
                0x00000000080090e8       0x54 ./Core/Src/cli.o
 .rodata.AHBPrescTable
                0x000000000800913c       0x10 ./Core/Src/system_stm32l0xx.o
                0x000000000800913c                AHBPrescTable
 .rodata.APBPrescTable
                0x000000000800914c        0x8 ./Core/Src/system_stm32l0xx.o
                0x000000000800914c                APBPrescTable
 .rodata.PLLMulTable
                0x0000000008009154        0x9 ./Core/Src/system_stm32l0xx.o
                0x0000000008009154                PLLMulTable
 *fill*         0x000000000800915d        0x3 
 .rodata.UART_SetConfig
                0x0000000008009160       0x48 ./Drivers/STM32L0xx_HAL_Driver/Src/stm32l0xx_hal_uart.o
 .rodata._ctype_
                0x00000000080091a8      0x101 c:/st/stm32cubeide_1.8.0/stm32cubeide/plugins/com.st.stm32cube.ide.mcu.externaltools.gnu-tools-for-stm32.9-2020-q2-update.win32_2.0.0.202105311346/tools/bin/../lib/gcc/arm-none-eabi/9.3.1/../../../../arm-none-eabi/lib/thumb/v6-m/nofp\libc_nano.a(lib_a-ctype_.o)
                0x00000000080091a8                _ctype_
 .rodata._svfprintf_r.str1.1
                0x00000000080092a9       0x11 c:/st/stm32cubeide_1.8.0/stm32cubeide/plugins/com.st.stm32cube.ide.mcu.externaltools.gnu-tools-for-stm32.9-2020-q2-update.win32_2.0.0.202105311346/tools/bin/../lib/gcc/arm-none-eabi/9.3.1/../../../../arm-none-eabi/lib/thumb/v6-m/nofp\libc_nano.a(lib_a-nano-svfprintf.o)
 .rodata.__ssvfscanf_r.str1.1
                0x00000000080092ba        0x4 c:/st/stm32cubeide_1.8.0/stm32cubeide/plugins/com.st.stm32cube.ide.mcu.externaltools.gnu-tools-for-stm32.9-2020-q2-update.win32_2.0.0.202105311346/tools/bin/../lib/gcc/arm-none-eabi/9.3.1/../../../../arm-none-eabi/lib/thumb/v6-m/nofp\libc_nano.a(lib_a-nano-svfscanf.o)
 .rodata._printf_i.str1.1
                0x00000000080092ba       0x22 c:/st/stm32cubeide_1.8.0/stm32cubeide/plugins/com.st.stm32cube.ide.mcu.externaltools.gnu-tools-for-stm32.9-2020-q2-update.win32_2.0.0.202105311346/tools/bin/../lib/gcc/arm-none-eabi/9.3.1/../../../../arm-none-eabi/lib/thumb/v6-m/nofp\libc_nano.a(lib_a-nano-vfprintf_i.o)
 .rodata.str1.1
                0x00000000080092dc        0x9 c:/st/stm32cubeide_1.8.0/stm32cubeide/plugins/com.st.stm32cube.ide.mcu.externaltools.gnu-tools-for-stm32.9-2020-q2-update.win32_2.0.0.202105311346/tools/bin/../lib/gcc/arm-none-eabi/9.3.1/../../../../arm-none-eabi/lib/thumb/v6-m/nofp\libc_nano.a(lib_a-nano-vfscanf_i.o)
 .rodata._scanf_i.str1.1
                0x00000000080092e5       0x12 c:/st/stm32cubeide_1.8.0/stm32cubeide/plugins/com.st.stm32cube.ide.mcu.externaltools.gnu-tools-for-stm32.9-2020-q2-update.win32_2.0.0.202105311346/tools/bin/../lib/gcc/arm-none-eabi/9.3.1/../../../../arm-none-eabi/lib/thumb/v6-m/nofp\libc_nano.a(lib_a-nano-vfscanf_i.o)
 *fill*         0x00000000080092f7        0x1 
 .rodata.__sf_fake_stderr
                0x00000000080092f8       0x20 c:/st/stm32cubeide_1.8.0/stm32cubeide/plugins/com.st.stm32cube.ide.mcu.externaltools.gnu-tools-for-stm32.9-2020-q2-update.win32_2.0.0.202105311346/tools/bin/../lib/gcc/arm-none-eabi/9.3.1/../../../../arm-none-eabi/lib/thumb/v6-m/nofp\libc_nano.a(lib_a-findfp.o)
                0x00000000080092f8                __sf_fake_stderr
 .rodata.__sf_fake_stdin
                0x0000000008009318       0x20 c:/st/stm32cubeide_1.8.0/stm32cubeide/plugins/com.st.stm32cube.ide.mcu.externaltools.gnu-tools-for-stm32.9-2020-q2-update.win32_2.0.0.202105311346/tools/bin/../lib/gcc/arm-none-eabi/9.3.1/../../../../arm-none-eabi/lib/thumb/v6-m/nofp\libc_nano.a(lib_a-findfp.o)
                0x0000000008009318                __sf_fake_stdin
 .rodata.__sf_fake_stdout
                0x0000000008009338       0x20 c:/st/stm32cubeide_1.8.0/stm32cubeide/plugins/com.st.stm32cube.ide.mcu.externaltools.gnu-tools-for-stm32.9-2020-q2-update.win32_2.0.0.202105311346/tools/bin/../lib/gcc/arm-none-eabi/9.3.1/../../../../arm-none-eabi/lib/thumb/v6-m/nofp\libc_nano.a(lib_a-findfp.o)
                0x0000000008009338                __sf_fake_stdout
                0x0000000008009358                . = ALIGN (0x4)

.ARM.extab      0x0000000008009358        0x0
                0x0000000008009358                . = ALIGN (0x4)
 *(.ARM.extab* .gnu.linkonce.armextab.*)
                0x0000000008009358                . = ALIGN (0x4)

.ARM            0x0000000008009358        0x8
                0x0000000008009358                . = ALIGN (0x4)
                0x0000000008009358                __exidx_start = .
 *(.ARM.exidx*)
 .ARM.exidx     0x0000000008009358        0x8 c:/st/stm32cubeide_1.8.0/stm32cubeide/plugins/com.st.stm32cube.ide.mcu.externaltools.gnu-tools-for-stm32.9-2020-q2-update.win32_2.0.0.202105311346/tools/bin/../lib/gcc/arm-none-eabi/9.3.1/thumb/v6-m/nofp\libgcc.a(_udivmoddi4.o)
                0x0000000008009360                __exidx_end = .
                0x0000000008009360                . = ALIGN (0x4)

.rel.dyn        0x0000000008009360        0x0
 .rel.iplt      0x0000000008009360        0x0 c:/st/stm32cubeide_1.8.0/stm32cubeide/plugins/com.st.stm32cube.ide.mcu.externaltools.gnu-tools-for-stm32.9-2020-q2-update.win32_2.0.0.202105311346/tools/bin/../lib/gcc/arm-none-eabi/9.3.1/thumb/v6-m/nofp/crtbegin.o

.preinit_array  0x0000000008009360        0x0
                0x0000000008009360                . = ALIGN (0x4)
                0x0000000008009360                PROVIDE (__preinit_array_start = .)
 *(.preinit_array*)
                0x0000000008009360                PROVIDE (__preinit_array_end = .)
                0x0000000008009360                . = ALIGN (0x4)

.init_array     0x0000000008009360        0x4
                0x0000000008009360                . = ALIGN (0x4)
                0x0000000008009360                PROVIDE (__init_array_start = .)
 *(SORT_BY_NAME(.init_array.*))
 *(.init_array*)
 .init_array    0x0000000008009360        0x4 c:/st/stm32cubeide_1.8.0/stm32cubeide/plugins/com.st.stm32cube.ide.mcu.externaltools.gnu-tools-for-stm32.9-2020-q2-update.win32_2.0.0.202105311346/tools/bin/../lib/gcc/arm-none-eabi/9.3.1/thumb/v6-m/nofp/crtbegin.o
                0x0000000008009364                PROVIDE (__init_array_end = .)
                0x0000000008009364                . = ALIGN (0x4)

.fini_array     0x0000000008009364        0x4
                0x0000000008009364                . = ALIGN (0x4)
                [!provide]                        PROVIDE (__fini_array_start = .)
 *(SORT_BY_NAME(.fini_array.*))
 *(.fini_array*)
 .fini_array    0x0000000008009364        0x4 c:/st/stm32cubeide_1.8.0/stm32cubeide/plugins/com.st.stm32cube.ide.mcu.externaltools.gnu-tools-for-stm32.9-2020-q2-update.win32_2.0.0.202105311346/tools/bin/../lib/gcc/arm-none-eabi/9.3.1/thumb/v6-m/nofp/crtbegin.o
                [!provide]                        PROVIDE (__fini_array_end = .)
                0x0000000008009368                . = ALIGN (0x4)
                0x0000000008009368                _sidata = LOADADDR (.data)

.data           0x0000000020000000       0x78 load address 0x0000000008009368
                0x0000000020000000                . = ALIGN (0x4)
                0x0000000020000000                _sdata = .
 *(.data)
 *(.data*)
 .data.VIS_ADDRESS
                0x0000000020000000        0x2 ./Core/Src/I2C.o
 .data.NIR_ADDRESS
                0x0000000020000002        0x2 ./Core/Src/I2C.o
 .data.format   0x0000000020000004        0x4 ./Core/Src/cli.o
                0x0000000020000004                format
 .data.SystemCoreClock
                0x0000000020000008        0x4 ./Core/Src/system_stm32l0xx.o
                0x0000000020000008                SystemCoreClock
 .data.uwTickPrio
                0x000000002000000c        0x4 ./Drivers/STM32L0xx_HAL_Driver/Src/stm32l0xx_hal.o
                0x000000002000000c                uwTickPrio
 .data.uwTickFreq
                0x0000000020000010        0x1 ./Drivers/STM32L0xx_HAL_Driver/Src/stm32l0xx_hal.o
                0x0000000020000010                uwTickFreq
 *fill*         0x0000000020000011        0x3 
 .data._impure_ptr
                0x0000000020000014        0x4 c:/st/stm32cubeide_1.8.0/stm32cubeide/plugins/com.st.stm32cube.ide.mcu.externaltools.gnu-tools-for-stm32.9-2020-q2-update.win32_2.0.0.202105311346/tools/bin/../lib/gcc/arm-none-eabi/9.3.1/../../../../arm-none-eabi/lib/thumb/v6-m/nofp\libc_nano.a(lib_a-impure.o)
                0x0000000020000014                _impure_ptr
 .data.impure_data
                0x0000000020000018       0x60 c:/st/stm32cubeide_1.8.0/stm32cubeide/plugins/com.st.stm32cube.ide.mcu.externaltools.gnu-tools-for-stm32.9-2020-q2-update.win32_2.0.0.202105311346/tools/bin/../lib/gcc/arm-none-eabi/9.3.1/../../../../arm-none-eabi/lib/thumb/v6-m/nofp\libc_nano.a(lib_a-impure.o)
 *(.RamFunc)
 *(.RamFunc*)
                0x0000000020000078                . = ALIGN (0x4)
                0x0000000020000078                _edata = .

.igot.plt       0x0000000020000078        0x0 load address 0x00000000080093e0
 .igot.plt      0x0000000020000078        0x0 c:/st/stm32cubeide_1.8.0/stm32cubeide/plugins/com.st.stm32cube.ide.mcu.externaltools.gnu-tools-for-stm32.9-2020-q2-update.win32_2.0.0.202105311346/tools/bin/../lib/gcc/arm-none-eabi/9.3.1/thumb/v6-m/nofp/crtbegin.o
                0x0000000020000078                . = ALIGN (0x4)

.bss            0x0000000020000078      0x170 load address 0x00000000080093e0
                0x0000000020000078                _sbss = .
                0x0000000020000078                __bss_start__ = _sbss
 *(.bss)
 .bss           0x0000000020000078       0x1c c:/st/stm32cubeide_1.8.0/stm32cubeide/plugins/com.st.stm32cube.ide.mcu.externaltools.gnu-tools-for-stm32.9-2020-q2-update.win32_2.0.0.202105311346/tools/bin/../lib/gcc/arm-none-eabi/9.3.1/thumb/v6-m/nofp/crtbegin.o
 *(.bss*)
 .bss.VIS_DETECTED
                0x0000000020000094        0x4 ./Core/Src/cli.o
                0x0000000020000094                VIS_DETECTED
 .bss.NIR_DETECTED
                0x0000000020000098        0x4 ./Core/Src/cli.o
                0x0000000020000098                NIR_DETECTED
 .bss.hspi_nand
                0x000000002000009c        0x4 ./Core/Src/nand_spi.o
 .bss.__sbrk_heap_end
                0x00000000200000a0        0x4 ./Core/Src/sysmem.o
 .bss.__malloc_free_list
                0x00000000200000a4        0x4 c:/st/stm32cubeide_1.8.0/stm32cubeide/plugins/com.st.stm32cube.ide.mcu.externaltools.gnu-tools-for-stm32.9-2020-q2-update.win32_2.0.0.202105311346/tools/bin/../lib/gcc/arm-none-eabi/9.3.1/../../../../arm-none-eabi/lib/thumb/v6-m/nofp\libc_nano.a(lib_a-nano-mallocr.o)
                0x00000000200000a4                __malloc_free_list
 .bss.__malloc_sbrk_start
                0x00000000200000a8        0x4 c:/st/stm32cubeide_1.8.0/stm32cubeide/plugins/com.st.stm32cube.ide.mcu.externaltools.gnu-tools-for-stm32.9-2020-q2-update.win32_2.0.0.202105311346/tools/bin/../lib/gcc/arm-none-eabi/9.3.1/../../../../arm-none-eabi/lib/thumb/v6-m/nofp\libc_nano.a(lib_a-nano-mallocr.o)
                0x00000000200000a8                __malloc_sbrk_start
 *(COMMON)
 COMMON         0x00000000200000ac      0x128 ./Core/Src/main.o
                0x00000000200000ac                hspi2
                0x0000000020000104                hi2c2
                0x0000000020000150                huart1
 COMMON         0x00000000200001d4        0x4 ./Drivers/STM32L0xx_HAL_Driver/Src/stm32l0xx_hal.o
                0x00000000200001d4                uwTick
 COMMON         0x00000000200001d8        0x4 c:/st/stm32cubeide_1.8.0/stm32cubeide/plugins/com.st.stm32cube.ide.mcu.externaltools.gnu-tools-for-stm32.9-2020-q2-update.win32_2.0.0.202105311346/tools/bin/../lib/gcc/arm-none-eabi/9.3.1/../../../../arm-none-eabi/lib/thumb/v6-m/nofp\libc_nano.a(lib_a-reent.o)
                0x00000000200001d8                errno
 COMMON         0x00000000200001dc        0x9 c:/st/stm32cubeide_1.8.0/stm32cubeide/plugins/com.st.stm32cube.ide.mcu.externaltools.gnu-tools-for-stm32.9-2020-q2-update.win32_2.0.0.202105311346/tools/bin/../lib/gcc/arm-none-eabi/9.3.1/../../../../arm-none-eabi/lib/thumb/v6-m/nofp\libc_nano.a(lib_a-lock.o)
                0x00000000200001dc                __lock___atexit_recursive_mutex
                0x00000000200001dd                __lock___arc4random_mutex
                0x00000000200001de                __lock___env_recursive_mutex
                0x00000000200001df                __lock___sinit_recursive_mutex
                0x00000000200001e0                __lock___malloc_recursive_mutex
                0x00000000200001e1                __lock___at_quick_exit_mutex
                0x00000000200001e2                __lock___dd_hash_mutex
                0x00000000200001e3                __lock___tz_mutex
                0x00000000200001e4                __lock___sfp_recursive_mutex
                0x00000000200001e8                . = ALIGN (0x4)
 *fill*         0x00000000200001e5        0x3 
                0x00000000200001e8                _ebss = .
                0x00000000200001e8                __bss_end__ = _ebss

._user_heap_stack
                0x00000000200001e8      0x600 load address 0x00000000080093e0
                0x00000000200001e8                . = ALIGN (0x8)
                [!provide]                        PROVIDE (end = .)
                0x00000000200001e8                PROVIDE (_end = .)
                0x00000000200003e8                . = (. + _Min_Heap_Size)
 *fill*         0x00000000200001e8      0x200 
                0x00000000200007e8                . = (. + _Min_Stack_Size)
 *fill*         0x00000000200003e8      0x400 
                0x00000000200007e8                . = ALIGN (0x8)

/DISCARD/
 libc.a(*)
 libm.a(*)
 libgcc.a(*)

.ARM.attributes
                0x0000000000000000       0x28
 *(.ARM.attributes)
 .ARM.attributes
                0x0000000000000000       0x1e c:/st/stm32cubeide_1.8.0/stm32cubeide/plugins/com.st.stm32cube.ide.mcu.externaltools.gnu-tools-for-stm32.9-2020-q2-update.win32_2.0.0.202105311346/tools/bin/../lib/gcc/arm-none-eabi/9.3.1/thumb/v6-m/nofp/crti.o
 .ARM.attributes
                0x000000000000001e       0x2c c:/st/stm32cubeide_1.8.0/stm32cubeide/plugins/com.st.stm32cube.ide.mcu.externaltools.gnu-tools-for-stm32.9-2020-q2-update.win32_2.0.0.202105311346/tools/bin/../lib/gcc/arm-none-eabi/9.3.1/thumb/v6-m/nofp/crtbegin.o
 .ARM.attributes
                0x000000000000004a       0x2c ./Core/Src/I2C.o
 .ARM.attributes
                0x0000000000000076       0x2c ./Core/Src/arducam.o
 .ARM.attributes
                0x00000000000000a2       0x2c ./Core/Src/cli.o
 .ARM.attributes
                0x00000000000000ce       0x2c ./Core/Src/main.o
 .ARM.attributes
                0x00000000000000fa       0x2c ./Core/Src/nand_m79a.o
 .ARM.attributes
                0x0000000000000126       0x2c ./Core/Src/nand_m79a_lld.o
 .ARM.attributes
                0x0000000000000152       0x2c ./Core/Src/nand_spi.o
 .ARM.attributes
                0x000000000000017e       0x2c ./Core/Src/spi_bitbang.o
 .ARM.attributes
                0x00000000000001aa       0x2c ./Core/Src/stm32l0xx_hal_msp.o
 .ARM.attributes
                0x00000000000001d6       0x2c ./Core/Src/stm32l0xx_it.o
 .ARM.attributes
                0x0000000000000202       0x2c ./Core/Src/sysmem.o
 .ARM.attributes
                0x000000000000022e       0x2c ./Core/Src/system_stm32l0xx.o
 .ARM.attributes
                0x000000000000025a       0x22 ./Core/Startup/startup_stm32l071c8tx.o
 .ARM.attributes
                0x000000000000027c       0x2c ./Drivers/STM32L0xx_HAL_Driver/Src/stm32l0xx_hal.o
 .ARM.attributes
                0x00000000000002a8       0x2c ./Drivers/STM32L0xx_HAL_Driver/Src/stm32l0xx_hal_cortex.o
 .ARM.attributes
                0x00000000000002d4       0x2c ./Drivers/STM32L0xx_HAL_Driver/Src/stm32l0xx_hal_gpio.o
 .ARM.attributes
                0x0000000000000300       0x2c ./Drivers/STM32L0xx_HAL_Driver/Src/stm32l0xx_hal_i2c.o
 .ARM.attributes
                0x000000000000032c       0x2c ./Drivers/STM32L0xx_HAL_Driver/Src/stm32l0xx_hal_i2c_ex.o
 .ARM.attributes
                0x0000000000000358       0x2c ./Drivers/STM32L0xx_HAL_Driver/Src/stm32l0xx_hal_rcc.o
 .ARM.attributes
                0x0000000000000384       0x2c ./Drivers/STM32L0xx_HAL_Driver/Src/stm32l0xx_hal_rcc_ex.o
 .ARM.attributes
                0x00000000000003b0       0x2c ./Drivers/STM32L0xx_HAL_Driver/Src/stm32l0xx_hal_spi.o
 .ARM.attributes
                0x00000000000003dc       0x2c ./Drivers/STM32L0xx_HAL_Driver/Src/stm32l0xx_hal_uart.o
 .ARM.attributes
                0x0000000000000408       0x2c c:/st/stm32cubeide_1.8.0/stm32cubeide/plugins/com.st.stm32cube.ide.mcu.externaltools.gnu-tools-for-stm32.9-2020-q2-update.win32_2.0.0.202105311346/tools/bin/../lib/gcc/arm-none-eabi/9.3.1/../../../../arm-none-eabi/lib/thumb/v6-m/nofp\libc_nano.a(lib_a-ctype_.o)
 .ARM.attributes
                0x0000000000000434       0x2c c:/st/stm32cubeide_1.8.0/stm32cubeide/plugins/com.st.stm32cube.ide.mcu.externaltools.gnu-tools-for-stm32.9-2020-q2-update.win32_2.0.0.202105311346/tools/bin/../lib/gcc/arm-none-eabi/9.3.1/../../../../arm-none-eabi/lib/thumb/v6-m/nofp\libc_nano.a(lib_a-errno.o)
 .ARM.attributes
                0x0000000000000460       0x2c c:/st/stm32cubeide_1.8.0/stm32cubeide/plugins/com.st.stm32cube.ide.mcu.externaltools.gnu-tools-for-stm32.9-2020-q2-update.win32_2.0.0.202105311346/tools/bin/../lib/gcc/arm-none-eabi/9.3.1/../../../../arm-none-eabi/lib/thumb/v6-m/nofp\libc_nano.a(lib_a-impure.o)
 .ARM.attributes
                0x000000000000048c       0x2c c:/st/stm32cubeide_1.8.0/stm32cubeide/plugins/com.st.stm32cube.ide.mcu.externaltools.gnu-tools-for-stm32.9-2020-q2-update.win32_2.0.0.202105311346/tools/bin/../lib/gcc/arm-none-eabi/9.3.1/../../../../arm-none-eabi/lib/thumb/v6-m/nofp\libc_nano.a(lib_a-init.o)
 .ARM.attributes
                0x00000000000004b8       0x2c c:/st/stm32cubeide_1.8.0/stm32cubeide/plugins/com.st.stm32cube.ide.mcu.externaltools.gnu-tools-for-stm32.9-2020-q2-update.win32_2.0.0.202105311346/tools/bin/../lib/gcc/arm-none-eabi/9.3.1/../../../../arm-none-eabi/lib/thumb/v6-m/nofp\libc_nano.a(lib_a-memcpy-stub.o)
 .ARM.attributes
                0x00000000000004e4       0x2c c:/st/stm32cubeide_1.8.0/stm32cubeide/plugins/com.st.stm32cube.ide.mcu.externaltools.gnu-tools-for-stm32.9-2020-q2-update.win32_2.0.0.202105311346/tools/bin/../lib/gcc/arm-none-eabi/9.3.1/../../../../arm-none-eabi/lib/thumb/v6-m/nofp\libc_nano.a(lib_a-memset.o)
 .ARM.attributes
                0x0000000000000510       0x2c c:/st/stm32cubeide_1.8.0/stm32cubeide/plugins/com.st.stm32cube.ide.mcu.externaltools.gnu-tools-for-stm32.9-2020-q2-update.win32_2.0.0.202105311346/tools/bin/../lib/gcc/arm-none-eabi/9.3.1/../../../../arm-none-eabi/lib/thumb/v6-m/nofp\libc_nano.a(lib_a-sprintf.o)
 .ARM.attributes
                0x000000000000053c       0x2c c:/st/stm32cubeide_1.8.0/stm32cubeide/plugins/com.st.stm32cube.ide.mcu.externaltools.gnu-tools-for-stm32.9-2020-q2-update.win32_2.0.0.202105311346/tools/bin/../lib/gcc/arm-none-eabi/9.3.1/../../../../arm-none-eabi/lib/thumb/v6-m/nofp\libc_nano.a(lib_a-sscanf.o)
 .ARM.attributes
                0x0000000000000568       0x2c c:/st/stm32cubeide_1.8.0/stm32cubeide/plugins/com.st.stm32cube.ide.mcu.externaltools.gnu-tools-for-stm32.9-2020-q2-update.win32_2.0.0.202105311346/tools/bin/../lib/gcc/arm-none-eabi/9.3.1/../../../../arm-none-eabi/lib/thumb/v6-m/nofp\libc_nano.a(lib_a-stdio.o)
 .ARM.attributes
                0x0000000000000594       0x1c c:/st/stm32cubeide_1.8.0/stm32cubeide/plugins/com.st.stm32cube.ide.mcu.externaltools.gnu-tools-for-stm32.9-2020-q2-update.win32_2.0.0.202105311346/tools/bin/../lib/gcc/arm-none-eabi/9.3.1/../../../../arm-none-eabi/lib/thumb/v6-m/nofp\libc_nano.a(lib_a-strlen.o)
 .ARM.attributes
                0x00000000000005b0       0x2c c:/st/stm32cubeide_1.8.0/stm32cubeide/plugins/com.st.stm32cube.ide.mcu.externaltools.gnu-tools-for-stm32.9-2020-q2-update.win32_2.0.0.202105311346/tools/bin/../lib/gcc/arm-none-eabi/9.3.1/../../../../arm-none-eabi/lib/thumb/v6-m/nofp\libc_nano.a(lib_a-nano-svfprintf.o)
 .ARM.attributes
                0x00000000000005dc       0x2c c:/st/stm32cubeide_1.8.0/stm32cubeide/plugins/com.st.stm32cube.ide.mcu.externaltools.gnu-tools-for-stm32.9-2020-q2-update.win32_2.0.0.202105311346/tools/bin/../lib/gcc/arm-none-eabi/9.3.1/../../../../arm-none-eabi/lib/thumb/v6-m/nofp\libc_nano.a(lib_a-nano-svfscanf.o)
 .ARM.attributes
                0x0000000000000608       0x2c c:/st/stm32cubeide_1.8.0/stm32cubeide/plugins/com.st.stm32cube.ide.mcu.externaltools.gnu-tools-for-stm32.9-2020-q2-update.win32_2.0.0.202105311346/tools/bin/../lib/gcc/arm-none-eabi/9.3.1/../../../../arm-none-eabi/lib/thumb/v6-m/nofp\libc_nano.a(lib_a-nano-vfprintf_i.o)
 .ARM.attributes
                0x0000000000000634       0x2c c:/st/stm32cubeide_1.8.0/stm32cubeide/plugins/com.st.stm32cube.ide.mcu.externaltools.gnu-tools-for-stm32.9-2020-q2-update.win32_2.0.0.202105311346/tools/bin/../lib/gcc/arm-none-eabi/9.3.1/../../../../arm-none-eabi/lib/thumb/v6-m/nofp\libc_nano.a(lib_a-nano-vfscanf_i.o)
 .ARM.attributes
                0x0000000000000660       0x2c c:/st/stm32cubeide_1.8.0/stm32cubeide/plugins/com.st.stm32cube.ide.mcu.externaltools.gnu-tools-for-stm32.9-2020-q2-update.win32_2.0.0.202105311346/tools/bin/../lib/gcc/arm-none-eabi/9.3.1/../../../../arm-none-eabi/lib/thumb/v6-m/nofp\libc_nano.a(lib_a-reent.o)
 .ARM.attributes
                0x000000000000068c       0x2c c:/st/stm32cubeide_1.8.0/stm32cubeide/plugins/com.st.stm32cube.ide.mcu.externaltools.gnu-tools-for-stm32.9-2020-q2-update.win32_2.0.0.202105311346/tools/bin/../lib/gcc/arm-none-eabi/9.3.1/../../../../arm-none-eabi/lib/thumb/v6-m/nofp\libc_nano.a(lib_a-sccl.o)
 .ARM.attributes
                0x00000000000006b8       0x2c c:/st/stm32cubeide_1.8.0/stm32cubeide/plugins/com.st.stm32cube.ide.mcu.externaltools.gnu-tools-for-stm32.9-2020-q2-update.win32_2.0.0.202105311346/tools/bin/../lib/gcc/arm-none-eabi/9.3.1/../../../../arm-none-eabi/lib/thumb/v6-m/nofp\libc_nano.a(lib_a-strtol.o)
 .ARM.attributes
                0x00000000000006e4       0x2c c:/st/stm32cubeide_1.8.0/stm32cubeide/plugins/com.st.stm32cube.ide.mcu.externaltools.gnu-tools-for-stm32.9-2020-q2-update.win32_2.0.0.202105311346/tools/bin/../lib/gcc/arm-none-eabi/9.3.1/../../../../arm-none-eabi/lib/thumb/v6-m/nofp\libc_nano.a(lib_a-strtoul.o)
 .ARM.attributes
                0x0000000000000710       0x2c c:/st/stm32cubeide_1.8.0/stm32cubeide/plugins/com.st.stm32cube.ide.mcu.externaltools.gnu-tools-for-stm32.9-2020-q2-update.win32_2.0.0.202105311346/tools/bin/../lib/gcc/arm-none-eabi/9.3.1/../../../../arm-none-eabi/lib/thumb/v6-m/nofp\libc_nano.a(lib_a-ungetc.o)
 .ARM.attributes
                0x000000000000073c       0x2c c:/st/stm32cubeide_1.8.0/stm32cubeide/plugins/com.st.stm32cube.ide.mcu.externaltools.gnu-tools-for-stm32.9-2020-q2-update.win32_2.0.0.202105311346/tools/bin/../lib/gcc/arm-none-eabi/9.3.1/../../../../arm-none-eabi/lib/thumb/v6-m/nofp\libc_nano.a(lib_a-findfp.o)
 .ARM.attributes
                0x0000000000000768       0x2c c:/st/stm32cubeide_1.8.0/stm32cubeide/plugins/com.st.stm32cube.ide.mcu.externaltools.gnu-tools-for-stm32.9-2020-q2-update.win32_2.0.0.202105311346/tools/bin/../lib/gcc/arm-none-eabi/9.3.1/../../../../arm-none-eabi/lib/thumb/v6-m/nofp\libc_nano.a(lib_a-lock.o)
 .ARM.attributes
                0x0000000000000794       0x2c c:/st/stm32cubeide_1.8.0/stm32cubeide/plugins/com.st.stm32cube.ide.mcu.externaltools.gnu-tools-for-stm32.9-2020-q2-update.win32_2.0.0.202105311346/tools/bin/../lib/gcc/arm-none-eabi/9.3.1/../../../../arm-none-eabi/lib/thumb/v6-m/nofp\libc_nano.a(lib_a-memchr-stub.o)
 .ARM.attributes
                0x00000000000007c0       0x2c c:/st/stm32cubeide_1.8.0/stm32cubeide/plugins/com.st.stm32cube.ide.mcu.externaltools.gnu-tools-for-stm32.9-2020-q2-update.win32_2.0.0.202105311346/tools/bin/../lib/gcc/arm-none-eabi/9.3.1/../../../../arm-none-eabi/lib/thumb/v6-m/nofp\libc_nano.a(lib_a-memmove.o)
 .ARM.attributes
                0x00000000000007ec       0x2c c:/st/stm32cubeide_1.8.0/stm32cubeide/plugins/com.st.stm32cube.ide.mcu.externaltools.gnu-tools-for-stm32.9-2020-q2-update.win32_2.0.0.202105311346/tools/bin/../lib/gcc/arm-none-eabi/9.3.1/../../../../arm-none-eabi/lib/thumb/v6-m/nofp\libc_nano.a(lib_a-nano-freer.o)
 .ARM.attributes
                0x0000000000000818       0x2c c:/st/stm32cubeide_1.8.0/stm32cubeide/plugins/com.st.stm32cube.ide.mcu.externaltools.gnu-tools-for-stm32.9-2020-q2-update.win32_2.0.0.202105311346/tools/bin/../lib/gcc/arm-none-eabi/9.3.1/../../../../arm-none-eabi/lib/thumb/v6-m/nofp\libc_nano.a(lib_a-nano-mallocr.o)
 .ARM.attributes
                0x0000000000000844       0x2c c:/st/stm32cubeide_1.8.0/stm32cubeide/plugins/com.st.stm32cube.ide.mcu.externaltools.gnu-tools-for-stm32.9-2020-q2-update.win32_2.0.0.202105311346/tools/bin/../lib/gcc/arm-none-eabi/9.3.1/../../../../arm-none-eabi/lib/thumb/v6-m/nofp\libc_nano.a(lib_a-nano-reallocr.o)
 .ARM.attributes
                0x0000000000000870       0x2c c:/st/stm32cubeide_1.8.0/stm32cubeide/plugins/com.st.stm32cube.ide.mcu.externaltools.gnu-tools-for-stm32.9-2020-q2-update.win32_2.0.0.202105311346/tools/bin/../lib/gcc/arm-none-eabi/9.3.1/../../../../arm-none-eabi/lib/thumb/v6-m/nofp\libc_nano.a(lib_a-sbrkr.o)
 .ARM.attributes
                0x000000000000089c       0x2c c:/st/stm32cubeide_1.8.0/stm32cubeide/plugins/com.st.stm32cube.ide.mcu.externaltools.gnu-tools-for-stm32.9-2020-q2-update.win32_2.0.0.202105311346/tools/bin/../lib/gcc/arm-none-eabi/9.3.1/../../../../arm-none-eabi/lib/thumb/v6-m/nofp\libc_nano.a(lib_a-mlock.o)
 .ARM.attributes
                0x00000000000008c8       0x2c c:/st/stm32cubeide_1.8.0/stm32cubeide/plugins/com.st.stm32cube.ide.mcu.externaltools.gnu-tools-for-stm32.9-2020-q2-update.win32_2.0.0.202105311346/tools/bin/../lib/gcc/arm-none-eabi/9.3.1/../../../../arm-none-eabi/lib/thumb/v6-m/nofp\libc_nano.a(lib_a-nano-msizer.o)
 .ARM.attributes
                0x00000000000008f4       0x1e c:/st/stm32cubeide_1.8.0/stm32cubeide/plugins/com.st.stm32cube.ide.mcu.externaltools.gnu-tools-for-stm32.9-2020-q2-update.win32_2.0.0.202105311346/tools/bin/../lib/gcc/arm-none-eabi/9.3.1/thumb/v6-m/nofp\libgcc.a(_thumb1_case_shi.o)
 .ARM.attributes
                0x0000000000000912       0x1e c:/st/stm32cubeide_1.8.0/stm32cubeide/plugins/com.st.stm32cube.ide.mcu.externaltools.gnu-tools-for-stm32.9-2020-q2-update.win32_2.0.0.202105311346/tools/bin/../lib/gcc/arm-none-eabi/9.3.1/thumb/v6-m/nofp\libgcc.a(_udivsi3.o)
 .ARM.attributes
                0x0000000000000930       0x1e c:/st/stm32cubeide_1.8.0/stm32cubeide/plugins/com.st.stm32cube.ide.mcu.externaltools.gnu-tools-for-stm32.9-2020-q2-update.win32_2.0.0.202105311346/tools/bin/../lib/gcc/arm-none-eabi/9.3.1/thumb/v6-m/nofp\libgcc.a(_dvmd_tls.o)
 .ARM.attributes
                0x000000000000094e       0x1e c:/st/stm32cubeide_1.8.0/stm32cubeide/plugins/com.st.stm32cube.ide.mcu.externaltools.gnu-tools-for-stm32.9-2020-q2-update.win32_2.0.0.202105311346/tools/bin/../lib/gcc/arm-none-eabi/9.3.1/thumb/v6-m/nofp\libgcc.a(_aeabi_uldivmod.o)
 .ARM.attributes
                0x000000000000096c       0x2c c:/st/stm32cubeide_1.8.0/stm32cubeide/plugins/com.st.stm32cube.ide.mcu.externaltools.gnu-tools-for-stm32.9-2020-q2-update.win32_2.0.0.202105311346/tools/bin/../lib/gcc/arm-none-eabi/9.3.1/thumb/v6-m/nofp\libgcc.a(_muldi3.o)
 .ARM.attributes
                0x0000000000000998       0x2c c:/st/stm32cubeide_1.8.0/stm32cubeide/plugins/com.st.stm32cube.ide.mcu.externaltools.gnu-tools-for-stm32.9-2020-q2-update.win32_2.0.0.202105311346/tools/bin/../lib/gcc/arm-none-eabi/9.3.1/thumb/v6-m/nofp\libgcc.a(_udivmoddi4.o)
 .ARM.attributes
                0x00000000000009c4       0x1e c:/st/stm32cubeide_1.8.0/stm32cubeide/plugins/com.st.stm32cube.ide.mcu.externaltools.gnu-tools-for-stm32.9-2020-q2-update.win32_2.0.0.202105311346/tools/bin/../lib/gcc/arm-none-eabi/9.3.1/thumb/v6-m/nofp\libgcc.a(_clzsi2.o)
 .ARM.attributes
                0x00000000000009e2       0x1e c:/st/stm32cubeide_1.8.0/stm32cubeide/plugins/com.st.stm32cube.ide.mcu.externaltools.gnu-tools-for-stm32.9-2020-q2-update.win32_2.0.0.202105311346/tools/bin/../lib/gcc/arm-none-eabi/9.3.1/thumb/v6-m/nofp\libgcc.a(_clzdi2.o)
 .ARM.attributes
                0x0000000000000a00       0x1e c:/st/stm32cubeide_1.8.0/stm32cubeide/plugins/com.st.stm32cube.ide.mcu.externaltools.gnu-tools-for-stm32.9-2020-q2-update.win32_2.0.0.202105311346/tools/bin/../lib/gcc/arm-none-eabi/9.3.1/thumb/v6-m/nofp/crtn.o
OUTPUT(IEB_stm32.elf elf32-littlearm)
LOAD linker stubs
LOAD c:/st/stm32cubeide_1.8.0/stm32cubeide/plugins/com.st.stm32cube.ide.mcu.externaltools.gnu-tools-for-stm32.9-2020-q2-update.win32_2.0.0.202105311346/tools/bin/../lib/gcc/arm-none-eabi/9.3.1/../../../../arm-none-eabi/lib/thumb/v6-m/nofp\libc.a
LOAD c:/st/stm32cubeide_1.8.0/stm32cubeide/plugins/com.st.stm32cube.ide.mcu.externaltools.gnu-tools-for-stm32.9-2020-q2-update.win32_2.0.0.202105311346/tools/bin/../lib/gcc/arm-none-eabi/9.3.1/../../../../arm-none-eabi/lib/thumb/v6-m/nofp\libm.a
LOAD c:/st/stm32cubeide_1.8.0/stm32cubeide/plugins/com.st.stm32cube.ide.mcu.externaltools.gnu-tools-for-stm32.9-2020-q2-update.win32_2.0.0.202105311346/tools/bin/../lib/gcc/arm-none-eabi/9.3.1/thumb/v6-m/nofp\libgcc.a

.debug_info     0x0000000000000000    0x14a04
 .debug_info    0x0000000000000000     0x16eb ./Core/Src/I2C.o
 .debug_info    0x00000000000016eb     0x18ed ./Core/Src/arducam.o
 .debug_info    0x0000000000002fd8     0x18f8 ./Core/Src/cli.o
 .debug_info    0x00000000000048d0     0x1b9a ./Core/Src/main.o
 .debug_info    0x000000000000646a      0x361 ./Core/Src/nand_m79a.o
 .debug_info    0x00000000000067cb      0x8f2 ./Core/Src/nand_m79a_lld.o
 .debug_info    0x00000000000070bd      0xbb7 ./Core/Src/nand_spi.o
 .debug_info    0x0000000000007c74      0x490 ./Core/Src/spi_bitbang.o
 .debug_info    0x0000000000008104     0x1045 ./Core/Src/stm32l0xx_hal_msp.o
 .debug_info    0x0000000000009149      0x1d4 ./Core/Src/stm32l0xx_it.o
 .debug_info    0x000000000000931d      0xa25 ./Core/Src/sysmem.o
 .debug_info    0x0000000000009d42      0x363 ./Core/Src/system_stm32l0xx.o
 .debug_info    0x000000000000a0a5       0x22 ./Core/Startup/startup_stm32l071c8tx.o
 .debug_info    0x000000000000a0c7      0x910 ./Drivers/STM32L0xx_HAL_Driver/Src/stm32l0xx_hal.o
 .debug_info    0x000000000000a9d7      0x99d ./Drivers/STM32L0xx_HAL_Driver/Src/stm32l0xx_hal_cortex.o
 .debug_info    0x000000000000b374      0x788 ./Drivers/STM32L0xx_HAL_Driver/Src/stm32l0xx_hal_gpio.o
 .debug_info    0x000000000000bafc     0x21c3 ./Drivers/STM32L0xx_HAL_Driver/Src/stm32l0xx_hal_i2c.o
 .debug_info    0x000000000000dcbf      0x9c1 ./Drivers/STM32L0xx_HAL_Driver/Src/stm32l0xx_hal_i2c_ex.o
 .debug_info    0x000000000000e680      0x9e7 ./Drivers/STM32L0xx_HAL_Driver/Src/stm32l0xx_hal_rcc.o
 .debug_info    0x000000000000f067      0x581 ./Drivers/STM32L0xx_HAL_Driver/Src/stm32l0xx_hal_rcc_ex.o
 .debug_info    0x000000000000f5e8     0x1775 ./Drivers/STM32L0xx_HAL_Driver/Src/stm32l0xx_hal_spi.o
 .debug_info    0x0000000000010d5d     0x3ca7 ./Drivers/STM32L0xx_HAL_Driver/Src/stm32l0xx_hal_uart.o

.debug_abbrev   0x0000000000000000     0x2ce0
 .debug_abbrev  0x0000000000000000      0x23e ./Core/Src/I2C.o
 .debug_abbrev  0x000000000000023e      0x301 ./Core/Src/arducam.o
 .debug_abbrev  0x000000000000053f      0x328 ./Core/Src/cli.o
 .debug_abbrev  0x0000000000000867      0x2f3 ./Core/Src/main.o
 .debug_abbrev  0x0000000000000b5a      0x161 ./Core/Src/nand_m79a.o
 .debug_abbrev  0x0000000000000cbb      0x1ad ./Core/Src/nand_m79a_lld.o
 .debug_abbrev  0x0000000000000e68      0x263 ./Core/Src/nand_spi.o
 .debug_abbrev  0x00000000000010cb      0x1b1 ./Core/Src/spi_bitbang.o
 .debug_abbrev  0x000000000000127c      0x1d9 ./Core/Src/stm32l0xx_hal_msp.o
 .debug_abbrev  0x0000000000001455       0xd2 ./Core/Src/stm32l0xx_it.o
 .debug_abbrev  0x0000000000001527      0x1bf ./Core/Src/sysmem.o
 .debug_abbrev  0x00000000000016e6      0x145 ./Core/Src/system_stm32l0xx.o
 .debug_abbrev  0x000000000000182b       0x12 ./Core/Startup/startup_stm32l071c8tx.o
 .debug_abbrev  0x000000000000183d      0x267 ./Drivers/STM32L0xx_HAL_Driver/Src/stm32l0xx_hal.o
 .debug_abbrev  0x0000000000001aa4      0x2b4 ./Drivers/STM32L0xx_HAL_Driver/Src/stm32l0xx_hal_cortex.o
 .debug_abbrev  0x0000000000001d58      0x1e8 ./Drivers/STM32L0xx_HAL_Driver/Src/stm32l0xx_hal_gpio.o
 .debug_abbrev  0x0000000000001f40      0x267 ./Drivers/STM32L0xx_HAL_Driver/Src/stm32l0xx_hal_i2c.o
 .debug_abbrev  0x00000000000021a7      0x1d4 ./Drivers/STM32L0xx_HAL_Driver/Src/stm32l0xx_hal_i2c_ex.o
 .debug_abbrev  0x000000000000237b      0x246 ./Drivers/STM32L0xx_HAL_Driver/Src/stm32l0xx_hal_rcc.o
 .debug_abbrev  0x00000000000025c1      0x1ef ./Drivers/STM32L0xx_HAL_Driver/Src/stm32l0xx_hal_rcc_ex.o
 .debug_abbrev  0x00000000000027b0      0x26e ./Drivers/STM32L0xx_HAL_Driver/Src/stm32l0xx_hal_spi.o
 .debug_abbrev  0x0000000000002a1e      0x2c2 ./Drivers/STM32L0xx_HAL_Driver/Src/stm32l0xx_hal_uart.o

.debug_aranges  0x0000000000000000      0xe98
 .debug_aranges
                0x0000000000000000       0x70 ./Core/Src/I2C.o
 .debug_aranges
                0x0000000000000070       0xd0 ./Core/Src/arducam.o
 .debug_aranges
                0x0000000000000140       0x80 ./Core/Src/cli.o
 .debug_aranges
                0x00000000000001c0       0x58 ./Core/Src/main.o
 .debug_aranges
                0x0000000000000218       0x30 ./Core/Src/nand_m79a.o
 .debug_aranges
                0x0000000000000248       0x78 ./Core/Src/nand_m79a_lld.o
 .debug_aranges
                0x00000000000002c0       0x88 ./Core/Src/nand_spi.o
 .debug_aranges
                0x0000000000000348       0x68 ./Core/Src/spi_bitbang.o
 .debug_aranges
                0x00000000000003b0       0x50 ./Core/Src/stm32l0xx_hal_msp.o
 .debug_aranges
                0x0000000000000400       0x40 ./Core/Src/stm32l0xx_it.o
 .debug_aranges
                0x0000000000000440       0x20 ./Core/Src/sysmem.o
 .debug_aranges
                0x0000000000000460       0x28 ./Core/Src/system_stm32l0xx.o
 .debug_aranges
                0x0000000000000488       0x28 ./Core/Startup/startup_stm32l071c8tx.o
 .debug_aranges
                0x00000000000004b0      0x110 ./Drivers/STM32L0xx_HAL_Driver/Src/stm32l0xx_hal.o
 .debug_aranges
                0x00000000000005c0       0xd8 ./Drivers/STM32L0xx_HAL_Driver/Src/stm32l0xx_hal_cortex.o
 .debug_aranges
                0x0000000000000698       0x58 ./Drivers/STM32L0xx_HAL_Driver/Src/stm32l0xx_hal_gpio.o
 .debug_aranges
                0x00000000000006f0      0x290 ./Drivers/STM32L0xx_HAL_Driver/Src/stm32l0xx_hal_i2c.o
 .debug_aranges
                0x0000000000000980       0x48 ./Drivers/STM32L0xx_HAL_Driver/Src/stm32l0xx_hal_i2c_ex.o
 .debug_aranges
                0x00000000000009c8       0x80 ./Drivers/STM32L0xx_HAL_Driver/Src/stm32l0xx_hal_rcc.o
 .debug_aranges
                0x0000000000000a48       0x58 ./Drivers/STM32L0xx_HAL_Driver/Src/stm32l0xx_hal_rcc_ex.o
 .debug_aranges
                0x0000000000000aa0      0x1d0 ./Drivers/STM32L0xx_HAL_Driver/Src/stm32l0xx_hal_spi.o
 .debug_aranges
                0x0000000000000c70      0x228 ./Drivers/STM32L0xx_HAL_Driver/Src/stm32l0xx_hal_uart.o

.debug_ranges   0x0000000000000000      0xd70
 .debug_ranges  0x0000000000000000       0x60 ./Core/Src/I2C.o
 .debug_ranges  0x0000000000000060       0xc0 ./Core/Src/arducam.o
 .debug_ranges  0x0000000000000120       0x70 ./Core/Src/cli.o
 .debug_ranges  0x0000000000000190       0x48 ./Core/Src/main.o
 .debug_ranges  0x00000000000001d8       0x20 ./Core/Src/nand_m79a.o
 .debug_ranges  0x00000000000001f8       0x68 ./Core/Src/nand_m79a_lld.o
 .debug_ranges  0x0000000000000260       0x78 ./Core/Src/nand_spi.o
 .debug_ranges  0x00000000000002d8       0x58 ./Core/Src/spi_bitbang.o
 .debug_ranges  0x0000000000000330       0x40 ./Core/Src/stm32l0xx_hal_msp.o
 .debug_ranges  0x0000000000000370       0x30 ./Core/Src/stm32l0xx_it.o
 .debug_ranges  0x00000000000003a0       0x10 ./Core/Src/sysmem.o
 .debug_ranges  0x00000000000003b0       0x18 ./Core/Src/system_stm32l0xx.o
 .debug_ranges  0x00000000000003c8       0x20 ./Core/Startup/startup_stm32l071c8tx.o
 .debug_ranges  0x00000000000003e8      0x100 ./Drivers/STM32L0xx_HAL_Driver/Src/stm32l0xx_hal.o
 .debug_ranges  0x00000000000004e8       0xc8 ./Drivers/STM32L0xx_HAL_Driver/Src/stm32l0xx_hal_cortex.o
 .debug_ranges  0x00000000000005b0       0x48 ./Drivers/STM32L0xx_HAL_Driver/Src/stm32l0xx_hal_gpio.o
 .debug_ranges  0x00000000000005f8      0x280 ./Drivers/STM32L0xx_HAL_Driver/Src/stm32l0xx_hal_i2c.o
 .debug_ranges  0x0000000000000878       0x38 ./Drivers/STM32L0xx_HAL_Driver/Src/stm32l0xx_hal_i2c_ex.o
 .debug_ranges  0x00000000000008b0       0x70 ./Drivers/STM32L0xx_HAL_Driver/Src/stm32l0xx_hal_rcc.o
 .debug_ranges  0x0000000000000920       0x48 ./Drivers/STM32L0xx_HAL_Driver/Src/stm32l0xx_hal_rcc_ex.o
 .debug_ranges  0x0000000000000968      0x1c0 ./Drivers/STM32L0xx_HAL_Driver/Src/stm32l0xx_hal_spi.o
 .debug_ranges  0x0000000000000b28      0x248 ./Drivers/STM32L0xx_HAL_Driver/Src/stm32l0xx_hal_uart.o

.debug_macro    0x0000000000000000    0x14b93
 .debug_macro   0x0000000000000000      0x396 ./Core/Src/I2C.o
 .debug_macro   0x0000000000000396      0xa7e ./Core/Src/I2C.o
 .debug_macro   0x0000000000000e14      0x125 ./Core/Src/I2C.o
 .debug_macro   0x0000000000000f39       0x2e ./Core/Src/I2C.o
 .debug_macro   0x0000000000000f67       0x28 ./Core/Src/I2C.o
 .debug_macro   0x0000000000000f8f       0x22 ./Core/Src/I2C.o
 .debug_macro   0x0000000000000fb1       0x8e ./Core/Src/I2C.o
 .debug_macro   0x000000000000103f       0x51 ./Core/Src/I2C.o
 .debug_macro   0x0000000000001090      0x103 ./Core/Src/I2C.o
 .debug_macro   0x0000000000001193       0x6a ./Core/Src/I2C.o
 .debug_macro   0x00000000000011fd      0x1df ./Core/Src/I2C.o
 .debug_macro   0x00000000000013dc       0x1c ./Core/Src/I2C.o
 .debug_macro   0x00000000000013f8       0x22 ./Core/Src/I2C.o
 .debug_macro   0x000000000000141a       0xb5 ./Core/Src/I2C.o
 .debug_macro   0x00000000000014cf      0x4da ./Core/Src/I2C.o
 .debug_macro   0x00000000000019a9      0x11f ./Core/Src/I2C.o
 .debug_macro   0x0000000000001ac8     0x873b ./Core/Src/I2C.o
 .debug_macro   0x000000000000a203       0x66 ./Core/Src/I2C.o
 .debug_macro   0x000000000000a269     0x355c ./Core/Src/I2C.o
 .debug_macro   0x000000000000d7c5      0x174 ./Core/Src/I2C.o
 .debug_macro   0x000000000000d939       0x5b ./Core/Src/I2C.o
 .debug_macro   0x000000000000d994      0x8b5 ./Core/Src/I2C.o
 .debug_macro   0x000000000000e249      0x807 ./Core/Src/I2C.o
 .debug_macro   0x000000000000ea50      0x197 ./Core/Src/I2C.o
 .debug_macro   0x000000000000ebe7      0x13f ./Core/Src/I2C.o
 .debug_macro   0x000000000000ed26      0x1b5 ./Core/Src/I2C.o
 .debug_macro   0x000000000000eedb       0x82 ./Core/Src/I2C.o
 .debug_macro   0x000000000000ef5d      0x28e ./Core/Src/I2C.o
 .debug_macro   0x000000000000f1eb      0x1e9 ./Core/Src/I2C.o
 .debug_macro   0x000000000000f3d4      0x13e ./Core/Src/I2C.o
 .debug_macro   0x000000000000f512      0x4b5 ./Core/Src/I2C.o
 .debug_macro   0x000000000000f9c7      0x22c ./Core/Src/I2C.o
 .debug_macro   0x000000000000fbf3       0x5b ./Core/Src/I2C.o
 .debug_macro   0x000000000000fc4e       0xa5 ./Core/Src/I2C.o
 .debug_macro   0x000000000000fcf3      0x18d ./Core/Src/I2C.o
 .debug_macro   0x000000000000fe80       0x16 ./Core/Src/I2C.o
 .debug_macro   0x000000000000fe96      0x22c ./Core/Src/I2C.o
 .debug_macro   0x00000000000100c2      0x5ba ./Core/Src/I2C.o
 .debug_macro   0x000000000001067c       0x44 ./Core/Src/I2C.o
 .debug_macro   0x00000000000106c0      0x170 ./Core/Src/I2C.o
 .debug_macro   0x0000000000010830       0x22 ./Core/Src/I2C.o
 .debug_macro   0x0000000000010852       0x52 ./Core/Src/I2C.o
 .debug_macro   0x00000000000108a4       0x18 ./Core/Src/I2C.o
 .debug_macro   0x00000000000108bc       0x3c ./Core/Src/I2C.o
 .debug_macro   0x00000000000108f8       0x34 ./Core/Src/I2C.o
 .debug_macro   0x000000000001092c       0x16 ./Core/Src/I2C.o
 .debug_macro   0x0000000000010942       0x35 ./Core/Src/I2C.o
 .debug_macro   0x0000000000010977      0x333 ./Core/Src/I2C.o
 .debug_macro   0x0000000000010caa       0x10 ./Core/Src/I2C.o
 .debug_macro   0x0000000000010cba       0x16 ./Core/Src/I2C.o
 .debug_macro   0x0000000000010cd0       0x43 ./Core/Src/I2C.o
 .debug_macro   0x0000000000010d13       0x34 ./Core/Src/I2C.o
 .debug_macro   0x0000000000010d47       0x10 ./Core/Src/I2C.o
 .debug_macro   0x0000000000010d57       0x58 ./Core/Src/I2C.o
 .debug_macro   0x0000000000010daf       0x71 ./Core/Src/I2C.o
 .debug_macro   0x0000000000010e20       0x1c ./Core/Src/I2C.o
 .debug_macro   0x0000000000010e3c      0x12a ./Core/Src/I2C.o
 .debug_macro   0x0000000000010f66       0x10 ./Core/Src/I2C.o
 .debug_macro   0x0000000000010f76       0x1c ./Core/Src/I2C.o
 .debug_macro   0x0000000000010f92       0x52 ./Core/Src/I2C.o
 .debug_macro   0x0000000000010fe4       0x22 ./Core/Src/I2C.o
 .debug_macro   0x0000000000011006       0x10 ./Core/Src/I2C.o
 .debug_macro   0x0000000000011016       0x40 ./Core/Src/I2C.o
 .debug_macro   0x0000000000011056       0xd5 ./Core/Src/I2C.o
 .debug_macro   0x000000000001112b       0x1c ./Core/Src/I2C.o
 .debug_macro   0x0000000000011147       0x3d ./Core/Src/I2C.o
 .debug_macro   0x0000000000011184       0x16 ./Core/Src/I2C.o
 .debug_macro   0x000000000001119a      0x145 ./Core/Src/I2C.o
 .debug_macro   0x00000000000112df       0xdc ./Core/Src/I2C.o
 .debug_macro   0x00000000000113bb       0x16 ./Core/Src/I2C.o
 .debug_macro   0x00000000000113d1       0x20 ./Core/Src/I2C.o
 .debug_macro   0x00000000000113f1       0xa6 ./Core/Src/I2C.o
 .debug_macro   0x0000000000011497      0x3bf ./Core/Src/arducam.o
 .debug_macro   0x0000000000011856       0x3a ./Core/Src/arducam.o
 .debug_macro   0x0000000000011890      0x3b1 ./Core/Src/cli.o
 .debug_macro   0x0000000000011c41       0x4c ./Core/Src/cli.o
 .debug_macro   0x0000000000011c8d       0x94 ./Core/Src/cli.o
 .debug_macro   0x0000000000011d21       0x57 ./Core/Src/cli.o
 .debug_macro   0x0000000000011d78       0x97 ./Core/Src/cli.o
 .debug_macro   0x0000000000011e0f      0x339 ./Core/Src/cli.o
 .debug_macro   0x0000000000012148       0xfd ./Core/Src/cli.o
 .debug_macro   0x0000000000012245      0x119 ./Core/Src/cli.o
 .debug_macro   0x000000000001235e       0xaf ./Core/Src/cli.o
 .debug_macro   0x000000000001240d       0x55 ./Core/Src/cli.o
 .debug_macro   0x0000000000012462       0x5e ./Core/Src/cli.o
 .debug_macro   0x00000000000124c0       0x97 ./Core/Src/cli.o
 .debug_macro   0x0000000000012557      0x3ad ./Core/Src/main.o
 .debug_macro   0x0000000000012904       0xa0 ./Core/Src/main.o
 .debug_macro   0x00000000000129a4       0x52 ./Core/Src/main.o
 .debug_macro   0x00000000000129f6      0x1e0 ./Core/Src/nand_m79a.o
 .debug_macro   0x0000000000012bd6      0x1d6 ./Core/Src/nand_m79a_lld.o
 .debug_macro   0x0000000000012dac      0x1cd ./Core/Src/nand_spi.o
 .debug_macro   0x0000000000012f79      0x1dc ./Core/Src/spi_bitbang.o
 .debug_macro   0x0000000000013155       0x4c ./Core/Src/spi_bitbang.o
 .debug_macro   0x00000000000131a1      0x1d3 ./Core/Src/stm32l0xx_hal_msp.o
 .debug_macro   0x0000000000013374      0x1dd ./Core/Src/stm32l0xx_it.o
 .debug_macro   0x0000000000013551       0xff ./Core/Src/sysmem.o
 .debug_macro   0x0000000000013650      0x23b ./Core/Src/sysmem.o
 .debug_macro   0x000000000001388b      0x1c4 ./Core/Src/system_stm32l0xx.o
 .debug_macro   0x0000000000013a4f      0x1e8 ./Drivers/STM32L0xx_HAL_Driver/Src/stm32l0xx_hal.o
 .debug_macro   0x0000000000013c37      0x1c4 ./Drivers/STM32L0xx_HAL_Driver/Src/stm32l0xx_hal_cortex.o
 .debug_macro   0x0000000000013dfb      0x1cb ./Drivers/STM32L0xx_HAL_Driver/Src/stm32l0xx_hal_gpio.o
 .debug_macro   0x0000000000013fc6      0x289 ./Drivers/STM32L0xx_HAL_Driver/Src/stm32l0xx_hal_i2c.o
 .debug_macro   0x000000000001424f      0x1c4 ./Drivers/STM32L0xx_HAL_Driver/Src/stm32l0xx_hal_i2c_ex.o
 .debug_macro   0x0000000000014413      0x1fa ./Drivers/STM32L0xx_HAL_Driver/Src/stm32l0xx_hal_rcc.o
 .debug_macro   0x000000000001460d      0x1c4 ./Drivers/STM32L0xx_HAL_Driver/Src/stm32l0xx_hal_rcc_ex.o
 .debug_macro   0x00000000000147d1      0x1d3 ./Drivers/STM32L0xx_HAL_Driver/Src/stm32l0xx_hal_spi.o
 .debug_macro   0x00000000000149a4      0x1ef ./Drivers/STM32L0xx_HAL_Driver/Src/stm32l0xx_hal_uart.o

.debug_line     0x0000000000000000    0x132eb
 .debug_line    0x0000000000000000      0xa77 ./Core/Src/I2C.o
 .debug_line    0x0000000000000a77      0xef4 ./Core/Src/arducam.o
 .debug_line    0x000000000000196b      0xe44 ./Core/Src/cli.o
 .debug_line    0x00000000000027af      0xba3 ./Core/Src/main.o
 .debug_line    0x0000000000003352      0x794 ./Core/Src/nand_m79a.o
 .debug_line    0x0000000000003ae6      0x97f ./Core/Src/nand_m79a_lld.o
 .debug_line    0x0000000000004465      0x9c3 ./Core/Src/nand_spi.o
 .debug_line    0x0000000000004e28      0x937 ./Core/Src/spi_bitbang.o