../Core/Src/command_handler.c:27:6:take_image	8	static
../Core/Src/command_handler.c:61:6:transfer_image	8	static
../Core/Src/command_handler.c:78:6:get_image_length	16	static
../Core/Src/command_handler.c:86:6:count_images	8	static
../Core/Src/command_handler.c:97:6:sensor_idle	8	static
../Core/Src/command_handler.c:103:6:sensor_active	8	static
../Core/Src/command_handler.c:119:6:get_housekeeping	48	static
../Core/Src/command_handler.c:128:6:update_sensor_I2C_regs	8	static
../Core/Src/command_handler.c:148:6:update_current_limits	8	static
../Core/Src/command_handler.c:152:6:_transfer_images_to_flash	8	static
../Core/Src/command_handler.c:163:6:_iterate_image_number	8	static
../Core/Src/command_handler.c:167:6:_initalize_sensor	32	static
../Core/Src/command_handler.c:192:6:_program_sensor	32	static
