../Core/Src/command_handler.c:27:6:take_image	8	static
../Core/Src/command_handler.c:60:6:transfer_image	8	static
../Core/Src/command_handler.c:77:6:get_image_length	16	static
../Core/Src/command_handler.c:85:6:count_images	8	static
../Core/Src/command_handler.c:96:6:sensor_idle	8	static
../Core/Src/command_handler.c:102:6:sensor_active	8	static
../Core/Src/command_handler.c:118:6:get_housekeeping	48	static
../Core/Src/command_handler.c:127:6:update_sensor_I2C_regs	8	static
../Core/Src/command_handler.c:147:6:update_current_limits	8	static
../Core/Src/command_handler.c:151:6:_transfer_images_to_flash	8	static
../Core/Src/command_handler.c:162:6:_iterate_image_number	8	static
../Core/Src/command_handler.c:166:6:_initalize_sensor	32	static
../Core/Src/command_handler.c:191:6:_program_sensor	32	static
