../Core/Inc/debug.h:10:20:DBG_PUT	16	static
../Core/Src/main.c:91:5:main	8	static
../Core/Src/main.c:166:6:SystemClock_Config	120	static
../Core/Src/main.c:216:13:MX_I2C1_Init	8	static
../Core/Src/main.c:264:13:MX_I2C2_Init	8	static
../Core/Src/main.c:312:13:MX_SPI1_Init	8	static
../Core/Src/main.c:349:13:MX_SPI2_Init	8	static
../Core/Src/main.c:387:13:MX_USART1_UART_Init	8	static
../Core/Src/main.c:422:13:MX_GPIO_Init	48	static
../Core/Src/main.c:463:6:HAL_SPI_TxCpltCallback	88	static
../Core/Src/main.c:471:6:HAL_SPI_RxCpltCallback	88	static
../Core/Src/main.c:480:6:HAL_SPI_TxRxCpltCallback	16	static
../Core/Src/main.c:493:6:Error_Handler	8	static,ignoring_inline_asm
