../Core/Inc/debug.h:10:20:DBG_PUT	16	static
../Core/Src/main.c:91:5:main	8	static
../Core/Src/main.c:165:6:SystemClock_Config	120	static
../Core/Src/main.c:215:13:MX_I2C1_Init	8	static
../Core/Src/main.c:263:13:MX_I2C2_Init	8	static
../Core/Src/main.c:311:13:MX_SPI1_Init	8	static
../Core/Src/main.c:348:13:MX_SPI2_Init	8	static
../Core/Src/main.c:386:13:MX_USART1_UART_Init	8	static
../Core/Src/main.c:421:13:MX_GPIO_Init	48	static
../Core/Src/main.c:462:6:HAL_SPI_TxCpltCallback	88	static
../Core/Src/main.c:470:6:HAL_SPI_RxCpltCallback	88	static
../Core/Src/main.c:479:6:HAL_SPI_TxRxCpltCallback	16	static
../Core/Src/main.c:492:6:Error_Handler	8	static,ignoring_inline_asm
