nand_spi.c:94:6:NAND_SPI_Init	16	static
nand_spi.c:103:6:NAND_Wait	16	static
nand_spi.c:118:21:NAND_SPI_Send	16	static
nand_spi.c:142:21:NAND_SPI_SendReceive	32	static
nand_spi.c:163:21:NAND_SPI_Receive	32	static
nand_spi.c:188:21:NAND_SPI_Send_Command_Data	32	static
nand_spi.c:206:9:NAND_spi_read_byte	32	static
nand_spi.c:237:6:NAND_spi_write_byte	24	static
nand_spi.c:260:6:read_multiple_bytes	32	static
nand_spi.c:300:6:NAND_SPI_Transmit	24	static
nand_spi.c:314:6:_NAND_CS_LOW	8	static
nand_spi.c:317:6:_NAND_CS_HIGH	8	static
nand_spi.c:321:6:_NAND_CLK_LOW	8	static
nand_spi.c:324:6:_NAND_CLK_HIGH	8	static
