../Core/Src/printf.c:122:6:__putchar	16	static
../Core/Src/printf.c:137:20:_out_buffer	24	static
../Core/Src/printf.c:144:20:_out_null	24	static
../Core/Src/printf.c:152:20:_out_char	24	static
../Core/Src/printf.c:162:20:_out_fct	24	static
../Core/Src/printf.c:173:28:_strnlen_s	24	static
../Core/Src/printf.c:182:20:_is_digit	16	static
../Core/Src/printf.c:185:21:_atoi	24	static
../Core/Src/printf.c:194:15:_out_rev	40	static
../Core/Src/printf.c:222:15:_ntoa_format	48	static
../Core/Src/printf.c:272:15:_ntoa_long	104	static
../Core/Src/printf.c:297:15:_ntoa_long_long	104	static
../Core/Src/printf.c:330:15:_ftoa	136	static
../Core/Src/printf.c:455:15:_etoa	176	static
../Core/Src/printf.c:565:12:_vsnprintf	176	static
../Core/Src/printf.c:872:5:printf_	40	static
../Core/Src/printf.c:881:5:sprintf_	36	static
../Core/Src/printf.c:889:5:snprintf_	40	static
../Core/Src/printf.c:897:5:vprintf_	40	static
../Core/Src/printf.c:902:5:vsnprintf_	40	static
../Core/Src/printf.c:906:5:fctprintf	48	static
