../Core/Src/spi_bitbang.c:59:9:read_spi_reg	32	static
../Core/Src/spi_bitbang.c:99:6:write_spi_reg	32	static
../Core/Src/spi_bitbang.c:134:6:spi_read_multiple_bytes	32	static
../Core/Src/spi_bitbang.c:176:15:bit_read	16	static
../Core/Src/spi_bitbang.c:184:6:_CS1_LOW	8	static
../Core/Src/spi_bitbang.c:187:6:_CS1_HIGH	8	static
../Core/Src/spi_bitbang.c:191:6:_CS2_LOW	8	static
../Core/Src/spi_bitbang.c:194:6:_CS2_HIGH	8	static
../Core/Src/spi_bitbang.c:198:6:_CLK_LOW	8	static
../Core/Src/spi_bitbang.c:201:6:_CLK_HIGH	8	static
