stm32l0xx_hal_usart.c:263:19:HAL_USART_Init	16	static
stm32l0xx_hal_usart.c:325:19:HAL_USART_DeInit	16	static
stm32l0xx_hal_usart.c:368:13:HAL_USART_MspInit	16	static
stm32l0xx_hal_usart.c:383:13:HAL_USART_MspDeInit	16	static
stm32l0xx_hal_usart.c:725:19:HAL_USART_Transmit	48	static
stm32l0xx_hal_usart.c:837:19:HAL_USART_Receive	48	static
stm32l0xx_hal_usart.c:957:19:HAL_USART_TransmitReceive	64	static
stm32l0xx_hal_usart.c:1119:19:HAL_USART_Transmit_IT	24	static
stm32l0xx_hal_usart.c:1197:19:HAL_USART_Receive_IT	24	static
stm32l0xx_hal_usart.c:1283:19:HAL_USART_TransmitReceive_IT	24	static
stm32l0xx_hal_usart.c:1369:19:HAL_USART_Transmit_DMA	40	static
stm32l0xx_hal_usart.c:1470:19:HAL_USART_Receive_DMA	40	static
stm32l0xx_hal_usart.c:1601:19:HAL_USART_TransmitReceive_DMA	40	static
stm32l0xx_hal_usart.c:1729:19:HAL_USART_DMAPause	24	static
stm32l0xx_hal_usart.c:1776:19:HAL_USART_DMAResume	24	static
stm32l0xx_hal_usart.c:1820:19:HAL_USART_DMAStop	16	static
stm32l0xx_hal_usart.c:1880:19:HAL_USART_Abort	16	static
stm32l0xx_hal_usart.c:1969:19:HAL_USART_Abort_IT	24	static
stm32l0xx_hal_usart.c:2093:6:HAL_USART_IRQHandler	40	static
stm32l0xx_hal_usart.c:2288:13:HAL_USART_TxCpltCallback	16	static
stm32l0xx_hal_usart.c:2303:13:HAL_USART_TxHalfCpltCallback	16	static
stm32l0xx_hal_usart.c:2318:13:HAL_USART_RxCpltCallback	16	static
stm32l0xx_hal_usart.c:2333:13:HAL_USART_RxHalfCpltCallback	16	static
stm32l0xx_hal_usart.c:2348:13:HAL_USART_TxRxCpltCallback	16	static
stm32l0xx_hal_usart.c:2363:13:HAL_USART_ErrorCallback	16	static
stm32l0xx_hal_usart.c:2378:13:HAL_USART_AbortCpltCallback	16	static
stm32l0xx_hal_usart.c:2415:24:HAL_USART_GetState	16	static
stm32l0xx_hal_usart.c:2426:10:HAL_USART_GetError	16	static
stm32l0xx_hal_usart.c:2467:13:USART_EndTransfer	16	static
stm32l0xx_hal_usart.c:2482:13:USART_DMATransmitCplt	24	static
stm32l0xx_hal_usart.c:2522:13:USART_DMATxHalfCplt	24	static
stm32l0xx_hal_usart.c:2540:13:USART_DMAReceiveCplt	24	static
stm32l0xx_hal_usart.c:2615:13:USART_DMARxHalfCplt	24	static
stm32l0xx_hal_usart.c:2633:13:USART_DMAError	24	static
stm32l0xx_hal_usart.c:2659:13:USART_DMAAbortOnError	24	static
stm32l0xx_hal_usart.c:2682:13:USART_DMATxAbortCallback	24	static
stm32l0xx_hal_usart.c:2730:13:USART_DMARxAbortCallback	24	static
stm32l0xx_hal_usart.c:2778:26:USART_WaitOnFlagUntilTimeout	24	static
stm32l0xx_hal_usart.c:2806:26:USART_SetConfig	40	static
stm32l0xx_hal_usart.c:2909:26:USART_CheckIdleState	32	static
stm32l0xx_hal_usart.c:2958:13:USART_TxISR_8BIT	24	static
stm32l0xx_hal_usart.c:2992:13:USART_TxISR_16BIT	24	static
stm32l0xx_hal_usart.c:3025:13:USART_EndTransmit_IT	16	static
stm32l0xx_hal_usart.c:3081:13:USART_RxISR_8BIT	24	static
stm32l0xx_hal_usart.c:3161:13:USART_RxISR_16BIT	32	static
