Archive member included to satisfy reference by file (symbol)

c:/st/stm32cubeide_1.8.0/stm32cubeide/plugins/com.st.stm32cube.ide.mcu.externaltools.gnu-tools-for-stm32.9-2020-q2-update.win32_2.0.0.202105311346/tools/bin/../lib/gcc/arm-none-eabi/9.3.1/../../../../arm-none-eabi/lib/thumb/v6-m/nofp\libc_nano.a(lib_a-ctype_.o)
                              ./Core/Src/cli.o (_ctype_)
c:/st/stm32cubeide_1.8.0/stm32cubeide/plugins/com.st.stm32cube.ide.mcu.externaltools.gnu-tools-for-stm32.9-2020-q2-update.win32_2.0.0.202105311346/tools/bin/../lib/gcc/arm-none-eabi/9.3.1/../../../../arm-none-eabi/lib/thumb/v6-m/nofp\libc_nano.a(lib_a-errno.o)
                              ./Core/Src/syscalls.o (__errno)
c:/st/stm32cubeide_1.8.0/stm32cubeide/plugins/com.st.stm32cube.ide.mcu.externaltools.gnu-tools-for-stm32.9-2020-q2-update.win32_2.0.0.202105311346/tools/bin/../lib/gcc/arm-none-eabi/9.3.1/../../../../arm-none-eabi/lib/thumb/v6-m/nofp\libc_nano.a(lib_a-exit.o)
                              c:/st/stm32cubeide_1.8.0/stm32cubeide/plugins/com.st.stm32cube.ide.mcu.externaltools.gnu-tools-for-stm32.9-2020-q2-update.win32_2.0.0.202105311346/tools/bin/../lib/gcc/arm-none-eabi/9.3.1/../../../../arm-none-eabi/lib/thumb/v6-m/nofp/crt0.o (exit)
c:/st/stm32cubeide_1.8.0/stm32cubeide/plugins/com.st.stm32cube.ide.mcu.externaltools.gnu-tools-for-stm32.9-2020-q2-update.win32_2.0.0.202105311346/tools/bin/../lib/gcc/arm-none-eabi/9.3.1/../../../../arm-none-eabi/lib/thumb/v6-m/nofp\libc_nano.a(lib_a-impure.o)
                              c:/st/stm32cubeide_1.8.0/stm32cubeide/plugins/com.st.stm32cube.ide.mcu.externaltools.gnu-tools-for-stm32.9-2020-q2-update.win32_2.0.0.202105311346/tools/bin/../lib/gcc/arm-none-eabi/9.3.1/../../../../arm-none-eabi/lib/thumb/v6-m/nofp\libc_nano.a(lib_a-exit.o) (_global_impure_ptr)
c:/st/stm32cubeide_1.8.0/stm32cubeide/plugins/com.st.stm32cube.ide.mcu.externaltools.gnu-tools-for-stm32.9-2020-q2-update.win32_2.0.0.202105311346/tools/bin/../lib/gcc/arm-none-eabi/9.3.1/../../../../arm-none-eabi/lib/thumb/v6-m/nofp\libc_nano.a(lib_a-init.o)
                              c:/st/stm32cubeide_1.8.0/stm32cubeide/plugins/com.st.stm32cube.ide.mcu.externaltools.gnu-tools-for-stm32.9-2020-q2-update.win32_2.0.0.202105311346/tools/bin/../lib/gcc/arm-none-eabi/9.3.1/../../../../arm-none-eabi/lib/thumb/v6-m/nofp/crt0.o (__libc_init_array)
c:/st/stm32cubeide_1.8.0/stm32cubeide/plugins/com.st.stm32cube.ide.mcu.externaltools.gnu-tools-for-stm32.9-2020-q2-update.win32_2.0.0.202105311346/tools/bin/../lib/gcc/arm-none-eabi/9.3.1/../../../../arm-none-eabi/lib/thumb/v6-m/nofp\libc_nano.a(lib_a-memset.o)
                              c:/st/stm32cubeide_1.8.0/stm32cubeide/plugins/com.st.stm32cube.ide.mcu.externaltools.gnu-tools-for-stm32.9-2020-q2-update.win32_2.0.0.202105311346/tools/bin/../lib/gcc/arm-none-eabi/9.3.1/../../../../arm-none-eabi/lib/thumb/v6-m/nofp/crt0.o (memset)
c:/st/stm32cubeide_1.8.0/stm32cubeide/plugins/com.st.stm32cube.ide.mcu.externaltools.gnu-tools-for-stm32.9-2020-q2-update.win32_2.0.0.202105311346/tools/bin/../lib/gcc/arm-none-eabi/9.3.1/../../../../arm-none-eabi/lib/thumb/v6-m/nofp\libc_nano.a(lib_a-sprintf.o)
                              ./Core/Src/arducam.o (sprintf)
c:/st/stm32cubeide_1.8.0/stm32cubeide/plugins/com.st.stm32cube.ide.mcu.externaltools.gnu-tools-for-stm32.9-2020-q2-update.win32_2.0.0.202105311346/tools/bin/../lib/gcc/arm-none-eabi/9.3.1/../../../../arm-none-eabi/lib/thumb/v6-m/nofp\libc_nano.a(lib_a-sscanf.o)
                              ./Core/Src/cli.o (sscanf)
c:/st/stm32cubeide_1.8.0/stm32cubeide/plugins/com.st.stm32cube.ide.mcu.externaltools.gnu-tools-for-stm32.9-2020-q2-update.win32_2.0.0.202105311346/tools/bin/../lib/gcc/arm-none-eabi/9.3.1/../../../../arm-none-eabi/lib/thumb/v6-m/nofp\libc_nano.a(lib_a-stdio.o)
                              c:/st/stm32cubeide_1.8.0/stm32cubeide/plugins/com.st.stm32cube.ide.mcu.externaltools.gnu-tools-for-stm32.9-2020-q2-update.win32_2.0.0.202105311346/tools/bin/../lib/gcc/arm-none-eabi/9.3.1/../../../../arm-none-eabi/lib/thumb/v6-m/nofp\libc_nano.a(lib_a-sscanf.o) (__seofread)
c:/st/stm32cubeide_1.8.0/stm32cubeide/plugins/com.st.stm32cube.ide.mcu.externaltools.gnu-tools-for-stm32.9-2020-q2-update.win32_2.0.0.202105311346/tools/bin/../lib/gcc/arm-none-eabi/9.3.1/../../../../arm-none-eabi/lib/thumb/v6-m/nofp\libc_nano.a(lib_a-strlen.o)
                              ./Core/Src/arducam.o (strlen)
c:/st/stm32cubeide_1.8.0/stm32cubeide/plugins/com.st.stm32cube.ide.mcu.externaltools.gnu-tools-for-stm32.9-2020-q2-update.win32_2.0.0.202105311346/tools/bin/../lib/gcc/arm-none-eabi/9.3.1/../../../../arm-none-eabi/lib/thumb/v6-m/nofp\libc_nano.a(lib_a-writer.o)
[...]
Memory Configuration

Name             Origin             Length             Attributes
RAM              0x0000000020000000 0x0000000000005000 xrw
FLASH            0x0000000008000000 0x0000000000010000 xr
*default*        0x0000000000000000 0xffffffffffffffff

Linker script and memory map

LOAD c:/st/stm32cubeide_1.8.0/stm32cubeide/plugins/com.st.stm32cube.ide.mcu.externaltools.gnu-tools-for-stm32.9-2020-q2-update.win32_2.0.0.202105311346/tools/bin/../lib/gcc/arm-none-eabi/9.3.1/thumb/v6-m/nofp/crti.o
LOAD c:/st/stm32cubeide_1.8.0/stm32cubeide/plugins/com.st.stm32cube.ide.mcu.externaltools.gnu-tools-for-stm32.9-2020-q2-update.win32_2.0.0.202105311346/tools/bin/../lib/gcc/arm-none-eabi/9.3.1/thumb/v6-m/nofp/crtbegin.o
LOAD c:/st/stm32cubeide_1.8.0/stm32cubeide/plugins/com.st.stm32cube.ide.mcu.externaltools.gnu-tools-for-stm32.9-2020-q2-update.win32_2.0.0.202105311346/tools/bin/../lib/gcc/arm-none-eabi/9.3.1/../../../../arm-none-eabi/lib/thumb/v6-m/nofp/crt0.o
LOAD ./Core/Src/arducam.o
LOAD ./Core/Src/cli.o
LOAD ./Core/Src/main.o
LOAD ./Core/Src/nand_m79a.o
LOAD ./Core/Src/nand_m79a_lld.o
LOAD ./Core/Src/nand_spi.o
LOAD ./Core/Src/printf.o
LOAD ./Core/Src/sccb.o
LOAD ./Core/Src/spi_bitbang.o
LOAD ./Core/Src/stm32l0xx_hal_msp.o
LOAD ./Core/Src/stm32l0xx_it.o
LOAD ./Core/Src/syscalls.o
LOAD ./Core/Src/sysmem.o
LOAD ./Core/Src/system_stm32l0xx.o
LOAD ./Core/Startup/startup_stm32l071c8tx.o
LOAD ./Drivers/STM32L0xx_HAL_Driver/Src/stm32l0xx_hal.o
LOAD ./Drivers/STM32L0xx_HAL_Driver/Src/stm32l0xx_hal_cortex.o
LOAD ./Drivers/STM32L0xx_HAL_Driver/Src/stm32l0xx_hal_dma.o
LOAD ./Drivers/STM32L0xx_HAL_Driver/Src/stm32l0xx_hal_exti.o
LOAD ./Drivers/STM32L0xx_HAL_Driver/Src/stm32l0xx_hal_flash.o
LOAD ./Drivers/STM32L0xx_HAL_Driver/Src/stm32l0xx_hal_flash_ex.o
LOAD ./Drivers/STM32L0xx_HAL_Driver/Src/stm32l0xx_hal_flash_ramfunc.o
LOAD ./Drivers/STM32L0xx_HAL_Driver/Src/stm32l0xx_hal_gpio.o
LOAD ./Drivers/STM32L0xx_HAL_Driver/Src/stm32l0xx_hal_i2c.o
LOAD ./Drivers/STM32L0xx_HAL_Driver/Src/stm32l0xx_hal_i2c_ex.o
LOAD ./Drivers/STM32L0xx_HAL_Driver/Src/stm32l0xx_hal_pwr.o
LOAD ./Drivers/STM32L0xx_HAL_Driver/Src/stm32l0xx_hal_pwr_ex.o
LOAD ./Drivers/STM32L0xx_HAL_Driver/Src/stm32l0xx_hal_rcc.o
LOAD ./Drivers/STM32L0xx_HAL_Driver/Src/stm32l0xx_hal_rcc_ex.o
LOAD ./Drivers/STM32L0xx_HAL_Driver/Src/stm32l0xx_hal_spi.o
LOAD ./Drivers/STM32L0xx_HAL_Driver/Src/stm32l0xx_hal_tim.o
LOAD ./Drivers/STM32L0xx_HAL_Driver/Src/stm32l0xx_hal_tim_ex.o
LOAD ./Drivers/STM32L0xx_HAL_Driver/Src/stm32l0xx_hal_uart.o
LOAD ./Drivers/STM32L0xx_HAL_Driver/Src/stm32l0xx_hal_uart_ex.o
START GROUP
LOAD c:/st/stm32cubeide_1.8.0/stm32cubeide/plugins/com.st.stm32cube.ide.mcu.externaltools.gnu-tools-for-stm32.9-2020-q2-update.win32_2.0.0.202105311346/tools/bin/../lib/gcc/arm-none-eabi/9.3.1/../../../../arm-none-eabi/lib/thumb/v6-m/nofp\libc_nano.a
LOAD c:/st/stm32cubeide_1.8.0/stm32cubeide/plugins/com.st.stm32cube.ide.mcu.externaltools.gnu-tools-for-stm32.9-2020-q2-update.win32_2.0.0.202105311346/tools/bin/../lib/gcc/arm-none-eabi/9.3.1/../../../../arm-none-eabi/lib/thumb/v6-m/nofp\libm.a
END GROUP
START GROUP
LOAD c:/st/stm32cubeide_1.8.0/stm32cubeide/plugins/com.st.stm32cube.ide.mcu.externaltools.gnu-tools-for-stm32.9-2020-q2-update.win32_2.0.0.202105311346/tools/bin/../lib/gcc/arm-none-eabi/9.3.1/thumb/v6-m/nofp\libgcc.a
LOAD c:/st/stm32cubeide_1.8.0/stm32cubeide/plugins/com.st.stm32cube.ide.mcu.externaltools.gnu-tools-for-stm32.9-2020-q2-update.win32_2.0.0.202105311346/tools/bin/../lib/gcc/arm-none-eabi/9.3.1/../../../../arm-none-eabi/lib/thumb/v6-m/nofp\libc_nano.a
END GROUP
START GROUP
LOAD c:/st/stm32cubeide_1.8.0/stm32cubeide/plugins/com.st.stm32cube.ide.mcu.externaltools.gnu-tools-for-stm32.9-2020-q2-update.win32_2.0.0.202105311346/tools/bin/../lib/gcc/arm-none-eabi/9.3.1/thumb/v6-m/nofp\libgcc.a
LOAD c:/st/stm32cubeide_1.8.0/stm32cubeide/plugins/com.st.stm32cube.ide.mcu.externaltools.gnu-tools-for-stm32.9-2020-q2-update.win32_2.0.0.202105311346/tools/bin/../lib/gcc/arm-none-eabi/9.3.1/../../../../arm-none-eabi/lib/thumb/v6-m/nofp\libc_nano.a
LOAD c:/st/stm32cubeide_1.8.0/stm32cubeide/plugins/com.st.stm32cube.ide.mcu.externaltools.gnu-tools-for-stm32.9-2020-q2-update.win32_2.0.0.202105311346/tools/bin/../lib/gcc/arm-none-eabi/9.3.1/../../../../arm-none-eabi/lib/thumb/v6-m/nofp\libnosys.a
END GROUP
START GROUP
LOAD c:/st/stm32cubeide_1.8.0/stm32cubeide/plugins/com.st.stm32cube.ide.mcu.externaltools.gnu-tools-for-stm32.9-2020-q2-update.win32_2.0.0.202105311346/tools/bin/../lib/gcc/arm-none-eabi/9.3.1/thumb/v6-m/nofp\libgcc.a
LOAD c:/st/stm32cubeide_1.8.0/stm32cubeide/plugins/com.st.stm32cube.ide.mcu.externaltools.gnu-tools-for-stm32.9-2020-q2-update.win32_2.0.0.202105311346/tools/bin/../lib/gcc/arm-none-eabi/9.3.1/../../../../arm-none-eabi/lib/thumb/v6-m/nofp\libc_nano.a
LOAD c:/st/stm32cubeide_1.8.0/stm32cubeide/plugins/com.st.stm32cube.ide.mcu.externaltools.gnu-tools-for-stm32.9-2020-q2-update.win32_2.0.0.202105311346/tools/bin/../lib/gcc/arm-none-eabi/9.3.1/../../../../arm-none-eabi/lib/thumb/v6-m/nofp\libnosys.a
END GROUP
LOAD c:/st/stm32cubeide_1.8.0/stm32cubeide/plugins/com.st.stm32cube.ide.mcu.externaltools.gnu-tools-for-stm32.9-2020-q2-update.win32_2.0.0.202105311346/tools/bin/../lib/gcc/arm-none-eabi/9.3.1/thumb/v6-m/nofp/crtend.o
LOAD c:/st/stm32cubeide_1.8.0/stm32cubeide/plugins/com.st.stm32cube.ide.mcu.externaltools.gnu-tools-for-stm32.9-2020-q2-update.win32_2.0.0.202105311346/tools/bin/../lib/gcc/arm-none-eabi/9.3.1/thumb/v6-m/nofp/crtn.o
                0x0000000020005000                _estack = (ORIGIN (RAM) + LENGTH (RAM))
                0x0000000000000200                _Min_Heap_Size = 0x200
                0x0000000000000400                _Min_Stack_Size = 0x400

.isr_vector     0x0000000008000000       0xc0
                0x0000000008000000                . = ALIGN (0x4)
 *(.isr_vector)
 .isr_vector    0x0000000008000000       0xc0 ./Core/Startup/startup_stm32l071c8tx.o
                0x0000000008000000                g_pfnVectors
                0x00000000080000c0                . = ALIGN (0x4)

.text           0x00000000080000c0     0x79d4
                0x00000000080000c0                . = ALIGN (0x4)
 *(.text)
 .text          0x00000000080000c0       0x48 c:/st/stm32cubeide_1.8.0/stm32cubeide/plugins/com.st.stm32cube.ide.mcu.externaltools.gnu-tools-for-stm32.9-2020-q2-update.win32_2.0.0.202105311346/tools/bin/../lib/gcc/arm-none-eabi/9.3.1/thumb/v6-m/nofp/crtbegin.o
 .text          0x0000000008000108        0xe c:/st/stm32cubeide_1.8.0/stm32cubeide/plugins/com.st.stm32cube.ide.mcu.externaltools.gnu-tools-for-stm32.9-2020-q2-update.win32_2.0.0.202105311346/tools/bin/../lib/gcc/arm-none-eabi/9.3.1/../../../../arm-none-eabi/lib/thumb/v6-m/nofp\libc_nano.a(lib_a-strlen.o)
                0x0000000008000108                strlen
 *fill*         0x0000000008000116        0x2 
 .text          0x0000000008000118       0x14 c:/st/stm32cubeide_1.8.0/stm32cubeide/plugins/com.st.stm32cube.ide.mcu.externaltools.gnu-tools-for-stm32.9-2020-q2-update.win32_2.0.0.202105311346/tools/bin/../lib/gcc/arm-none-eabi/9.3.1/thumb/v6-m/nofp\libgcc.a(_thumb1_case_shi.o)
                0x0000000008000118                __gnu_thumb1_case_shi
 .text          0x000000000800012c      0x114 c:/st/stm32cubeide_1.8.0/stm32cubeide/plugins/com.st.stm32cube.ide.mcu.externaltools.gnu-tools-for-stm32.9-2020-q2-update.win32_2.0.0.202105311346/tools/bin/../lib/gcc/arm-none-eabi/9.3.1/thumb/v6-m/nofp\libgcc.a(_udivsi3.o)
                0x000000000800012c                __aeabi_uidiv
                0x000000000800012c                __udivsi3
                0x0000000008000238                __aeabi_uidivmod
 .text          0x0000000008000240        0x4 c:/st/stm32cubeide_1.8.0/stm32cubeide/plugins/com.st.stm32cube.ide.mcu.externaltools.gnu-tools-for-stm32.9-2020-q2-update.win32_2.0.0.202105311346/tools/bin/../lib/gcc/arm-none-eabi/9.3.1/thumb/v6-m/nofp\libgcc.a(_dvmd_tls.o)
                0x0000000008000240                __aeabi_idiv0
                0x0000000008000240                __aeabi_ldiv0
 .text          0x0000000008000244       0x40 c:/st/stm32cubeide_1.8.0/stm32cubeide/plugins/com.st.stm32cube.ide.mcu.externaltools.gnu-tools-for-stm32.9-2020-q2-update.win32_2.0.0.202105311346/tools/bin/../lib/gcc/arm-none-eabi/9.3.1/thumb/v6-m/nofp\libgcc.a(_aeabi_uldivmod.o)
                0x0000000008000244                __aeabi_uldivmod
 .text          0x0000000008000284       0x50 c:/st/stm32cubeide_1.8.0/stm32cubeide/plugins/com.st.stm32cube.ide.mcu.externaltools.gnu-tools-for-stm32.9-2020-q2-update.win32_2.0.0.202105311346/tools/bin/../lib/gcc/arm-none-eabi/9.3.1/thumb/v6-m/nofp\libgcc.a(_muldi3.o)
                0x0000000008000284                __muldi3
                0x0000000008000284                __aeabi_lmul
 .text          0x00000000080002d4      0x198 c:/st/stm32cubeide_1.8.0/stm32cubeide/plugins/com.st.stm32cube.ide.mcu.externaltools.gnu-tools-for-stm32.9-2020-q2-update.win32_2.0.0.202105311346/tools/bin/../lib/gcc/arm-none-eabi/9.3.1/thumb/v6-m/nofp\libgcc.a(_udivmoddi4.o)
                0x00000000080002d4                __udivmoddi4
 .text          0x000000000800046c       0x3c c:/st/stm32cubeide_1.8.0/stm32cubeide/plugins/com.st.stm32cube.ide.mcu.externaltools.gnu-tools-for-stm32.9-2020-q2-update.win32_2.0.0.202105311346/tools/bin/../lib/gcc/arm-none-eabi/9.3.1/thumb/v6-m/nofp\libgcc.a(_clzsi2.o)
                0x000000000800046c                __clzsi2
 .text          0x00000000080004a8       0x18 c:/st/stm32cubeide_1.8.0/stm32cubeide/plugins/com.st.stm32cube.ide.mcu.externaltools.gnu-tools-for-stm32.9-2020-q2-update.win32_2.0.0.202105311346/tools/bin/../lib/gcc/arm-none-eabi/9.3.1/thumb/v6-m/nofp\libgcc.a(_clzdi2.o)
                0x00000000080004a8                __clzdi2
 *(.text*)
 .text.DBG_PUT  0x00000000080004c0       0x2c ./Core/Src/arducam.o
 .text.arducam_delay_ms
                0x00000000080004ec       0x18 ./Core/Src/arducam.o
                0x00000000080004ec                arducam_delay_ms
 .text.Arduino_init
                0x0000000008000504      0x19c ./Core/Src/arducam.o
                0x0000000008000504                Arduino_init
 .text.arducam_raw_init
                0x00000000080006a0       0x90 ./Core/Src/arducam.o
                0x00000000080006a0                arducam_raw_init
 .text.arducam_get_resolution
                0x0000000008000730       0xb8 ./Core/Src/arducam.o
                0x0000000008000730                arducam_get_resolution
 .text.arducam_set_resolution
                0x00000000080007e8      0x1b8 ./Core/Src/arducam.o
                0x00000000080007e8                arducam_set_resolution
 .text.arducam_wait_for_ready
                0x00000000080009a0       0x88 ./Core/Src/arducam.o
                0x00000000080009a0                arducam_wait_for_ready
 .text.read_reg
                0x0000000008000a28       0x36 ./Core/Src/arducam.o
                0x0000000008000a28                read_reg
 .text.write_reg
                0x0000000008000a5e       0x38 ./Core/Src/arducam.o
                0x0000000008000a5e                write_reg
 .text.read_fifo
                0x0000000008000a96       0x2c ./Core/Src/arducam.o
                0x0000000008000a96                read_fifo
 .text.flush_fifo
                0x0000000008000ac2       0x22 ./Core/Src/arducam.o
                0x0000000008000ac2                flush_fifo
 .text.start_capture
                0x0000000008000ae4       0x22 ./Core/Src/arducam.o
                0x0000000008000ae4                start_capture
 .text.clear_fifo_flag
                0x0000000008000b06       0x22 ./Core/Src/arducam.o
                0x0000000008000b06                clear_fifo_flag
 .text.read_fifo_length
                0x0000000008000b28       0x64 ./Core/Src/arducam.o
                0x0000000008000b28                read_fifo_length
 .text.get_bit  0x0000000008000b8c       0x52 ./Core/Src/arducam.o
                0x0000000008000b8c                get_bit
 .text.hex_2_ascii
                0x0000000008000bde       0x2e ./Core/Src/arducam.o
                0x0000000008000bde                hex_2_ascii
 .text.dump_uart_bmp
                0x0000000008000c0c      0x2ec ./Core/Src/arducam.o
 .text.dump_uart_jpg
                0x0000000008000ef8      0x118 ./Core/Src/arducam.o
 .text.dump_uart_raw
                0x0000000008001010       0x88 ./Core/Src/arducam.o
 .text.SingleCapTransfer
                0x0000000008001098      0x128 ./Core/Src/arducam.o
                0x0000000008001098                SingleCapTransfer
 .text.DBG_PUT  0x00000000080011c0       0x2c ./Core/Src/cli.o
 .text.next_token
                0x00000000080011ec       0x60 ./Core/Src/cli.o
 .text.help     0x000000000800124c       0x6c ./Core/Src/cli.o
 .text.handle_format_cmd
                0x00000000080012b8      0x12c ./Core/Src/cli.o
 .text.handle_reg_cmd
                0x00000000080013e4      0x18c ./Core/Src/cli.o
 .text.handle_width_cmd
                0x0000000008001570      0x250 ./Core/Src/cli.o
 .text.handle_capture_cmd
                0x00000000080017c0       0x88 ./Core/Src/cli.o
 .text.reset_sensors
                0x0000000008001848      0x234 ./Core/Src/cli.o
                0x0000000008001848                reset_sensors
 .text.scan_i2c
                0x0000000008001a7c       0x8c ./Core/Src/cli.o
                0x0000000008001a7c                scan_i2c
 .text.sensor_togglepower
                0x0000000008001b08       0x50 ./Core/Src/cli.o
 .text.init_nand_flash
                0x0000000008001b58       0x68 ./Core/Src/cli.o
                0x0000000008001b58                init_nand_flash
 .text.handle_command
                0x0000000008001bc0       0xc0 ./Core/Src/cli.o
                0x0000000008001bc0                handle_command
 .text.DBG_PUT  0x0000000008001c80       0x2c ./Core/Src/main.o
 .text.main     0x0000000008001cac      0x118 ./Core/Src/main.o
                0x0000000008001cac                main
 .text.SystemClock_Config
                0x0000000008001dc4       0xe8 ./Core/Src/main.o
                0x0000000008001dc4                SystemClock_Config
 .text.MX_I2C2_Init
                0x0000000008001eac       0x80 ./Core/Src/main.o
 .text.MX_SPI2_Init
                0x0000000008001f2c       0x70 ./Core/Src/main.o
 .text.MX_USART1_UART_Init
                0x0000000008001f9c       0x60 ./Core/Src/main.o
 .text.MX_GPIO_Init
                0x0000000008001ffc      0x1f4 ./Core/Src/main.o
 .text.Error_Handler
                0x00000000080021f0        0xa ./Core/Src/main.o
                0x00000000080021f0                Error_Handler
 .text.NAND_Init
                0x00000000080021fa       0x42 ./Core/Src/nand_m79a.o
                0x00000000080021fa                NAND_Init
 .text.NAND_Reset
                0x000000000800223c       0x4a ./Core/Src/nand_m79a_lld.o
                0x000000000800223c                NAND_Reset
 .text.NAND_Wait_Until_Ready
                0x0000000008002286       0x80 ./Core/Src/nand_m79a_lld.o
                0x0000000008002286                NAND_Wait_Until_Ready
 .text.NAND_Send_Dummy_Byte
                0x0000000008002306       0x40 ./Core/Src/nand_m79a_lld.o
                0x0000000008002306                NAND_Send_Dummy_Byte
 .text.NAND_Read_ID
                0x0000000008002346       0x54 ./Core/Src/nand_m79a_lld.o
                0x0000000008002346                NAND_Read_ID
 .text.NAND_Check_Busy
                0x000000000800239a       0x2a ./Core/Src/nand_m79a_lld.o
                0x000000000800239a                NAND_Check_Busy
 .text.NAND_Get_Features
                0x00000000080023c4       0x66 ./Core/Src/nand_m79a_lld.o
                0x00000000080023c4                NAND_Get_Features
 .text.NAND_Wait
                0x000000000800242a       0x1e ./Core/Src/nand_spi.o
                0x000000000800242a                NAND_Wait
 .text.NAND_SPI_Send
                0x0000000008002448       0x44 ./Core/Src/nand_spi.o
                0x0000000008002448                NAND_SPI_Send
 .text.NAND_SPI_SendReceive
                0x000000000800248c       0x58 ./Core/Src/nand_spi.o
                0x000000000800248c                NAND_SPI_SendReceive
 .text.NAND_SPI_Receive
                0x00000000080024e4       0x44 ./Core/Src/nand_spi.o
                0x00000000080024e4                NAND_SPI_Receive
 .text.__nand_spi_cs_low
                0x0000000008002528       0x1c ./Core/Src/nand_spi.o
                0x0000000008002528                __nand_spi_cs_low
 .text.__nand_spi_cs_high
                0x0000000008002544       0x1c ./Core/Src/nand_spi.o
                0x0000000008002544                __nand_spi_cs_high
 .text.wrSensorReg16_8
                0x0000000008002560       0xc0 ./Core/Src/sccb.o
                0x0000000008002560                wrSensorReg16_8
 .text.wrSensorRegs16_8
                0x0000000008002620       0x4c ./Core/Src/sccb.o
                0x0000000008002620                wrSensorRegs16_8
 .text.rdSensorReg16_8
                0x000000000800266c       0xa4 ./Core/Src/sccb.o
                0x000000000800266c                rdSensorReg16_8
 .text.read_spi_reg
                0x0000000008002710       0xfe ./Core/Src/spi_bitbang.o
                0x0000000008002710                read_spi_reg
 .text.write_spi_reg
                0x000000000800280e       0xea ./Core/Src/spi_bitbang.o
                0x000000000800280e                write_spi_reg
 .text.bit_read
                0x00000000080028f8       0x32 ./Core/Src/spi_bitbang.o
                0x00000000080028f8                bit_read
 .text._CS1_LOW
                0x000000000800292a       0x18 ./Core/Src/spi_bitbang.o
                0x000000000800292a                _CS1_LOW
 .text._CS1_HIGH
                0x0000000008002942       0x18 ./Core/Src/spi_bitbang.o
                0x0000000008002942                _CS1_HIGH
 .text._CS2_LOW
                0x000000000800295a       0x18 ./Core/Src/spi_bitbang.o
                0x000000000800295a                _CS2_LOW
 .text._CS2_HIGH
                0x0000000008002972       0x18 ./Core/Src/spi_bitbang.o
                0x0000000008002972                _CS2_HIGH
 .text._CLK_LOW
                0x000000000800298a       0x18 ./Core/Src/spi_bitbang.o
                0x000000000800298a                _CLK_LOW
 .text._CLK_HIGH
                0x00000000080029a2       0x18 ./Core/Src/spi_bitbang.o
                0x00000000080029a2                _CLK_HIGH
 *fill*         0x00000000080029ba        0x2 
 .text.HAL_MspInit
                0x00000000080029bc       0x28 ./Core/Src/stm32l0xx_hal_msp.o
                0x00000000080029bc                HAL_MspInit
 .text.HAL_I2C_MspInit
                0x00000000080029e4       0xb8 ./Core/Src/stm32l0xx_hal_msp.o
                0x00000000080029e4                HAL_I2C_MspInit
 .text.HAL_SPI_MspInit
                0x0000000008002a9c       0xb8 ./Core/Src/stm32l0xx_hal_msp.o
                0x0000000008002a9c                HAL_SPI_MspInit
 .text.HAL_UART_MspInit
                0x0000000008002b54       0x88 ./Core/Src/stm32l0xx_hal_msp.o
                0x0000000008002b54                HAL_UART_MspInit
 .text.NMI_Handler
                0x0000000008002bdc        0xa ./Core/Src/stm32l0xx_it.o
                0x0000000008002bdc                NMI_Handler
 .text.HardFault_Handler
                0x0000000008002be6        0x6 ./Core/Src/stm32l0xx_it.o
                0x0000000008002be6                HardFault_Handler
 .text.SVC_Handler
                0x0000000008002bec        0xa ./Core/Src/stm32l0xx_it.o
                0x0000000008002bec                SVC_Handler
 .text.PendSV_Handler
                0x0000000008002bf6        0xa ./Core/Src/stm32l0xx_it.o
                0x0000000008002bf6                PendSV_Handler
 .text.SysTick_Handler
                0x0000000008002c00        0xe ./Core/Src/stm32l0xx_it.o
                0x0000000008002c00                SysTick_Handler
 *fill*         0x0000000008002c0e        0x2 
 .text._sbrk    0x0000000008002c10       0x6c ./Core/Src/sysmem.o
                0x0000000008002c10                _sbrk
 .text.SystemInit
                0x0000000008002c7c        0xa ./Core/Src/system_stm32l0xx.o
                0x0000000008002c7c                SystemInit
 *fill*         0x0000000008002c86        0x2 
 .text.Reset_Handler
                0x0000000008002c88       0x50 ./Core/Startup/startup_stm32l071c8tx.o
                0x0000000008002c88                Reset_Handler
 .text.Default_Handler
                0x0000000008002cd8        0x2 ./Core/Startup/startup_stm32l071c8tx.o
                0x0000000008002cd8                ADC1_COMP_IRQHandler
                0x0000000008002cd8                TIM6_IRQHandler
                0x0000000008002cd8                PVD_IRQHandler
                0x0000000008002cd8                I2C1_IRQHandler
                0x0000000008002cd8                SPI1_IRQHandler
                0x0000000008002cd8                EXTI2_3_IRQHandler
                0x0000000008002cd8                I2C2_IRQHandler
                0x0000000008002cd8                RTC_IRQHandler
                0x0000000008002cd8                DMA1_Channel4_5_6_7_IRQHandler
                0x0000000008002cd8                TIM3_IRQHandler
                0x0000000008002cd8                EXTI4_15_IRQHandler
                0x0000000008002cd8                RCC_IRQHandler
                0x0000000008002cd8                DMA1_Channel1_IRQHandler
                0x0000000008002cd8                USART4_5_IRQHandler
                0x0000000008002cd8                Default_Handler
                0x0000000008002cd8                TIM22_IRQHandler
                0x0000000008002cd8                TIM7_IRQHandler
                0x0000000008002cd8                EXTI0_1_IRQHandler
                0x0000000008002cd8                I2C3_IRQHandler
                0x0000000008002cd8                SPI2_IRQHandler
                0x0000000008002cd8                TIM21_IRQHandler
                0x0000000008002cd8                WWDG_IRQHandler
                0x0000000008002cd8                LPUART1_IRQHandler
                0x0000000008002cd8                TIM2_IRQHandler
                0x0000000008002cd8                DMA1_Channel2_3_IRQHandler
                0x0000000008002cd8                USART2_IRQHandler
                0x0000000008002cd8                FLASH_IRQHandler
                0x0000000008002cd8                USART1_IRQHandler
                0x0000000008002cd8                LPTIM1_IRQHandler
 *fill*         0x0000000008002cda        0x2 
 .text.HAL_Init
                0x0000000008002cdc       0x40 ./Drivers/STM32L0xx_HAL_Driver/Src/stm32l0xx_hal.o
                0x0000000008002cdc                HAL_Init
 .text.HAL_InitTick
                0x0000000008002d1c       0x68 ./Drivers/STM32L0xx_HAL_Driver/Src/stm32l0xx_hal.o
                0x0000000008002d1c                HAL_InitTick
 .text.HAL_IncTick
                0x0000000008002d84       0x24 ./Drivers/STM32L0xx_HAL_Driver/Src/stm32l0xx_hal.o
                0x0000000008002d84                HAL_IncTick
 .text.HAL_GetTick
                0x0000000008002da8       0x14 ./Drivers/STM32L0xx_HAL_Driver/Src/stm32l0xx_hal.o
                0x0000000008002da8                HAL_GetTick
 .text.HAL_Delay
                0x0000000008002dbc       0x48 ./Drivers/STM32L0xx_HAL_Driver/Src/stm32l0xx_hal.o
                0x0000000008002dbc                HAL_Delay
 .text.__NVIC_SetPriority
                0x0000000008002e04       0xdc ./Drivers/STM32L0xx_HAL_Driver/Src/stm32l0xx_hal_cortex.o
 .text.SysTick_Config
                0x0000000008002ee0       0x48 ./Drivers/STM32L0xx_HAL_Driver/Src/stm32l0xx_hal_cortex.o
 .text.HAL_NVIC_SetPriority
                0x0000000008002f28       0x2a ./Drivers/STM32L0xx_HAL_Driver/Src/stm32l0xx_hal_cortex.o
                0x0000000008002f28                HAL_NVIC_SetPriority
 .text.HAL_SYSTICK_Config
                0x0000000008002f52       0x1a ./Drivers/STM32L0xx_HAL_Driver/Src/stm32l0xx_hal_cortex.o
                0x0000000008002f52                HAL_SYSTICK_Config
 .text.HAL_GPIO_Init
                0x0000000008002f6c      0x2fc ./Drivers/STM32L0xx_HAL_Driver/Src/stm32l0xx_hal_gpio.o
                0x0000000008002f6c                HAL_GPIO_Init
 .text.HAL_GPIO_ReadPin
                0x0000000008003268       0x3a ./Drivers/STM32L0xx_HAL_Driver/Src/stm32l0xx_hal_gpio.o
                0x0000000008003268                HAL_GPIO_ReadPin
 .text.HAL_GPIO_WritePin
                0x00000000080032a2       0x3a ./Drivers/STM32L0xx_HAL_Driver/Src/stm32l0xx_hal_gpio.o
                0x00000000080032a2                HAL_GPIO_WritePin
 .text.HAL_I2C_Init
                0x00000000080032dc      0x12c ./Drivers/STM32L0xx_HAL_Driver/Src/stm32l0xx_hal_i2c.o
                0x00000000080032dc                HAL_I2C_Init
 .text.HAL_I2C_Mem_Write
                0x0000000008003408      0x25c ./Drivers/STM32L0xx_HAL_Driver/Src/stm32l0xx_hal_i2c.o
                0x0000000008003408                HAL_I2C_Mem_Write
 .text.HAL_I2C_Mem_Read
                0x0000000008003664      0x268 ./Drivers/STM32L0xx_HAL_Driver/Src/stm32l0xx_hal_i2c.o
                0x0000000008003664                HAL_I2C_Mem_Read
 .text.HAL_I2C_IsDeviceReady
                0x00000000080038cc      0x234 ./Drivers/STM32L0xx_HAL_Driver/Src/stm32l0xx_hal_i2c.o
                0x00000000080038cc                HAL_I2C_IsDeviceReady
 .text.I2C_RequestMemoryWrite
                0x0000000008003b00       0xc8 ./Drivers/STM32L0xx_HAL_Driver/Src/stm32l0xx_hal_i2c.o
 .text.I2C_RequestMemoryRead
                0x0000000008003bc8       0xc4 ./Drivers/STM32L0xx_HAL_Driver/Src/stm32l0xx_hal_i2c.o
 .text.I2C_Flush_TXDR
                0x0000000008003c8c       0x44 ./Drivers/STM32L0xx_HAL_Driver/Src/stm32l0xx_hal_i2c.o
 .text.I2C_WaitOnFlagUntilTimeout
                0x0000000008003cd0       0x7e ./Drivers/STM32L0xx_HAL_Driver/Src/stm32l0xx_hal_i2c.o
 .text.I2C_WaitOnTXISFlagUntilTimeout
                0x0000000008003d4e       0x7e ./Drivers/STM32L0xx_HAL_Driver/Src/stm32l0xx_hal_i2c.o
 .text.I2C_WaitOnSTOPFlagUntilTimeout
                0x0000000008003dcc       0x78 ./Drivers/STM32L0xx_HAL_Driver/Src/stm32l0xx_hal_i2c.o
 .text.I2C_IsAcknowledgeFailed
                0x0000000008003e44       0xf4 ./Drivers/STM32L0xx_HAL_Driver/Src/stm32l0xx_hal_i2c.o
 .text.I2C_TransferConfig
                0x0000000008003f38       0x6c ./Drivers/STM32L0xx_HAL_Driver/Src/stm32l0xx_hal_i2c.o
 .text.HAL_I2CEx_ConfigAnalogFilter
                0x0000000008003fa4       0x98 ./Drivers/STM32L0xx_HAL_Driver/Src/stm32l0xx_hal_i2c_ex.o
                0x0000000008003fa4                HAL_I2CEx_ConfigAnalogFilter
 .text.HAL_I2CEx_ConfigDigitalFilter
                0x000000000800403c       0x98 ./Drivers/STM32L0xx_HAL_Driver/Src/stm32l0xx_hal_i2c_ex.o
                0x000000000800403c                HAL_I2CEx_ConfigDigitalFilter
 .text.HAL_RCC_OscConfig
                0x00000000080040d4      0x6f8 ./Drivers/STM32L0xx_HAL_Driver/Src/stm32l0xx_hal_rcc.o
                0x00000000080040d4                HAL_RCC_OscConfig
 .text.HAL_RCC_ClockConfig
                0x00000000080047cc      0x290 ./Drivers/STM32L0xx_HAL_Driver/Src/stm32l0xx_hal_rcc.o
                0x00000000080047cc                HAL_RCC_ClockConfig
 .text.HAL_RCC_EnableCSS
                0x0000000008004a5c       0x1c ./Drivers/STM32L0xx_HAL_Driver/Src/stm32l0xx_hal_rcc.o
                0x0000000008004a5c                HAL_RCC_EnableCSS
 .text.HAL_RCC_GetSysClockFreq
                0x0000000008004a78      0x148 ./Drivers/STM32L0xx_HAL_Driver/Src/stm32l0xx_hal_rcc.o
                0x0000000008004a78                HAL_RCC_GetSysClockFreq
 .text.HAL_RCC_GetHCLKFreq
                0x0000000008004bc0       0x14 ./Drivers/STM32L0xx_HAL_Driver/Src/stm32l0xx_hal_rcc.o
                0x0000000008004bc0                HAL_RCC_GetHCLKFreq
 .text.HAL_RCC_GetPCLK1Freq
                0x0000000008004bd4       0x2c ./Drivers/STM32L0xx_HAL_Driver/Src/stm32l0xx_hal_rcc.o
                0x0000000008004bd4                HAL_RCC_GetPCLK1Freq
 .text.HAL_RCC_GetPCLK2Freq
                0x0000000008004c00       0x2c ./Drivers/STM32L0xx_HAL_Driver/Src/stm32l0xx_hal_rcc.o
                0x0000000008004c00                HAL_RCC_GetPCLK2Freq
 .text.HAL_RCC_NMI_IRQHandler
                0x0000000008004c2c       0x2c ./Drivers/STM32L0xx_HAL_Driver/Src/stm32l0xx_hal_rcc.o
                0x0000000008004c2c                HAL_RCC_NMI_IRQHandler
 .text.HAL_RCC_CSSCallback
                0x0000000008004c58        0xa ./Drivers/STM32L0xx_HAL_Driver/Src/stm32l0xx_hal_rcc.o
                0x0000000008004c58                HAL_RCC_CSSCallback
 *fill*         0x0000000008004c62        0x2 
 .text.HAL_RCCEx_PeriphCLKConfig
                0x0000000008004c64      0x28c ./Drivers/STM32L0xx_HAL_Driver/Src/stm32l0xx_hal_rcc_ex.o
                0x0000000008004c64                HAL_RCCEx_PeriphCLKConfig
 .text.HAL_SPI_Init
                0x0000000008004ef0      0x128 ./Drivers/STM32L0xx_HAL_Driver/Src/stm32l0xx_hal_spi.o
                0x0000000008004ef0                HAL_SPI_Init
 .text.HAL_SPI_Transmit
                0x0000000008005018      0x2ac ./Drivers/STM32L0xx_HAL_Driver/Src/stm32l0xx_hal_spi.o
                0x0000000008005018                HAL_SPI_Transmit
 .text.HAL_SPI_Receive
                0x00000000080052c4      0x24c ./Drivers/STM32L0xx_HAL_Driver/Src/stm32l0xx_hal_spi.o
                0x00000000080052c4                HAL_SPI_Receive
 .text.HAL_SPI_TransmitReceive
                0x0000000008005510      0x376 ./Drivers/STM32L0xx_HAL_Driver/Src/stm32l0xx_hal_spi.o
                0x0000000008005510                HAL_SPI_TransmitReceive
 *fill*         0x0000000008005886        0x2 
 .text.SPI_WaitFlagStateUntilTimeout
                0x0000000008005888      0x11c ./Drivers/STM32L0xx_HAL_Driver/Src/stm32l0xx_hal_spi.o
 .text.SPI_EndRxTransaction
                0x00000000080059a4       0xd4 ./Drivers/STM32L0xx_HAL_Driver/Src/stm32l0xx_hal_spi.o
 .text.SPI_EndRxTxTransaction
                0x0000000008005a78       0x8c ./Drivers/STM32L0xx_HAL_Driver/Src/stm32l0xx_hal_spi.o
 .text.HAL_UART_Init
                0x0000000008005b04       0xa8 ./Drivers/STM32L0xx_HAL_Driver/Src/stm32l0xx_hal_uart.o
                0x0000000008005b04                HAL_UART_Init
 .text.HAL_UART_Transmit
                0x0000000008005bac      0x150 ./Drivers/STM32L0xx_HAL_Driver/Src/stm32l0xx_hal_uart.o
                0x0000000008005bac                HAL_UART_Transmit
 .text.HAL_UART_Receive
                0x0000000008005cfc      0x1dc ./Drivers/STM32L0xx_HAL_Driver/Src/stm32l0xx_hal_uart.o
                0x0000000008005cfc                HAL_UART_Receive
 .text.UART_SetConfig
                0x0000000008005ed8      0x57c ./Drivers/STM32L0xx_HAL_Driver/Src/stm32l0xx_hal_uart.o
                0x0000000008005ed8                UART_SetConfig
 .text.UART_AdvFeatureConfig
                0x0000000008006454      0x168 ./Drivers/STM32L0xx_HAL_Driver/Src/stm32l0xx_hal_uart.o
                0x0000000008006454                UART_AdvFeatureConfig
 .text.UART_CheckIdleState
                0x00000000080065bc       0x90 ./Drivers/STM32L0xx_HAL_Driver/Src/stm32l0xx_hal_uart.o
                0x00000000080065bc                UART_CheckIdleState
 .text.UART_WaitOnFlagUntilTimeout
                0x000000000800664c      0x188 ./Drivers/STM32L0xx_HAL_Driver/Src/stm32l0xx_hal_uart.o
                0x000000000800664c                UART_WaitOnFlagUntilTimeout
 .text.__errno  0x00000000080067d4        0xc c:/st/stm32cubeide_1.8.0/stm32cubeide/plugins/com.st.stm32cube.ide.mcu.externaltools.gnu-tools-for-stm32.9-2020-q2-update.win32_2.0.0.202105311346/tools/bin/../lib/gcc/arm-none-eabi/9.3.1/../../../../arm-none-eabi/lib/thumb/v6-m/nofp\libc_nano.a(lib_a-errno.o)
                0x00000000080067d4                __errno
 .text.__libc_init_array
                0x00000000080067e0       0x48 c:/st/stm32cubeide_1.8.0/stm32cubeide/plugins/com.st.stm32cube.ide.mcu.externaltools.gnu-tools-for-stm32.9-2020-q2-update.win32_2.0.0.202105311346/tools/bin/../lib/gcc/arm-none-eabi/9.3.1/../../../../arm-none-eabi/lib/thumb/v6-m/nofp\libc_nano.a(lib_a-init.o)
                0x00000000080067e0                __libc_init_array
 .text.memset   0x0000000008006828       0x10 c:/st/stm32cubeide_1.8.0/stm32cubeide/plugins/com.st.stm32cube.ide.mcu.externaltools.gnu-tools-for-stm32.9-2020-q2-update.win32_2.0.0.202105311346/tools/bin/../lib/gcc/arm-none-eabi/9.3.1/../../../../arm-none-eabi/lib/thumb/v6-m/nofp\libc_nano.a(lib_a-memset.o)
                0x0000000008006828                memset
 .text.sprintf  0x0000000008006838       0x40 c:/st/stm32cubeide_1.8.0/stm32cubeide/plugins/com.st.stm32cube.ide.mcu.externaltools.gnu-tools-for-stm32.9-2020-q2-update.win32_2.0.0.202105311346/tools/bin/../lib/gcc/arm-none-eabi/9.3.1/../../../../arm-none-eabi/lib/thumb/v6-m/nofp\libc_nano.a(lib_a-sprintf.o)
                0x0000000008006838                siprintf
                0x0000000008006838                sprintf
 .text.sscanf   0x0000000008006878       0x50 c:/st/stm32cubeide_1.8.0/stm32cubeide/plugins/com.st.stm32cube.ide.mcu.externaltools.gnu-tools-for-stm32.9-2020-q2-update.win32_2.0.0.202105311346/tools/bin/../lib/gcc/arm-none-eabi/9.3.1/../../../../arm-none-eabi/lib/thumb/v6-m/nofp\libc_nano.a(lib_a-sscanf.o)
                0x0000000008006878                siscanf
                0x0000000008006878                sscanf
 .text.__seofread
                0x00000000080068c8        0x4 c:/st/stm32cubeide_1.8.0/stm32cubeide/plugins/com.st.stm32cube.ide.mcu.externaltools.gnu-tools-for-stm32.9-2020-q2-update.win32_2.0.0.202105311346/tools/bin/../lib/gcc/arm-none-eabi/9.3.1/../../../../arm-none-eabi/lib/thumb/v6-m/nofp\libc_nano.a(lib_a-stdio.o)
                0x00000000080068c8                __seofread
 .text.__ssputs_r
                0x00000000080068cc       0xc4 c:/st/stm32cubeide_1.8.0/stm32cubeide/plugins/com.st.stm32cube.ide.mcu.externaltools.gnu-tools-for-stm32.9-2020-q2-update.win32_2.0.0.202105311346/tools/bin/../lib/gcc/arm-none-eabi/9.3.1/../../../../arm-none-eabi/lib/thumb/v6-m/nofp\libc_nano.a(lib_a-nano-svfprintf.o)
                0x00000000080068cc                __ssputs_r
 .text._svfprintf_r
                0x0000000008006990      0x200 c:/st/stm32cubeide_1.8.0/stm32cubeide/plugins/com.st.stm32cube.ide.mcu.externaltools.gnu-tools-for-stm32.9-2020-q2-update.win32_2.0.0.202105311346/tools/bin/../lib/gcc/arm-none-eabi/9.3.1/../../../../arm-none-eabi/lib/thumb/v6-m/nofp\libc_nano.a(lib_a-nano-svfprintf.o)
                0x0000000008006990                _svfiprintf_r
                0x0000000008006990                _svfprintf_r
 .text._sungetc_r
                0x0000000008006b90       0x78 c:/st/stm32cubeide_1.8.0/stm32cubeide/plugins/com.st.stm32cube.ide.mcu.externaltools.gnu-tools-for-stm32.9-2020-q2-update.win32_2.0.0.202105311346/tools/bin/../lib/gcc/arm-none-eabi/9.3.1/../../../../arm-none-eabi/lib/thumb/v6-m/nofp\libc_nano.a(lib_a-nano-svfscanf.o)
                0x0000000008006b90                _sungetc_r
 .text.__ssrefill_r
                0x0000000008006c08       0x3e c:/st/stm32cubeide_1.8.0/stm32cubeide/plugins/com.st.stm32cube.ide.mcu.externaltools.gnu-tools-for-stm32.9-2020-q2-update.win32_2.0.0.202105311346/tools/bin/../lib/gcc/arm-none-eabi/9.3.1/../../../../arm-none-eabi/lib/thumb/v6-m/nofp\libc_nano.a(lib_a-nano-svfscanf.o)
                0x0000000008006c08                __ssrefill_r
 *fill*         0x0000000008006c46        0x2 
 .text.__ssvfscanf_r
                0x0000000008006c48      0x2f0 c:/st/stm32cubeide_1.8.0/stm32cubeide/plugins/com.st.stm32cube.ide.mcu.externaltools.gnu-tools-for-stm32.9-2020-q2-update.win32_2.0.0.202105311346/tools/bin/../lib/gcc/arm-none-eabi/9.3.1/../../../../arm-none-eabi/lib/thumb/v6-m/nofp\libc_nano.a(lib_a-nano-svfscanf.o)
                0x0000000008006c48                __ssvfiscanf_r
                0x0000000008006c48                __ssvfscanf_r
 .text._printf_common
                0x0000000008006f38       0xde c:/st/stm32cubeide_1.8.0/stm32cubeide/plugins/com.st.stm32cube.ide.mcu.externaltools.gnu-tools-for-stm32.9-2020-q2-update.win32_2.0.0.202105311346/tools/bin/../lib/gcc/arm-none-eabi/9.3.1/../../../../arm-none-eabi/lib/thumb/v6-m/nofp\libc_nano.a(lib_a-nano-vfprintf_i.o)
                0x0000000008006f38                _printf_common
 *fill*         0x0000000008007016        0x2 
 .text._printf_i
                0x0000000008007018      0x224 c:/st/stm32cubeide_1.8.0/stm32cubeide/plugins/com.st.stm32cube.ide.mcu.externaltools.gnu-tools-for-stm32.9-2020-q2-update.win32_2.0.0.202105311346/tools/bin/../lib/gcc/arm-none-eabi/9.3.1/../../../../arm-none-eabi/lib/thumb/v6-m/nofp\libc_nano.a(lib_a-nano-vfprintf_i.o)
                0x0000000008007018                _printf_i
 .text._scanf_chars
                0x000000000800723c       0xbc c:/st/stm32cubeide_1.8.0/stm32cubeide/plugins/com.st.stm32cube.ide.mcu.externaltools.gnu-tools-for-stm32.9-2020-q2-update.win32_2.0.0.202105311346/tools/bin/../lib/gcc/arm-none-eabi/9.3.1/../../../../arm-none-eabi/lib/thumb/v6-m/nofp\libc_nano.a(lib_a-nano-vfscanf_i.o)
                0x000000000800723c                _scanf_chars
 .text._scanf_i
                0x00000000080072f8      0x208 c:/st/stm32cubeide_1.8.0/stm32cubeide/plugins/com.st.stm32cube.ide.mcu.externaltools.gnu-tools-for-stm32.9-2020-q2-update.win32_2.0.0.202105311346/tools/bin/../lib/gcc/arm-none-eabi/9.3.1/../../../../arm-none-eabi/lib/thumb/v6-m/nofp\libc_nano.a(lib_a-nano-vfscanf_i.o)
                0x00000000080072f8                _scanf_i
 .text.__sccl   0x0000000008007500       0x78 c:/st/stm32cubeide_1.8.0/stm32cubeide/plugins/com.st.stm32cube.ide.mcu.externaltools.gnu-tools-for-stm32.9-2020-q2-update.win32_2.0.0.202105311346/tools/bin/../lib/gcc/arm-none-eabi/9.3.1/../../../../arm-none-eabi/lib/thumb/v6-m/nofp\libc_nano.a(lib_a-sccl.o)
                0x0000000008007500                __sccl
 .text._strtol_l.isra.0
                0x0000000008007578      0x11c c:/st/stm32cubeide_1.8.0/stm32cubeide/plugins/com.st.stm32cube.ide.mcu.externaltools.gnu-tools-for-stm32.9-2020-q2-update.win32_2.0.0.202105311346/tools/bin/../lib/gcc/arm-none-eabi/9.3.1/../../../../arm-none-eabi/lib/thumb/v6-m/nofp\libc_nano.a(lib_a-strtol.o)
 .text._strtol_r
                0x0000000008007694        0x8 c:/st/stm32cubeide_1.8.0/stm32cubeide/plugins/com.st.stm32cube.ide.mcu.externaltools.gnu-tools-for-stm32.9-2020-q2-update.win32_2.0.0.202105311346/tools/bin/../lib/gcc/arm-none-eabi/9.3.1/../../../../arm-none-eabi/lib/thumb/v6-m/nofp\libc_nano.a(lib_a-strtol.o)
                0x0000000008007694                _strtol_r
 .text._strtoul_l.isra.0
                0x000000000800769c      0x118 c:/st/stm32cubeide_1.8.0/stm32cubeide/plugins/com.st.stm32cube.ide.mcu.externaltools.gnu-tools-for-stm32.9-2020-q2-update.win32_2.0.0.202105311346/tools/bin/../lib/gcc/arm-none-eabi/9.3.1/../../../../arm-none-eabi/lib/thumb/v6-m/nofp\libc_nano.a(lib_a-strtoul.o)
 .text._strtoul_r
                0x00000000080077b4        0x8 c:/st/stm32cubeide_1.8.0/stm32cubeide/plugins/com.st.stm32cube.ide.mcu.externaltools.gnu-tools-for-stm32.9-2020-q2-update.win32_2.0.0.202105311346/tools/bin/../lib/gcc/arm-none-eabi/9.3.1/../../../../arm-none-eabi/lib/thumb/v6-m/nofp\libc_nano.a(lib_a-strtoul.o)
                0x00000000080077b4                _strtoul_r
 .text.__submore
                0x00000000080077bc       0x7c c:/st/stm32cubeide_1.8.0/stm32cubeide/plugins/com.st.stm32cube.ide.mcu.externaltools.gnu-tools-for-stm32.9-2020-q2-update.win32_2.0.0.202105311346/tools/bin/../lib/gcc/arm-none-eabi/9.3.1/../../../../arm-none-eabi/lib/thumb/v6-m/nofp\libc_nano.a(lib_a-ungetc.o)
                0x00000000080077bc                __submore
 .text.__retarget_lock_acquire_recursive
                0x0000000008007838        0x2 c:/st/stm32cubeide_1.8.0/stm32cubeide/plugins/com.st.stm32cube.ide.mcu.externaltools.gnu-tools-for-stm32.9-2020-q2-update.win32_2.0.0.202105311346/tools/bin/../lib/gcc/arm-none-eabi/9.3.1/../../../../arm-none-eabi/lib/thumb/v6-m/nofp\libc_nano.a(lib_a-lock.o)
                0x0000000008007838                __retarget_lock_acquire_recursive
 .text.__retarget_lock_release_recursive
                0x000000000800783a        0x2 c:/st/stm32cubeide_1.8.0/stm32cubeide/plugins/com.st.stm32cube.ide.mcu.externaltools.gnu-tools-for-stm32.9-2020-q2-update.win32_2.0.0.202105311346/tools/bin/../lib/gcc/arm-none-eabi/9.3.1/../../../../arm-none-eabi/lib/thumb/v6-m/nofp\libc_nano.a(lib_a-lock.o)
                0x000000000800783a                __retarget_lock_release_recursive
 .text.memchr   0x000000000800783c       0x16 c:/st/stm32cubeide_1.8.0/stm32cubeide/plugins/com.st.stm32cube.ide.mcu.externaltools.gnu-tools-for-stm32.9-2020-q2-update.win32_2.0.0.202105311346/tools/bin/../lib/gcc/arm-none-eabi/9.3.1/../../../../arm-none-eabi/lib/thumb/v6-m/nofp\libc_nano.a(lib_a-memchr-stub.o)
                0x000000000800783c                memchr
 .text.memcpy   0x0000000008007852       0x12 c:/st/stm32cubeide_1.8.0/stm32cubeide/plugins/com.st.stm32cube.ide.mcu.externaltools.gnu-tools-for-stm32.9-2020-q2-update.win32_2.0.0.202105311346/tools/bin/../lib/gcc/arm-none-eabi/9.3.1/../../../../arm-none-eabi/lib/thumb/v6-m/nofp\libc_nano.a(lib_a-memcpy-stub.o)
                0x0000000008007852                memcpy
 .text.memmove  0x0000000008007864       0x26 c:/st/stm32cubeide_1.8.0/stm32cubeide/plugins/com.st.stm32cube.ide.mcu.externaltools.gnu-tools-for-stm32.9-2020-q2-update.win32_2.0.0.202105311346/tools/bin/../lib/gcc/arm-none-eabi/9.3.1/../../../../arm-none-eabi/lib/thumb/v6-m/nofp\libc_nano.a(lib_a-memmove.o)
                0x0000000008007864                memmove
 *fill*         0x000000000800788a        0x2 
 .text._free_r  0x000000000800788c       0x94 c:/st/stm32cubeide_1.8.0/stm32cubeide/plugins/com.st.stm32cube.ide.mcu.externaltools.gnu-tools-for-stm32.9-2020-q2-update.win32_2.0.0.202105311346/tools/bin/../lib/gcc/arm-none-eabi/9.3.1/../../../../arm-none-eabi/lib/thumb/v6-m/nofp\libc_nano.a(lib_a-nano-freer.o)
                0x000000000800788c                _free_r
 .text._malloc_r
                0x0000000008007920       0xbc c:/st/stm32cubeide_1.8.0/stm32cubeide/plugins/com.st.stm32cube.ide.mcu.externaltools.gnu-tools-for-stm32.9-2020-q2-update.win32_2.0.0.202105311346/tools/bin/../lib/gcc/arm-none-eabi/9.3.1/../../../../arm-none-eabi/lib/thumb/v6-m/nofp\libc_nano.a(lib_a-nano-mallocr.o)
                0x0000000008007920                _malloc_r
 .text._realloc_r
                0x00000000080079dc       0x4c c:/st/stm32cubeide_1.8.0/stm32cubeide/plugins/com.st.stm32cube.ide.mcu.externaltools.gnu-tools-for-stm32.9-2020-q2-update.win32_2.0.0.202105311346/tools/bin/../lib/gcc/arm-none-eabi/9.3.1/../../../../arm-none-eabi/lib/thumb/v6-m/nofp\libc_nano.a(lib_a-nano-reallocr.o)
                0x00000000080079dc                _realloc_r
 .text._sbrk_r  0x0000000008007a28       0x24 c:/st/stm32cubeide_1.8.0/stm32cubeide/plugins/com.st.stm32cube.ide.mcu.externaltools.gnu-tools-for-stm32.9-2020-q2-update.win32_2.0.0.202105311346/tools/bin/../lib/gcc/arm-none-eabi/9.3.1/../../../../arm-none-eabi/lib/thumb/v6-m/nofp\libc_nano.a(lib_a-sbrkr.o)
                0x0000000008007a28                _sbrk_r
 .text.__malloc_lock
                0x0000000008007a4c       0x10 c:/st/stm32cubeide_1.8.0/stm32cubeide/plugins/com.st.stm32cube.ide.mcu.externaltools.gnu-tools-for-stm32.9-2020-q2-update.win32_2.0.0.202105311346/tools/bin/../lib/gcc/arm-none-eabi/9.3.1/../../../../arm-none-eabi/lib/thumb/v6-m/nofp\libc_nano.a(lib_a-mlock.o)
                0x0000000008007a4c                __malloc_lock
 .text.__malloc_unlock
                0x0000000008007a5c       0x10 c:/st/stm32cubeide_1.8.0/stm32cubeide/plugins/com.st.stm32cube.ide.mcu.externaltools.gnu-tools-for-stm32.9-2020-q2-update.win32_2.0.0.202105311346/tools/bin/../lib/gcc/arm-none-eabi/9.3.1/../../../../arm-none-eabi/lib/thumb/v6-m/nofp\libc_nano.a(lib_a-mlock.o)
                0x0000000008007a5c                __malloc_unlock
 .text._malloc_usable_size_r
                0x0000000008007a6c       0x10 c:/st/stm32cubeide_1.8.0/stm32cubeide/plugins/com.st.stm32cube.ide.mcu.externaltools.gnu-tools-for-stm32.9-2020-q2-update.win32_2.0.0.202105311346/tools/bin/../lib/gcc/arm-none-eabi/9.3.1/../../../../arm-none-eabi/lib/thumb/v6-m/nofp\libc_nano.a(lib_a-nano-msizer.o)
                0x0000000008007a6c                _malloc_usable_size_r
 *(.glue_7)
 .glue_7        0x0000000008007a7c        0x0 linker stubs
 *(.glue_7t)
 .glue_7t       0x0000000008007a7c        0x0 linker stubs
 *(.eh_frame)
 .eh_frame      0x0000000008007a7c        0x0 c:/st/stm32cubeide_1.8.0/stm32cubeide/plugins/com.st.stm32cube.ide.mcu.externaltools.gnu-tools-for-stm32.9-2020-q2-update.win32_2.0.0.202105311346/tools/bin/../lib/gcc/arm-none-eabi/9.3.1/thumb/v6-m/nofp/crtbegin.o
 *(.init)
 .init          0x0000000008007a7c        0x4 c:/st/stm32cubeide_1.8.0/stm32cubeide/plugins/com.st.stm32cube.ide.mcu.externaltools.gnu-tools-for-stm32.9-2020-q2-update.win32_2.0.0.202105311346/tools/bin/../lib/gcc/arm-none-eabi/9.3.1/thumb/v6-m/nofp/crti.o
                0x0000000008007a7c                _init
 .init          0x0000000008007a80        0x8 c:/st/stm32cubeide_1.8.0/stm32cubeide/plugins/com.st.stm32cube.ide.mcu.externaltools.gnu-tools-for-stm32.9-2020-q2-update.win32_2.0.0.202105311346/tools/bin/../lib/gcc/arm-none-eabi/9.3.1/thumb/v6-m/nofp/crtn.o
 *(.fini)
 .fini          0x0000000008007a88        0x4 c:/st/stm32cubeide_1.8.0/stm32cubeide/plugins/com.st.stm32cube.ide.mcu.externaltools.gnu-tools-for-stm32.9-2020-q2-update.win32_2.0.0.202105311346/tools/bin/../lib/gcc/arm-none-eabi/9.3.1/thumb/v6-m/nofp/crti.o
                0x0000000008007a88                _fini
 .fini          0x0000000008007a8c        0x8 c:/st/stm32cubeide_1.8.0/stm32cubeide/plugins/com.st.stm32cube.ide.mcu.externaltools.gnu-tools-for-stm32.9-2020-q2-update.win32_2.0.0.202105311346/tools/bin/../lib/gcc/arm-none-eabi/9.3.1/thumb/v6-m/nofp/crtn.o
                0x0000000008007a94                . = ALIGN (0x4)
                0x0000000008007a94                _etext = .

.vfp11_veneer   0x0000000008007a94        0x0
 .vfp11_veneer  0x0000000008007a94        0x0 linker stubs

.v4_bx          0x0000000008007a94        0x0
 .v4_bx         0x0000000008007a94        0x0 linker stubs

.iplt           0x0000000008007a94        0x0
 .iplt          0x0000000008007a94        0x0 c:/st/stm32cubeide_1.8.0/stm32cubeide/plugins/com.st.stm32cube.ide.mcu.externaltools.gnu-tools-for-stm32.9-2020-q2-update.win32_2.0.0.202105311346/tools/bin/../lib/gcc/arm-none-eabi/9.3.1/thumb/v6-m/nofp/crtbegin.o

.rodata         0x0000000008007a94     0x1774
                0x0000000008007a94                . = ALIGN (0x4)
 *(.rodata)
 .rodata        0x0000000008007a94      0x106 ./Core/Src/arducam.o
 *fill*         0x0000000008007b9a        0x2 
 .rodata        0x0000000008007b9c      0x5cb ./Core/Src/cli.o
 *fill*         0x0000000008008167        0x1 
 .rodata        0x0000000008008168       0x4f ./Core/Src/main.o
 *fill*         0x00000000080081b7        0x1 
 .rodata        0x00000000080081b8       0x49 ./Core/Src/sccb.o
 *fill*         0x0000000008008201        0x3 
 .rodata        0x0000000008008204        0xc c:/st/stm32cubeide_1.8.0/stm32cubeide/plugins/com.st.stm32cube.ide.mcu.externaltools.gnu-tools-for-stm32.9-2020-q2-update.win32_2.0.0.202105311346/tools/bin/../lib/gcc/arm-none-eabi/9.3.1/../../../../arm-none-eabi/lib/thumb/v6-m/nofp\libc_nano.a(lib_a-nano-vfscanf_i.o)
 *(.rodata*)
 .rodata.OV5642_RAW_Init_start
                0x0000000008008210       0xb8 ./Core/Src/arducam.o
                0x0000000008008210                OV5642_RAW_Init_start
 .rodata.OV5642_RAW_Init_finish
                0x00000000080082c8       0xf8 ./Core/Src/arducam.o
                0x00000000080082c8                OV5642_RAW_Init_finish
 .rodata.ov5642_320x240
                0x00000000080083c0       0x6c ./Core/Src/arducam.o
                0x00000000080083c0                ov5642_320x240
 .rodata.ov5642_640x480
                0x000000000800842c       0x6c ./Core/Src/arducam.o
                0x000000000800842c                ov5642_640x480
 .rodata.ov5642_1280x960
                0x0000000008008498       0x68 ./Core/Src/arducam.o
                0x0000000008008498                ov5642_1280x960
 .rodata.ov5642_1024x768
                0x0000000008008500       0x68 ./Core/Src/arducam.o
                0x0000000008008500                ov5642_1024x768
 .rodata.OV5642_QVGA_Preview
                0x0000000008008568      0x920 ./Core/Src/arducam.o
                0x0000000008008568                OV5642_QVGA_Preview
 .rodata.OV5642_JPEG_Capture_QSXGA
                0x0000000008008e88      0x110 ./Core/Src/arducam.o
                0x0000000008008e88                OV5642_JPEG_Capture_QSXGA
 .rodata.handle_command
                0x0000000008008f98       0x54 ./Core/Src/cli.o
 .rodata.AHBPrescTable
                0x0000000008008fec       0x10 ./Core/Src/system_stm32l0xx.o
                0x0000000008008fec                AHBPrescTable
 .rodata.APBPrescTable
                0x0000000008008ffc        0x8 ./Core/Src/system_stm32l0xx.o
                0x0000000008008ffc                APBPrescTable
 .rodata.PLLMulTable
                0x0000000008009004        0x9 ./Core/Src/system_stm32l0xx.o
                0x0000000008009004                PLLMulTable
 *fill*         0x000000000800900d        0x3 
 .rodata.UART_SetConfig
                0x0000000008009010       0x48 ./Drivers/STM32L0xx_HAL_Driver/Src/stm32l0xx_hal_uart.o
 .rodata._ctype_
                0x0000000008009058      0x101 c:/st/stm32cubeide_1.8.0/stm32cubeide/plugins/com.st.stm32cube.ide.mcu.externaltools.gnu-tools-for-stm32.9-2020-q2-update.win32_2.0.0.202105311346/tools/bin/../lib/gcc/arm-none-eabi/9.3.1/../../../../arm-none-eabi/lib/thumb/v6-m/nofp\libc_nano.a(lib_a-ctype_.o)
                0x0000000008009058                _ctype_
 .rodata._svfprintf_r.str1.1
                0x0000000008009159       0x11 c:/st/stm32cubeide_1.8.0/stm32cubeide/plugins/com.st.stm32cube.ide.mcu.externaltools.gnu-tools-for-stm32.9-2020-q2-update.win32_2.0.0.202105311346/tools/bin/../lib/gcc/arm-none-eabi/9.3.1/../../../../arm-none-eabi/lib/thumb/v6-m/nofp\libc_nano.a(lib_a-nano-svfprintf.o)
 .rodata.__ssvfscanf_r.str1.1
                0x000000000800916a        0x4 c:/st/stm32cubeide_1.8.0/stm32cubeide/plugins/com.st.stm32cube.ide.mcu.externaltools.gnu-tools-for-stm32.9-2020-q2-update.win32_2.0.0.202105311346/tools/bin/../lib/gcc/arm-none-eabi/9.3.1/../../../../arm-none-eabi/lib/thumb/v6-m/nofp\libc_nano.a(lib_a-nano-svfscanf.o)
 .rodata._printf_i.str1.1
                0x000000000800916a       0x22 c:/st/stm32cubeide_1.8.0/stm32cubeide/plugins/com.st.stm32cube.ide.mcu.externaltools.gnu-tools-for-stm32.9-2020-q2-update.win32_2.0.0.202105311346/tools/bin/../lib/gcc/arm-none-eabi/9.3.1/../../../../arm-none-eabi/lib/thumb/v6-m/nofp\libc_nano.a(lib_a-nano-vfprintf_i.o)
 .rodata.str1.1
                0x000000000800918c        0x9 c:/st/stm32cubeide_1.8.0/stm32cubeide/plugins/com.st.stm32cube.ide.mcu.externaltools.gnu-tools-for-stm32.9-2020-q2-update.win32_2.0.0.202105311346/tools/bin/../lib/gcc/arm-none-eabi/9.3.1/../../../../arm-none-eabi/lib/thumb/v6-m/nofp\libc_nano.a(lib_a-nano-vfscanf_i.o)
 .rodata._scanf_i.str1.1
                0x0000000008009195       0x12 c:/st/stm32cubeide_1.8.0/stm32cubeide/plugins/com.st.stm32cube.ide.mcu.externaltools.gnu-tools-for-stm32.9-2020-q2-update.win32_2.0.0.202105311346/tools/bin/../lib/gcc/arm-none-eabi/9.3.1/../../../../arm-none-eabi/lib/thumb/v6-m/nofp\libc_nano.a(lib_a-nano-vfscanf_i.o)
 *fill*         0x00000000080091a7        0x1 
 .rodata.__sf_fake_stderr
                0x00000000080091a8       0x20 c:/st/stm32cubeide_1.8.0/stm32cubeide/plugins/com.st.stm32cube.ide.mcu.externaltools.gnu-tools-for-stm32.9-2020-q2-update.win32_2.0.0.202105311346/tools/bin/../lib/gcc/arm-none-eabi/9.3.1/../../../../arm-none-eabi/lib/thumb/v6-m/nofp\libc_nano.a(lib_a-findfp.o)
                0x00000000080091a8                __sf_fake_stderr
 .rodata.__sf_fake_stdin
                0x00000000080091c8       0x20 c:/st/stm32cubeide_1.8.0/stm32cubeide/plugins/com.st.stm32cube.ide.mcu.externaltools.gnu-tools-for-stm32.9-2020-q2-update.win32_2.0.0.202105311346/tools/bin/../lib/gcc/arm-none-eabi/9.3.1/../../../../arm-none-eabi/lib/thumb/v6-m/nofp\libc_nano.a(lib_a-findfp.o)
                0x00000000080091c8                __sf_fake_stdin
 .rodata.__sf_fake_stdout
                0x00000000080091e8       0x20 c:/st/stm32cubeide_1.8.0/stm32cubeide/plugins/com.st.stm32cube.ide.mcu.externaltools.gnu-tools-for-stm32.9-2020-q2-update.win32_2.0.0.202105311346/tools/bin/../lib/gcc/arm-none-eabi/9.3.1/../../../../arm-none-eabi/lib/thumb/v6-m/nofp\libc_nano.a(lib_a-findfp.o)
                0x00000000080091e8                __sf_fake_stdout
                0x0000000008009208                . = ALIGN (0x4)

.ARM.extab      0x0000000008009208        0x0
                0x0000000008009208                . = ALIGN (0x4)
 *(.ARM.extab* .gnu.linkonce.armextab.*)
                0x0000000008009208                . = ALIGN (0x4)

.ARM            0x0000000008009208        0x8
                0x0000000008009208                . = ALIGN (0x4)
                0x0000000008009208                __exidx_start = .
 *(.ARM.exidx*)
 .ARM.exidx     0x0000000008009208        0x8 c:/st/stm32cubeide_1.8.0/stm32cubeide/plugins/com.st.stm32cube.ide.mcu.externaltools.gnu-tools-for-stm32.9-2020-q2-update.win32_2.0.0.202105311346/tools/bin/../lib/gcc/arm-none-eabi/9.3.1/thumb/v6-m/nofp\libgcc.a(_udivmoddi4.o)
                0x0000000008009210                __exidx_end = .
                0x0000000008009210                . = ALIGN (0x4)

.rel.dyn        0x0000000008009210        0x0
 .rel.iplt      0x0000000008009210        0x0 c:/st/stm32cubeide_1.8.0/stm32cubeide/plugins/com.st.stm32cube.ide.mcu.externaltools.gnu-tools-for-stm32.9-2020-q2-update.win32_2.0.0.202105311346/tools/bin/../lib/gcc/arm-none-eabi/9.3.1/thumb/v6-m/nofp/crtbegin.o

.preinit_array  0x0000000008009210        0x0
                0x0000000008009210                . = ALIGN (0x4)
                0x0000000008009210                PROVIDE (__preinit_array_start = .)
 *(.preinit_array*)
                0x0000000008009210                PROVIDE (__preinit_array_end = .)
                0x0000000008009210                . = ALIGN (0x4)

.init_array     0x0000000008009210        0x4
                0x0000000008009210                . = ALIGN (0x4)
                0x0000000008009210                PROVIDE (__init_array_start = .)
 *(SORT_BY_NAME(.init_array.*))
 *(.init_array*)
 .init_array    0x0000000008009210        0x4 c:/st/stm32cubeide_1.8.0/stm32cubeide/plugins/com.st.stm32cube.ide.mcu.externaltools.gnu-tools-for-stm32.9-2020-q2-update.win32_2.0.0.202105311346/tools/bin/../lib/gcc/arm-none-eabi/9.3.1/thumb/v6-m/nofp/crtbegin.o
                0x0000000008009214                PROVIDE (__init_array_end = .)
                0x0000000008009214                . = ALIGN (0x4)

.fini_array     0x0000000008009214        0x4
                0x0000000008009214                . = ALIGN (0x4)
                [!provide]                        PROVIDE (__fini_array_start = .)
 *(SORT_BY_NAME(.fini_array.*))
 *(.fini_array*)
 .fini_array    0x0000000008009214        0x4 c:/st/stm32cubeide_1.8.0/stm32cubeide/plugins/com.st.stm32cube.ide.mcu.externaltools.gnu-tools-for-stm32.9-2020-q2-update.win32_2.0.0.202105311346/tools/bin/../lib/gcc/arm-none-eabi/9.3.1/thumb/v6-m/nofp/crtbegin.o
                [!provide]                        PROVIDE (__fini_array_end = .)
                0x0000000008009218                . = ALIGN (0x4)
                0x0000000008009218                _sidata = LOADADDR (.data)

.data           0x0000000020000000       0x78 load address 0x0000000008009218
                0x0000000020000000                . = ALIGN (0x4)
                0x0000000020000000                _sdata = .
 *(.data)
 *(.data*)
 .data.format   0x0000000020000000        0x4 ./Core/Src/cli.o
                0x0000000020000000                format
 .data.VIS_ADDRESS
                0x0000000020000004        0x2 ./Core/Src/sccb.o
 .data.NIR_ADDRESS
                0x0000000020000006        0x2 ./Core/Src/sccb.o
 .data.SystemCoreClock
                0x0000000020000008        0x4 ./Core/Src/system_stm32l0xx.o
                0x0000000020000008                SystemCoreClock
 .data.uwTickPrio
                0x000000002000000c        0x4 ./Drivers/STM32L0xx_HAL_Driver/Src/stm32l0xx_hal.o
                0x000000002000000c                uwTickPrio
 .data.uwTickFreq
                0x0000000020000010        0x1 ./Drivers/STM32L0xx_HAL_Driver/Src/stm32l0xx_hal.o
                0x0000000020000010                uwTickFreq
 *fill*         0x0000000020000011        0x3 
 .data._impure_ptr
                0x0000000020000014        0x4 c:/st/stm32cubeide_1.8.0/stm32cubeide/plugins/com.st.stm32cube.ide.mcu.externaltools.gnu-tools-for-stm32.9-2020-q2-update.win32_2.0.0.202105311346/tools/bin/../lib/gcc/arm-none-eabi/9.3.1/../../../../arm-none-eabi/lib/thumb/v6-m/nofp\libc_nano.a(lib_a-impure.o)
                0x0000000020000014                _impure_ptr
 .data.impure_data
                0x0000000020000018       0x60 c:/st/stm32cubeide_1.8.0/stm32cubeide/plugins/com.st.stm32cube.ide.mcu.externaltools.gnu-tools-for-stm32.9-2020-q2-update.win32_2.0.0.202105311346/tools/bin/../lib/gcc/arm-none-eabi/9.3.1/../../../../arm-none-eabi/lib/thumb/v6-m/nofp\libc_nano.a(lib_a-impure.o)
 *(.RamFunc)
 *(.RamFunc*)
                0x0000000020000078                . = ALIGN (0x4)
                0x0000000020000078                _edata = .

.igot.plt       0x0000000020000078        0x0 load address 0x0000000008009290
 .igot.plt      0x0000000020000078        0x0 c:/st/stm32cubeide_1.8.0/stm32cubeide/plugins/com.st.stm32cube.ide.mcu.externaltools.gnu-tools-for-stm32.9-2020-q2-update.win32_2.0.0.202105311346/tools/bin/../lib/gcc/arm-none-eabi/9.3.1/thumb/v6-m/nofp/crtbegin.o
                0x0000000020000078                . = ALIGN (0x4)

.bss            0x0000000020000078      0x170 load address 0x0000000008009290
                0x0000000020000078                _sbss = .
                0x0000000020000078                __bss_start__ = _sbss
 *(.bss)
 .bss           0x0000000020000078       0x1c c:/st/stm32cubeide_1.8.0/stm32cubeide/plugins/com.st.stm32cube.ide.mcu.externaltools.gnu-tools-for-stm32.9-2020-q2-update.win32_2.0.0.202105311346/tools/bin/../lib/gcc/arm-none-eabi/9.3.1/thumb/v6-m/nofp/crtbegin.o
 *(.bss*)
 .bss.VIS_DETECTED
                0x0000000020000094        0x4 ./Core/Src/cli.o
                0x0000000020000094                VIS_DETECTED
 .bss.NIR_DETECTED
                0x0000000020000098        0x4 ./Core/Src/cli.o
                0x0000000020000098                NIR_DETECTED
 .bss.hspi_nand
                0x000000002000009c        0x4 ./Core/Src/nand_spi.o
 .bss.__sbrk_heap_end
                0x00000000200000a0        0x4 ./Core/Src/sysmem.o
 .bss.__malloc_free_list
                0x00000000200000a4        0x4 c:/st/stm32cubeide_1.8.0/stm32cubeide/plugins/com.st.stm32cube.ide.mcu.externaltools.gnu-tools-for-stm32.9-2020-q2-update.win32_2.0.0.202105311346/tools/bin/../lib/gcc/arm-none-eabi/9.3.1/../../../../arm-none-eabi/lib/thumb/v6-m/nofp\libc_nano.a(lib_a-nano-mallocr.o)
                0x00000000200000a4                __malloc_free_list
 .bss.__malloc_sbrk_start
                0x00000000200000a8        0x4 c:/st/stm32cubeide_1.8.0/stm32cubeide/plugins/com.st.stm32cube.ide.mcu.externaltools.gnu-tools-for-stm32.9-2020-q2-update.win32_2.0.0.202105311346/tools/bin/../lib/gcc/arm-none-eabi/9.3.1/../../../../arm-none-eabi/lib/thumb/v6-m/nofp\libc_nano.a(lib_a-nano-mallocr.o)
                0x00000000200000a8                __malloc_sbrk_start
 *(COMMON)
 COMMON         0x00000000200000ac      0x128 ./Core/Src/main.o
                0x00000000200000ac                hspi2
                0x0000000020000104                hi2c2
                0x0000000020000150                huart1
 COMMON         0x00000000200001d4        0x4 ./Drivers/STM32L0xx_HAL_Driver/Src/stm32l0xx_hal.o
                0x00000000200001d4                uwTick
 COMMON         0x00000000200001d8        0x4 c:/st/stm32cubeide_1.8.0/stm32cubeide/plugins/com.st.stm32cube.ide.mcu.externaltools.gnu-tools-for-stm32.9-2020-q2-update.win32_2.0.0.202105311346/tools/bin/../lib/gcc/arm-none-eabi/9.3.1/../../../../arm-none-eabi/lib/thumb/v6-m/nofp\libc_nano.a(lib_a-reent.o)
                0x00000000200001d8                errno
 COMMON         0x00000000200001dc        0x9 c:/st/stm32cubeide_1.8.0/stm32cubeide/plugins/com.st.stm32cube.ide.mcu.externaltools.gnu-tools-for-stm32.9-2020-q2-update.win32_2.0.0.202105311346/tools/bin/../lib/gcc/arm-none-eabi/9.3.1/../../../../arm-none-eabi/lib/thumb/v6-m/nofp\libc_nano.a(lib_a-lock.o)
                0x00000000200001dc                __lock___atexit_recursive_mutex
                0x00000000200001dd                __lock___arc4random_mutex
                0x00000000200001de                __lock___env_recursive_mutex
                0x00000000200001df                __lock___sinit_recursive_mutex
                0x00000000200001e0                __lock___malloc_recursive_mutex
                0x00000000200001e1                __lock___at_quick_exit_mutex
                0x00000000200001e2                __lock___dd_hash_mutex
                0x00000000200001e3                __lock___tz_mutex
                0x00000000200001e4                __lock___sfp_recursive_mutex
                0x00000000200001e8                . = ALIGN (0x4)
 *fill*         0x00000000200001e5        0x3 
                0x00000000200001e8                _ebss = .
                0x00000000200001e8                __bss_end__ = _ebss

._user_heap_stack
                0x00000000200001e8      0x600 load address 0x0000000008009290
                0x00000000200001e8                . = ALIGN (0x8)
                [!provide]                        PROVIDE (end = .)
                0x00000000200001e8                PROVIDE (_end = .)
                0x00000000200003e8                . = (. + _Min_Heap_Size)
 *fill*         0x00000000200001e8      0x200 
                0x00000000200007e8                . = (. + _Min_Stack_Size)
 *fill*         0x00000000200003e8      0x400 
                0x00000000200007e8                . = ALIGN (0x8)

/DISCARD/
 libc.a(*)
 libm.a(*)
 libgcc.a(*)

.ARM.attributes
                0x0000000000000000       0x28
 *(.ARM.attributes)
 .ARM.attributes
                0x0000000000000000       0x1e c:/st/stm32cubeide_1.8.0/stm32cubeide/plugins/com.st.stm32cube.ide.mcu.externaltools.gnu-tools-for-stm32.9-2020-q2-update.win32_2.0.0.202105311346/tools/bin/../lib/gcc/arm-none-eabi/9.3.1/thumb/v6-m/nofp/crti.o
 .ARM.attributes
                0x000000000000001e       0x2c c:/st/stm32cubeide_1.8.0/stm32cubeide/plugins/com.st.stm32cube.ide.mcu.externaltools.gnu-tools-for-stm32.9-2020-q2-update.win32_2.0.0.202105311346/tools/bin/../lib/gcc/arm-none-eabi/9.3.1/thumb/v6-m/nofp/crtbegin.o
 .ARM.attributes
                0x000000000000004a       0x2c ./Core/Src/arducam.o
 .ARM.attributes
                0x0000000000000076       0x2c ./Core/Src/cli.o
 .ARM.attributes
                0x00000000000000a2       0x2c ./Core/Src/main.o
 .ARM.attributes
                0x00000000000000ce       0x2c ./Core/Src/nand_m79a.o
 .ARM.attributes
                0x00000000000000fa       0x2c ./Core/Src/nand_m79a_lld.o
 .ARM.attributes
                0x0000000000000126       0x2c ./Core/Src/nand_spi.o
 .ARM.attributes
                0x0000000000000152       0x2c ./Core/Src/sccb.o
 .ARM.attributes
                0x000000000000017e       0x2c ./Core/Src/spi_bitbang.o
 .ARM.attributes
                0x00000000000001aa       0x2c ./Core/Src/stm32l0xx_hal_msp.o
 .ARM.attributes
                0x00000000000001d6       0x2c ./Core/Src/stm32l0xx_it.o
 .ARM.attributes
                0x0000000000000202       0x2c ./Core/Src/sysmem.o
 .ARM.attributes
                0x000000000000022e       0x2c ./Core/Src/system_stm32l0xx.o
 .ARM.attributes
                0x000000000000025a       0x22 ./Core/Startup/startup_stm32l071c8tx.o
 .ARM.attributes
                0x000000000000027c       0x2c ./Drivers/STM32L0xx_HAL_Driver/Src/stm32l0xx_hal.o
 .ARM.attributes
                0x00000000000002a8       0x2c ./Drivers/STM32L0xx_HAL_Driver/Src/stm32l0xx_hal_cortex.o
 .ARM.attributes
                0x00000000000002d4       0x2c ./Drivers/STM32L0xx_HAL_Driver/Src/stm32l0xx_hal_gpio.o
 .ARM.attributes
                0x0000000000000300       0x2c ./Drivers/STM32L0xx_HAL_Driver/Src/stm32l0xx_hal_i2c.o
 .ARM.attributes
                0x000000000000032c       0x2c ./Drivers/STM32L0xx_HAL_Driver/Src/stm32l0xx_hal_i2c_ex.o
 .ARM.attributes
                0x0000000000000358       0x2c ./Drivers/STM32L0xx_HAL_Driver/Src/stm32l0xx_hal_rcc.o
 .ARM.attributes
                0x0000000000000384       0x2c ./Drivers/STM32L0xx_HAL_Driver/Src/stm32l0xx_hal_rcc_ex.o
 .ARM.attributes
                0x00000000000003b0       0x2c ./Drivers/STM32L0xx_HAL_Driver/Src/stm32l0xx_hal_spi.o
 .ARM.attributes
                0x00000000000003dc       0x2c ./Drivers/STM32L0xx_HAL_Driver/Src/stm32l0xx_hal_uart.o
 .ARM.attributes
                0x0000000000000408       0x2c c:/st/stm32cubeide_1.8.0/stm32cubeide/plugins/com.st.stm32cube.ide.mcu.externaltools.gnu-tools-for-stm32.9-2020-q2-update.win32_2.0.0.202105311346/tools/bin/../lib/gcc/arm-none-eabi/9.3.1/../../../../arm-none-eabi/lib/thumb/v6-m/nofp\libc_nano.a(lib_a-ctype_.o)
 .ARM.attributes
                0x0000000000000434       0x2c c:/st/stm32cubeide_1.8.0/stm32cubeide/plugins/com.st.stm32cube.ide.mcu.externaltools.gnu-tools-for-stm32.9-2020-q2-update.win32_2.0.0.202105311346/tools/bin/../lib/gcc/arm-none-eabi/9.3.1/../../../../arm-none-eabi/lib/thumb/v6-m/nofp\libc_nano.a(lib_a-errno.o)
 .ARM.attributes
                0x0000000000000460       0x2c c:/st/stm32cubeide_1.8.0/stm32cubeide/plugins/com.st.stm32cube.ide.mcu.externaltools.gnu-tools-for-stm32.9-2020-q2-update.win32_2.0.0.202105311346/tools/bin/../lib/gcc/arm-none-eabi/9.3.1/../../../../arm-none-eabi/lib/thumb/v6-m/nofp\libc_nano.a(lib_a-impure.o)
 .ARM.attributes
                0x000000000000048c       0x2c c:/st/stm32cubeide_1.8.0/stm32cubeide/plugins/com.st.stm32cube.ide.mcu.externaltools.gnu-tools-for-stm32.9-2020-q2-update.win32_2.0.0.202105311346/tools/bin/../lib/gcc/arm-none-eabi/9.3.1/../../../../arm-none-eabi/lib/thumb/v6-m/nofp\libc_nano.a(lib_a-init.o)
 .ARM.attributes
                0x00000000000004b8       0x2c c:/st/stm32cubeide_1.8.0/stm32cubeide/plugins/com.st.stm32cube.ide.mcu.externaltools.gnu-tools-for-stm32.9-2020-q2-update.win32_2.0.0.202105311346/tools/bin/../lib/gcc/arm-none-eabi/9.3.1/../../../../arm-none-eabi/lib/thumb/v6-m/nofp\libc_nano.a(lib_a-memset.o)
 .ARM.attributes
                0x00000000000004e4       0x2c c:/st/stm32cubeide_1.8.0/stm32cubeide/plugins/com.st.stm32cube.ide.mcu.externaltools.gnu-tools-for-stm32.9-2020-q2-update.win32_2.0.0.202105311346/tools/bin/../lib/gcc/arm-none-eabi/9.3.1/../../../../arm-none-eabi/lib/thumb/v6-m/nofp\libc_nano.a(lib_a-sprintf.o)
 .ARM.attributes
                0x0000000000000510       0x2c c:/st/stm32cubeide_1.8.0/stm32cubeide/plugins/com.st.stm32cube.ide.mcu.externaltools.gnu-tools-for-stm32.9-2020-q2-update.win32_2.0.0.202105311346/tools/bin/../lib/gcc/arm-none-eabi/9.3.1/../../../../arm-none-eabi/lib/thumb/v6-m/nofp\libc_nano.a(lib_a-sscanf.o)
 .ARM.attributes
                0x000000000000053c       0x2c c:/st/stm32cubeide_1.8.0/stm32cubeide/plugins/com.st.stm32cube.ide.mcu.externaltools.gnu-tools-for-stm32.9-2020-q2-update.win32_2.0.0.202105311346/tools/bin/../lib/gcc/arm-none-eabi/9.3.1/../../../../arm-none-eabi/lib/thumb/v6-m/nofp\libc_nano.a(lib_a-stdio.o)
 .ARM.attributes
                0x0000000000000568       0x1c c:/st/stm32cubeide_1.8.0/stm32cubeide/plugins/com.st.stm32cube.ide.mcu.externaltools.gnu-tools-for-stm32.9-2020-q2-update.win32_2.0.0.202105311346/tools/bin/../lib/gcc/arm-none-eabi/9.3.1/../../../../arm-none-eabi/lib/thumb/v6-m/nofp\libc_nano.a(lib_a-strlen.o)
 .ARM.attributes
                0x0000000000000584       0x2c c:/st/stm32cubeide_1.8.0/stm32cubeide/plugins/com.st.stm32cube.ide.mcu.externaltools.gnu-tools-for-stm32.9-2020-q2-update.win32_2.0.0.202105311346/tools/bin/../lib/gcc/arm-none-eabi/9.3.1/../../../../arm-none-eabi/lib/thumb/v6-m/nofp\libc_nano.a(lib_a-nano-svfprintf.o)
 .ARM.attributes
                0x00000000000005b0       0x2c c:/st/stm32cubeide_1.8.0/stm32cubeide/plugins/com.st.stm32cube.ide.mcu.externaltools.gnu-tools-for-stm32.9-2020-q2-update.win32_2.0.0.202105311346/tools/bin/../lib/gcc/arm-none-eabi/9.3.1/../../../../arm-none-eabi/lib/thumb/v6-m/nofp\libc_nano.a(lib_a-nano-svfscanf.o)
 .ARM.attributes
                0x00000000000005dc       0x2c c:/st/stm32cubeide_1.8.0/stm32cubeide/plugins/com.st.stm32cube.ide.mcu.externaltools.gnu-tools-for-stm32.9-2020-q2-update.win32_2.0.0.202105311346/tools/bin/../lib/gcc/arm-none-eabi/9.3.1/../../../../arm-none-eabi/lib/thumb/v6-m/nofp\libc_nano.a(lib_a-nano-vfprintf_i.o)
 .ARM.attributes
                0x0000000000000608       0x2c c:/st/stm32cubeide_1.8.0/stm32cubeide/plugins/com.st.stm32cube.ide.mcu.externaltools.gnu-tools-for-stm32.9-2020-q2-update.win32_2.0.0.202105311346/tools/bin/../lib/gcc/arm-none-eabi/9.3.1/../../../../arm-none-eabi/lib/thumb/v6-m/nofp\libc_nano.a(lib_a-nano-vfscanf_i.o)
 .ARM.attributes
                0x0000000000000634       0x2c c:/st/stm32cubeide_1.8.0/stm32cubeide/plugins/com.st.stm32cube.ide.mcu.externaltools.gnu-tools-for-stm32.9-2020-q2-update.win32_2.0.0.202105311346/tools/bin/../lib/gcc/arm-none-eabi/9.3.1/../../../../arm-none-eabi/lib/thumb/v6-m/nofp\libc_nano.a(lib_a-reent.o)
 .ARM.attributes
                0x0000000000000660       0x2c c:/st/stm32cubeide_1.8.0/stm32cubeide/plugins/com.st.stm32cube.ide.mcu.externaltools.gnu-tools-for-stm32.9-2020-q2-update.win32_2.0.0.202105311346/tools/bin/../lib/gcc/arm-none-eabi/9.3.1/../../../../arm-none-eabi/lib/thumb/v6-m/nofp\libc_nano.a(lib_a-sccl.o)
 .ARM.attributes
                0x000000000000068c       0x2c c:/st/stm32cubeide_1.8.0/stm32cubeide/plugins/com.st.stm32cube.ide.mcu.externaltools.gnu-tools-for-stm32.9-2020-q2-update.win32_2.0.0.202105311346/tools/bin/../lib/gcc/arm-none-eabi/9.3.1/../../../../arm-none-eabi/lib/thumb/v6-m/nofp\libc_nano.a(lib_a-strtol.o)
 .ARM.attributes
                0x00000000000006b8       0x2c c:/st/stm32cubeide_1.8.0/stm32cubeide/plugins/com.st.stm32cube.ide.mcu.externaltools.gnu-tools-for-stm32.9-2020-q2-update.win32_2.0.0.202105311346/tools/bin/../lib/gcc/arm-none-eabi/9.3.1/../../../../arm-none-eabi/lib/thumb/v6-m/nofp\libc_nano.a(lib_a-strtoul.o)
 .ARM.attributes
                0x00000000000006e4       0x2c c:/st/stm32cubeide_1.8.0/stm32cubeide/plugins/com.st.stm32cube.ide.mcu.externaltools.gnu-tools-for-stm32.9-2020-q2-update.win32_2.0.0.202105311346/tools/bin/../lib/gcc/arm-none-eabi/9.3.1/../../../../arm-none-eabi/lib/thumb/v6-m/nofp\libc_nano.a(lib_a-ungetc.o)
 .ARM.attributes
                0x0000000000000710       0x2c c:/st/stm32cubeide_1.8.0/stm32cubeide/plugins/com.st.stm32cube.ide.mcu.externaltools.gnu-tools-for-stm32.9-2020-q2-update.win32_2.0.0.202105311346/tools/bin/../lib/gcc/arm-none-eabi/9.3.1/../../../../arm-none-eabi/lib/thumb/v6-m/nofp\libc_nano.a(lib_a-findfp.o)
 .ARM.attributes
                0x000000000000073c       0x2c c:/st/stm32cubeide_1.8.0/stm32cubeide/plugins/com.st.stm32cube.ide.mcu.externaltools.gnu-tools-for-stm32.9-2020-q2-update.win32_2.0.0.202105311346/tools/bin/../lib/gcc/arm-none-eabi/9.3.1/../../../../arm-none-eabi/lib/thumb/v6-m/nofp\libc_nano.a(lib_a-lock.o)
 .ARM.attributes
                0x0000000000000768       0x2c c:/st/stm32cubeide_1.8.0/stm32cubeide/plugins/com.st.stm32cube.ide.mcu.externaltools.gnu-tools-for-stm32.9-2020-q2-update.win32_2.0.0.202105311346/tools/bin/../lib/gcc/arm-none-eabi/9.3.1/../../../../arm-none-eabi/lib/thumb/v6-m/nofp\libc_nano.a(lib_a-memchr-stub.o)
 .ARM.attributes
                0x0000000000000794       0x2c c:/st/stm32cubeide_1.8.0/stm32cubeide/plugins/com.st.stm32cube.ide.mcu.externaltools.gnu-tools-for-stm32.9-2020-q2-update.win32_2.0.0.202105311346/tools/bin/../lib/gcc/arm-none-eabi/9.3.1/../../../../arm-none-eabi/lib/thumb/v6-m/nofp\libc_nano.a(lib_a-memcpy-stub.o)
 .ARM.attributes
                0x00000000000007c0       0x2c c:/st/stm32cubeide_1.8.0/stm32cubeide/plugins/com.st.stm32cube.ide.mcu.externaltools.gnu-tools-for-stm32.9-2020-q2-update.win32_2.0.0.202105311346/tools/bin/../lib/gcc/arm-none-eabi/9.3.1/../../../../arm-none-eabi/lib/thumb/v6-m/nofp\libc_nano.a(lib_a-memmove.o)
 .ARM.attributes
                0x00000000000007ec       0x2c c:/st/stm32cubeide_1.8.0/stm32cubeide/plugins/com.st.stm32cube.ide.mcu.externaltools.gnu-tools-for-stm32.9-2020-q2-update.win32_2.0.0.202105311346/tools/bin/../lib/gcc/arm-none-eabi/9.3.1/../../../../arm-none-eabi/lib/thumb/v6-m/nofp\libc_nano.a(lib_a-nano-freer.o)
 .ARM.attributes
                0x0000000000000818       0x2c c:/st/stm32cubeide_1.8.0/stm32cubeide/plugins/com.st.stm32cube.ide.mcu.externaltools.gnu-tools-for-stm32.9-2020-q2-update.win32_2.0.0.202105311346/tools/bin/../lib/gcc/arm-none-eabi/9.3.1/../../../../arm-none-eabi/lib/thumb/v6-m/nofp\libc_nano.a(lib_a-nano-mallocr.o)
 .ARM.attributes
                0x0000000000000844       0x2c c:/st/stm32cubeide_1.8.0/stm32cubeide/plugins/com.st.stm32cube.ide.mcu.externaltools.gnu-tools-for-stm32.9-2020-q2-update.win32_2.0.0.202105311346/tools/bin/../lib/gcc/arm-none-eabi/9.3.1/../../../../arm-none-eabi/lib/thumb/v6-m/nofp\libc_nano.a(lib_a-nano-reallocr.o)
 .ARM.attributes
                0x0000000000000870       0x2c c:/st/stm32cubeide_1.8.0/stm32cubeide/plugins/com.st.stm32cube.ide.mcu.externaltools.gnu-tools-for-stm32.9-2020-q2-update.win32_2.0.0.202105311346/tools/bin/../lib/gcc/arm-none-eabi/9.3.1/../../../../arm-none-eabi/lib/thumb/v6-m/nofp\libc_nano.a(lib_a-sbrkr.o)
 .ARM.attributes
                0x000000000000089c       0x2c c:/st/stm32cubeide_1.8.0/stm32cubeide/plugins/com.st.stm32cube.ide.mcu.externaltools.gnu-tools-for-stm32.9-2020-q2-update.win32_2.0.0.202105311346/tools/bin/../lib/gcc/arm-none-eabi/9.3.1/../../../../arm-none-eabi/lib/thumb/v6-m/nofp\libc_nano.a(lib_a-mlock.o)
 .ARM.attributes
                0x00000000000008c8       0x2c c:/st/stm32cubeide_1.8.0/stm32cubeide/plugins/com.st.stm32cube.ide.mcu.externaltools.gnu-tools-for-stm32.9-2020-q2-update.win32_2.0.0.202105311346/tools/bin/../lib/gcc/arm-none-eabi/9.3.1/../../../../arm-none-eabi/lib/thumb/v6-m/nofp\libc_nano.a(lib_a-nano-msizer.o)
 .ARM.attributes
                0x00000000000008f4       0x1e c:/st/stm32cubeide_1.8.0/stm32cubeide/plugins/com.st.stm32cube.ide.mcu.externaltools.gnu-tools-for-stm32.9-2020-q2-update.win32_2.0.0.202105311346/tools/bin/../lib/gcc/arm-none-eabi/9.3.1/thumb/v6-m/nofp\libgcc.a(_thumb1_case_shi.o)
 .ARM.attributes
                0x0000000000000912       0x1e c:/st/stm32cubeide_1.8.0/stm32cubeide/plugins/com.st.stm32cube.ide.mcu.externaltools.gnu-tools-for-stm32.9-2020-q2-update.win32_2.0.0.202105311346/tools/bin/../lib/gcc/arm-none-eabi/9.3.1/thumb/v6-m/nofp\libgcc.a(_udivsi3.o)
 .ARM.attributes
                0x0000000000000930       0x1e c:/st/stm32cubeide_1.8.0/stm32cubeide/plugins/com.st.stm32cube.ide.mcu.externaltools.gnu-tools-for-stm32.9-2020-q2-update.win32_2.0.0.202105311346/tools/bin/../lib/gcc/arm-none-eabi/9.3.1/thumb/v6-m/nofp\libgcc.a(_dvmd_tls.o)
 .ARM.attributes
                0x000000000000094e       0x1e c:/st/stm32cubeide_1.8.0/stm32cubeide/plugins/com.st.stm32cube.ide.mcu.externaltools.gnu-tools-for-stm32.9-2020-q2-update.win32_2.0.0.202105311346/tools/bin/../lib/gcc/arm-none-eabi/9.3.1/thumb/v6-m/nofp\libgcc.a(_aeabi_uldivmod.o)
 .ARM.attributes
                0x000000000000096c       0x2c c:/st/stm32cubeide_1.8.0/stm32cubeide/plugins/com.st.stm32cube.ide.mcu.externaltools.gnu-tools-for-stm32.9-2020-q2-update.win32_2.0.0.202105311346/tools/bin/../lib/gcc/arm-none-eabi/9.3.1/thumb/v6-m/nofp\libgcc.a(_muldi3.o)
 .ARM.attributes
                0x0000000000000998       0x2c c:/st/stm32cubeide_1.8.0/stm32cubeide/plugins/com.st.stm32cube.ide.mcu.externaltools.gnu-tools-for-stm32.9-2020-q2-update.win32_2.0.0.202105311346/tools/bin/../lib/gcc/arm-none-eabi/9.3.1/thumb/v6-m/nofp\libgcc.a(_udivmoddi4.o)
 .ARM.attributes
                0x00000000000009c4       0x1e c:/st/stm32cubeide_1.8.0/stm32cubeide/plugins/com.st.stm32cube.ide.mcu.externaltools.gnu-tools-for-stm32.9-2020-q2-update.win32_2.0.0.202105311346/tools/bin/../lib/gcc/arm-none-eabi/9.3.1/thumb/v6-m/nofp\libgcc.a(_clzsi2.o)
 .ARM.attributes
                0x00000000000009e2       0x1e c:/st/stm32cubeide_1.8.0/stm32cubeide/plugins/com.st.stm32cube.ide.mcu.externaltools.gnu-tools-for-stm32.9-2020-q2-update.win32_2.0.0.202105311346/tools/bin/../lib/gcc/arm-none-eabi/9.3.1/thumb/v6-m/nofp\libgcc.a(_clzdi2.o)
 .ARM.attributes
                0x0000000000000a00       0x1e c:/st/stm32cubeide_1.8.0/stm32cubeide/plugins/com.st.stm32cube.ide.mcu.externaltools.gnu-tools-for-stm32.9-2020-q2-update.win32_2.0.0.202105311346/tools/bin/../lib/gcc/arm-none-eabi/9.3.1/thumb/v6-m/nofp/crtn.o
OUTPUT(IEB_basic_functionality.elf elf32-littlearm)
LOAD linker stubs
LOAD c:/st/stm32cubeide_1.8.0/stm32cubeide/plugins/com.st.stm32cube.ide.mcu.externaltools.gnu-tools-for-stm32.9-2020-q2-update.win32_2.0.0.202105311346/tools/bin/../lib/gcc/arm-none-eabi/9.3.1/../../../../arm-none-eabi/lib/thumb/v6-m/nofp\libc.a
LOAD c:/st/stm32cubeide_1.8.0/stm32cubeide/plugins/com.st.stm32cube.ide.mcu.externaltools.gnu-tools-for-stm32.9-2020-q2-update.win32_2.0.0.202105311346/tools/bin/../lib/gcc/arm-none-eabi/9.3.1/../../../../arm-none-eabi/lib/thumb/v6-m/nofp\libm.a
LOAD c:/st/stm32cubeide_1.8.0/stm32cubeide/plugins/com.st.stm32cube.ide.mcu.externaltools.gnu-tools-for-stm32.9-2020-q2-update.win32_2.0.0.202105311346/tools/bin/../lib/gcc/arm-none-eabi/9.3.1/thumb/v6-m/nofp\libgcc.a

.debug_info     0x0000000000000000    0x143f1
 .debug_info    0x0000000000000000     0x18ed ./Core/Src/arducam.o
 .debug_info    0x00000000000018ed     0x17fa ./Core/Src/cli.o
 .debug_info    0x00000000000030e7     0x1b9a ./Core/Src/main.o
 .debug_info    0x0000000000004c81      0x361 ./Core/Src/nand_m79a.o
 .debug_info    0x0000000000004fe2      0x8f2 ./Core/Src/nand_m79a_lld.o
 .debug_info    0x00000000000058d4      0x942 ./Core/Src/nand_spi.o
 .debug_info    0x0000000000006216     0x144b ./Core/Src/sccb.o
 .debug_info    0x0000000000007661      0x490 ./Core/Src/spi_bitbang.o
 .debug_info    0x0000000000007af1     0x1045 ./Core/Src/stm32l0xx_hal_msp.o
 .debug_info    0x0000000000008b36      0x1d4 ./Core/Src/stm32l0xx_it.o
 .debug_info    0x0000000000008d0a      0xa25 ./Core/Src/sysmem.o
 .debug_info    0x000000000000972f      0x363 ./Core/Src/system_stm32l0xx.o
 .debug_info    0x0000000000009a92       0x22 ./Core/Startup/startup_stm32l071c8tx.o
 .debug_info    0x0000000000009ab4      0x910 ./Drivers/STM32L0xx_HAL_Driver/Src/stm32l0xx_hal.o
 .debug_info    0x000000000000a3c4      0x99d ./Drivers/STM32L0xx_HAL_Driver/Src/stm32l0xx_hal_cortex.o
 .debug_info    0x000000000000ad61      0x788 ./Drivers/STM32L0xx_HAL_Driver/Src/stm32l0xx_hal_gpio.o
 .debug_info    0x000000000000b4e9     0x21c3 ./Drivers/STM32L0xx_HAL_Driver/Src/stm32l0xx_hal_i2c.o
 .debug_info    0x000000000000d6ac      0x9c1 ./Drivers/STM32L0xx_HAL_Driver/Src/stm32l0xx_hal_i2c_ex.o
 .debug_info    0x000000000000e06d      0x9e7 ./Drivers/STM32L0xx_HAL_Driver/Src/stm32l0xx_hal_rcc.o
 .debug_info    0x000000000000ea54      0x581 ./Drivers/STM32L0xx_HAL_Driver/Src/stm32l0xx_hal_rcc_ex.o
 .debug_info    0x000000000000efd5     0x1775 ./Drivers/STM32L0xx_HAL_Driver/Src/stm32l0xx_hal_spi.o
 .debug_info    0x000000000001074a     0x3ca7 ./Drivers/STM32L0xx_HAL_Driver/Src/stm32l0xx_hal_uart.o

.debug_abbrev   0x0000000000000000     0x2c0a
 .debug_abbrev  0x0000000000000000      0x301 ./Core/Src/arducam.o
 .debug_abbrev  0x0000000000000301      0x301 ./Core/Src/cli.o
 .debug_abbrev  0x0000000000000602      0x2f3 ./Core/Src/main.o
 .debug_abbrev  0x00000000000008f5      0x161 ./Core/Src/nand_m79a.o
 .debug_abbrev  0x0000000000000a56      0x1ad ./Core/Src/nand_m79a_lld.o
 .debug_abbrev  0x0000000000000c03      0x1d0 ./Core/Src/nand_spi.o
 .debug_abbrev  0x0000000000000dd3      0x222 ./Core/Src/sccb.o
 .debug_abbrev  0x0000000000000ff5      0x1b1 ./Core/Src/spi_bitbang.o
 .debug_abbrev  0x00000000000011a6      0x1d9 ./Core/Src/stm32l0xx_hal_msp.o
 .debug_abbrev  0x000000000000137f       0xd2 ./Core/Src/stm32l0xx_it.o
 .debug_abbrev  0x0000000000001451      0x1bf ./Core/Src/sysmem.o
 .debug_abbrev  0x0000000000001610      0x145 ./Core/Src/system_stm32l0xx.o
 .debug_abbrev  0x0000000000001755       0x12 ./Core/Startup/startup_stm32l071c8tx.o
 .debug_abbrev  0x0000000000001767      0x267 ./Drivers/STM32L0xx_HAL_Driver/Src/stm32l0xx_hal.o
 .debug_abbrev  0x00000000000019ce      0x2b4 ./Drivers/STM32L0xx_HAL_Driver/Src/stm32l0xx_hal_cortex.o
 .debug_abbrev  0x0000000000001c82      0x1e8 ./Drivers/STM32L0xx_HAL_Driver/Src/stm32l0xx_hal_gpio.o
 .debug_abbrev  0x0000000000001e6a      0x267 ./Drivers/STM32L0xx_HAL_Driver/Src/stm32l0xx_hal_i2c.o
 .debug_abbrev  0x00000000000020d1      0x1d4 ./Drivers/STM32L0xx_HAL_Driver/Src/stm32l0xx_hal_i2c_ex.o
 .debug_abbrev  0x00000000000022a5      0x246 ./Drivers/STM32L0xx_HAL_Driver/Src/stm32l0xx_hal_rcc.o
 .debug_abbrev  0x00000000000024eb      0x1ef ./Drivers/STM32L0xx_HAL_Driver/Src/stm32l0xx_hal_rcc_ex.o
 .debug_abbrev  0x00000000000026da      0x26e ./Drivers/STM32L0xx_HAL_Driver/Src/stm32l0xx_hal_spi.o
 .debug_abbrev  0x0000000000002948      0x2c2 ./Drivers/STM32L0xx_HAL_Driver/Src/stm32l0xx_hal_uart.o

.debug_aranges  0x0000000000000000      0xe20
 .debug_aranges
                0x0000000000000000       0xd0 ./Core/Src/arducam.o
 .debug_aranges
                0x00000000000000d0       0x78 ./Core/Src/cli.o
 .debug_aranges
                0x0000000000000148       0x58 ./Core/Src/main.o
 .debug_aranges
                0x00000000000001a0       0x30 ./Core/Src/nand_m79a.o
 .debug_aranges
                0x00000000000001d0       0x78 ./Core/Src/nand_m79a_lld.o
 .debug_aranges
                0x0000000000000248       0x58 ./Core/Src/nand_spi.o
 .debug_aranges
                0x00000000000002a0       0x30 ./Core/Src/sccb.o
 .debug_aranges
                0x00000000000002d0       0x68 ./Core/Src/spi_bitbang.o
 .debug_aranges
                0x0000000000000338       0x50 ./Core/Src/stm32l0xx_hal_msp.o
 .debug_aranges
                0x0000000000000388       0x40 ./Core/Src/stm32l0xx_it.o
 .debug_aranges
                0x00000000000003c8       0x20 ./Core/Src/sysmem.o
 .debug_aranges
                0x00000000000003e8       0x28 ./Core/Src/system_stm32l0xx.o
 .debug_aranges
                0x0000000000000410       0x28 ./Core/Startup/startup_stm32l071c8tx.o
 .debug_aranges
                0x0000000000000438      0x110 ./Drivers/STM32L0xx_HAL_Driver/Src/stm32l0xx_hal.o
 .debug_aranges
                0x0000000000000548       0xd8 ./Drivers/STM32L0xx_HAL_Driver/Src/stm32l0xx_hal_cortex.o
 .debug_aranges
                0x0000000000000620       0x58 ./Drivers/STM32L0xx_HAL_Driver/Src/stm32l0xx_hal_gpio.o
 .debug_aranges
                0x0000000000000678      0x290 ./Drivers/STM32L0xx_HAL_Driver/Src/stm32l0xx_hal_i2c.o
 .debug_aranges
                0x0000000000000908       0x48 ./Drivers/STM32L0xx_HAL_Driver/Src/stm32l0xx_hal_i2c_ex.o
 .debug_aranges
                0x0000000000000950       0x80 ./Drivers/STM32L0xx_HAL_Driver/Src/stm32l0xx_hal_rcc.o
 .debug_aranges
                0x00000000000009d0       0x58 ./Drivers/STM32L0xx_HAL_Driver/Src/stm32l0xx_hal_rcc_ex.o
 .debug_aranges
                0x0000000000000a28      0x1d0 ./Drivers/STM32L0xx_HAL_Driver/Src/stm32l0xx_hal_spi.o
 .debug_aranges
                0x0000000000000bf8      0x228 ./Drivers/STM32L0xx_HAL_Driver/Src/stm32l0xx_hal_uart.o

.debug_ranges   0x0000000000000000      0xcf8
 .debug_ranges  0x0000000000000000       0xc0 ./Core/Src/arducam.o
 .debug_ranges  0x00000000000000c0       0x68 ./Core/Src/cli.o
 .debug_ranges  0x0000000000000128       0x48 ./Core/Src/main.o
 .debug_ranges  0x0000000000000170       0x20 ./Core/Src/nand_m79a.o
 .debug_ranges  0x0000000000000190       0x68 ./Core/Src/nand_m79a_lld.o
 .debug_ranges  0x00000000000001f8       0x48 ./Core/Src/nand_spi.o
 .debug_ranges  0x0000000000000240       0x20 ./Core/Src/sccb.o
 .debug_ranges  0x0000000000000260       0x58 ./Core/Src/spi_bitbang.o
 .debug_ranges  0x00000000000002b8       0x40 ./Core/Src/stm32l0xx_hal_msp.o
 .debug_ranges  0x00000000000002f8       0x30 ./Core/Src/stm32l0xx_it.o
 .debug_ranges  0x0000000000000328       0x10 ./Core/Src/sysmem.o
 .debug_ranges  0x0000000000000338       0x18 ./Core/Src/system_stm32l0xx.o
 .debug_ranges  0x0000000000000350       0x20 ./Core/Startup/startup_stm32l071c8tx.o
 .debug_ranges  0x0000000000000370      0x100 ./Drivers/STM32L0xx_HAL_Driver/Src/stm32l0xx_hal.o
 .debug_ranges  0x0000000000000470       0xc8 ./Drivers/STM32L0xx_HAL_Driver/Src/stm32l0xx_hal_cortex.o
 .debug_ranges  0x0000000000000538       0x48 ./Drivers/STM32L0xx_HAL_Driver/Src/stm32l0xx_hal_gpio.o
 .debug_ranges  0x0000000000000580      0x280 ./Drivers/STM32L0xx_HAL_Driver/Src/stm32l0xx_hal_i2c.o
 .debug_ranges  0x0000000000000800       0x38 ./Drivers/STM32L0xx_HAL_Driver/Src/stm32l0xx_hal_i2c_ex.o
 .debug_ranges  0x0000000000000838       0x70 ./Drivers/STM32L0xx_HAL_Driver/Src/stm32l0xx_hal_rcc.o
 .debug_ranges  0x00000000000008a8       0x48 ./Drivers/STM32L0xx_HAL_Driver/Src/stm32l0xx_hal_rcc_ex.o
 .debug_ranges  0x00000000000008f0      0x1c0 ./Drivers/STM32L0xx_HAL_Driver/Src/stm32l0xx_hal_spi.o
 .debug_ranges  0x0000000000000ab0      0x248 ./Drivers/STM32L0xx_HAL_Driver/Src/stm32l0xx_hal_uart.o

.debug_macro    0x0000000000000000    0x14b4f
 .debug_macro   0x0000000000000000      0x3b5 ./Core/Src/arducam.o
 .debug_macro   0x00000000000003b5      0xa7e ./Core/Src/arducam.o
 .debug_macro   0x0000000000000e33      0x125 ./Core/Src/arducam.o
 .debug_macro   0x0000000000000f58       0x2e ./Core/Src/arducam.o
 .debug_macro   0x0000000000000f86       0x28 ./Core/Src/arducam.o
 .debug_macro   0x0000000000000fae       0x22 ./Core/Src/arducam.o
 .debug_macro   0x0000000000000fd0       0x8e ./Core/Src/arducam.o
 .debug_macro   0x000000000000105e       0x51 ./Core/Src/arducam.o
 .debug_macro   0x00000000000010af      0x103 ./Core/Src/arducam.o
 .debug_macro   0x00000000000011b2       0x6a ./Core/Src/arducam.o
 .debug_macro   0x000000000000121c      0x1df ./Core/Src/arducam.o
 .debug_macro   0x00000000000013fb       0x1c ./Core/Src/arducam.o
 .debug_macro   0x0000000000001417       0x22 ./Core/Src/arducam.o
 .debug_macro   0x0000000000001439       0xb5 ./Core/Src/arducam.o
 .debug_macro   0x00000000000014ee      0x4da ./Core/Src/arducam.o
 .debug_macro   0x00000000000019c8      0x11f ./Core/Src/arducam.o
 .debug_macro   0x0000000000001ae7     0x873b ./Core/Src/arducam.o
 .debug_macro   0x000000000000a222       0x66 ./Core/Src/arducam.o
 .debug_macro   0x000000000000a288     0x355c ./Core/Src/arducam.o
 .debug_macro   0x000000000000d7e4      0x174 ./Core/Src/arducam.o
 .debug_macro   0x000000000000d958       0x5b ./Core/Src/arducam.o
 .debug_macro   0x000000000000d9b3      0x8b5 ./Core/Src/arducam.o
 .debug_macro   0x000000000000e268      0x807 ./Core/Src/arducam.o
 .debug_macro   0x000000000000ea6f      0x197 ./Core/Src/arducam.o
 .debug_macro   0x000000000000ec06      0x13f ./Core/Src/arducam.o
 .debug_macro   0x000000000000ed45      0x1b5 ./Core/Src/arducam.o
 .debug_macro   0x000000000000eefa       0x82 ./Core/Src/arducam.o
 .debug_macro   0x000000000000ef7c      0x28e ./Core/Src/arducam.o
 .debug_macro   0x000000000000f20a      0x1e9 ./Core/Src/arducam.o
 .debug_macro   0x000000000000f3f3      0x13e ./Core/Src/arducam.o
 .debug_macro   0x000000000000f531      0x4b5 ./Core/Src/arducam.o
 .debug_macro   0x000000000000f9e6      0x22c ./Core/Src/arducam.o
 .debug_macro   0x000000000000fc12       0x5b ./Core/Src/arducam.o
 .debug_macro   0x000000000000fc6d       0xa5 ./Core/Src/arducam.o
 .debug_macro   0x000000000000fd12      0x18d ./Core/Src/arducam.o
 .debug_macro   0x000000000000fe9f       0x16 ./Core/Src/arducam.o
 .debug_macro   0x000000000000feb5      0x22c ./Core/Src/arducam.o
 .debug_macro   0x00000000000100e1      0x5ba ./Core/Src/arducam.o
 .debug_macro   0x000000000001069b       0x44 ./Core/Src/arducam.o
 .debug_macro   0x00000000000106df      0x170 ./Core/Src/arducam.o
 .debug_macro   0x000000000001084f       0x22 ./Core/Src/arducam.o
 .debug_macro   0x0000000000010871       0x52 ./Core/Src/arducam.o
 .debug_macro   0x00000000000108c3       0x18 ./Core/Src/arducam.o
 .debug_macro   0x00000000000108db       0x3c ./Core/Src/arducam.o
 .debug_macro   0x0000000000010917       0x34 ./Core/Src/arducam.o
 .debug_macro   0x000000000001094b       0x16 ./Core/Src/arducam.o
 .debug_macro   0x0000000000010961       0x35 ./Core/Src/arducam.o
 .debug_macro   0x0000000000010996      0x333 ./Core/Src/arducam.o
 .debug_macro   0x0000000000010cc9       0x10 ./Core/Src/arducam.o
 .debug_macro   0x0000000000010cd9       0x16 ./Core/Src/arducam.o
 .debug_macro   0x0000000000010cef       0x43 ./Core/Src/arducam.o
 .debug_macro   0x0000000000010d32       0x34 ./Core/Src/arducam.o
 .debug_macro   0x0000000000010d66       0x10 ./Core/Src/arducam.o
 .debug_macro   0x0000000000010d76       0x58 ./Core/Src/arducam.o
 .debug_macro   0x0000000000010dce       0x71 ./Core/Src/arducam.o
 .debug_macro   0x0000000000010e3f       0x1c ./Core/Src/arducam.o
 .debug_macro   0x0000000000010e5b      0x12a ./Core/Src/arducam.o
 .debug_macro   0x0000000000010f85       0x10 ./Core/Src/arducam.o
 .debug_macro   0x0000000000010f95       0x1c ./Core/Src/arducam.o
 .debug_macro   0x0000000000010fb1       0x52 ./Core/Src/arducam.o
 .debug_macro   0x0000000000011003       0x22 ./Core/Src/arducam.o
 .debug_macro   0x0000000000011025       0x10 ./Core/Src/arducam.o
 .debug_macro   0x0000000000011035       0x40 ./Core/Src/arducam.o
 .debug_macro   0x0000000000011075       0xd5 ./Core/Src/arducam.o
 .debug_macro   0x000000000001114a       0x1c ./Core/Src/arducam.o
 .debug_macro   0x0000000000011166       0x3d ./Core/Src/arducam.o
 .debug_macro   0x00000000000111a3       0x16 ./Core/Src/arducam.o
 .debug_macro   0x00000000000111b9      0x145 ./Core/Src/arducam.o
 .debug_macro   0x00000000000112fe       0xdc ./Core/Src/arducam.o
 .debug_macro   0x00000000000113da       0x3a ./Core/Src/arducam.o
 .debug_macro   0x0000000000011414       0x16 ./Core/Src/arducam.o
 .debug_macro   0x000000000001142a       0x20 ./Core/Src/arducam.o
 .debug_macro   0x000000000001144a      0x3b1 ./Core/Src/cli.o
 .debug_macro   0x00000000000117fb       0x4c ./Core/Src/cli.o
 .debug_macro   0x0000000000011847       0x94 ./Core/Src/cli.o
 .debug_macro   0x00000000000118db       0x57 ./Core/Src/cli.o
 .debug_macro   0x0000000000011932       0x97 ./Core/Src/cli.o
 .debug_macro   0x00000000000119c9      0x339 ./Core/Src/cli.o
 .debug_macro   0x0000000000011d02       0xfd ./Core/Src/cli.o
 .debug_macro   0x0000000000011dff      0x119 ./Core/Src/cli.o
 .debug_macro   0x0000000000011f18       0xaf ./Core/Src/cli.o
 .debug_macro   0x0000000000011fc7       0x55 ./Core/Src/cli.o
 .debug_macro   0x000000000001201c       0xa6 ./Core/Src/cli.o
 .debug_macro   0x00000000000120c2       0x2e ./Core/Src/cli.o
 .debug_macro   0x00000000000120f0       0x97 ./Core/Src/cli.o
 .debug_macro   0x0000000000012187      0x3ad ./Core/Src/main.o
 .debug_macro   0x0000000000012534       0xa0 ./Core/Src/main.o
 .debug_macro   0x00000000000125d4       0x52 ./Core/Src/main.o
 .debug_macro   0x0000000000012626      0x1e0 ./Core/Src/nand_m79a.o
 .debug_macro   0x0000000000012806      0x1d6 ./Core/Src/nand_m79a_lld.o
 .debug_macro   0x00000000000129dc      0x1cd ./Core/Src/nand_spi.o
 .debug_macro   0x0000000000012ba9      0x38c ./Core/Src/sccb.o
 .debug_macro   0x0000000000012f35      0x1dc ./Core/Src/spi_bitbang.o
 .debug_macro   0x0000000000013111       0x4c ./Core/Src/spi_bitbang.o
 .debug_macro   0x000000000001315d      0x1d3 ./Core/Src/stm32l0xx_hal_msp.o
 .debug_macro   0x0000000000013330      0x1dd ./Core/Src/stm32l0xx_it.o
 .debug_macro   0x000000000001350d       0xff ./Core/Src/sysmem.o
 .debug_macro   0x000000000001360c      0x23b ./Core/Src/sysmem.o
 .debug_macro   0x0000000000013847      0x1c4 ./Core/Src/system_stm32l0xx.o
 .debug_macro   0x0000000000013a0b      0x1e8 ./Drivers/STM32L0xx_HAL_Driver/Src/stm32l0xx_hal.o
 .debug_macro   0x0000000000013bf3      0x1c4 ./Drivers/STM32L0xx_HAL_Driver/Src/stm32l0xx_hal_cortex.o
 .debug_macro   0x0000000000013db7      0x1cb ./Drivers/STM32L0xx_HAL_Driver/Src/stm32l0xx_hal_gpio.o
 .debug_macro   0x0000000000013f82      0x289 ./Drivers/STM32L0xx_HAL_Driver/Src/stm32l0xx_hal_i2c.o
 .debug_macro   0x000000000001420b      0x1c4 ./Drivers/STM32L0xx_HAL_Driver/Src/stm32l0xx_hal_i2c_ex.o
 .debug_macro   0x00000000000143cf      0x1fa ./Drivers/STM32L0xx_HAL_Driver/Src/stm32l0xx_hal_rcc.o
 .debug_macro   0x00000000000145c9      0x1c4 ./Drivers/STM32L0xx_HAL_Driver/Src/stm32l0xx_hal_rcc_ex.o
 .debug_macro   0x000000000001478d      0x1d3 ./Drivers/STM32L0xx_HAL_Driver/Src/stm32l0xx_hal_spi.o
 .debug_macro   0x0000000000014960      0x1ef ./Drivers/STM32L0xx_HAL_Driver/Src/stm32l0xx_hal_uart.o

.debug_line     0x0000000000000000    0x12f68
 .debug_line    0x0000000000000000      0xeeb ./Core/Src/arducam.o
 .debug_line    0x0000000000000eeb      0xdb0 ./Core/Src/cli.o
 .debug_line    0x0000000000001c9b      0xba3 ./Core/Src/main.o
 .debug_line    0x000000000000283e      0x794 ./Core/Src/nand_m79a.o
 .debug_line    0x0000000000002fd2      0x97f ./Core/Src/nand_m79a_lld.o
 .debug_line    0x0000000000003951      0x7bb ./Core/Src/nand_spi.o
 .debug_line    0x000000000000410c      0x999 ./Core/Src/sccb.o
 .debug_line    0x0000000000004aa5      0x937 ./Core/Src/spi_bitbang.o
 .debug_line    0x00000000000053dc      0x7ea ./Core/Src/stm32l0xx_hal_msp.o
 .debug_line    0x0000000000005bc6      0x74a ./Core/Src/stm32l0xx_it.o